Component: ARM Compiler 5.06 update 7 (build 960) Tool: armlink [4d3601]

==============================================================================

Section Cross References

    main.o(i.main) refers to delay.o(i.delay_init) for delay_init
    main.o(i.main) refers to bsp_usart.o(i.USART_Config) for USART_Config
    main.o(i.main) refers to bsp_usart.o(i.Max485_init) for Max485_init
    main.o(i.main) refers to rtc.o(i.RTC_Init) for RTC_Init
    main.o(i.main) refers to cd4052.o(i.CD4052_Init) for CD4052_Init
    main.o(i.main) refers to spi_dma.o(i.SPI2_Init) for SPI2_Init
    main.o(i.main) refers to spi_dma.o(i.DMA_SPI_Init) for DMA_SPI_Init
    main.o(i.main) refers to tm7705.o(i.TM7705_Init) for TM7705_Init
    main.o(i.main) refers to tm7705.o(i.DRDYINT_Init) for DRDYINT_Init
    main.o(i.main) refers to main.o(.bss) for .bss
    stm32f10x_it.o(i.RTC_IRQHandler) refers to _printf_percent.o(.ARM.Collect$$_printf_percent$$00000000) for _printf_percent
    stm32f10x_it.o(i.RTC_IRQHandler) refers to _printf_s.o(.ARM.Collect$$_printf_percent$$00000014) for _printf_s
    stm32f10x_it.o(i.RTC_IRQHandler) refers to _printf_str.o(.text) for _printf_str
    stm32f10x_it.o(i.RTC_IRQHandler) refers to stm32f10x_rtc.o(i.RTC_GetITStatus) for RTC_GetITStatus
    stm32f10x_it.o(i.RTC_IRQHandler) refers to stm32f10x_rtc.o(i.RTC_ClearITPendingBit) for RTC_ClearITPendingBit
    stm32f10x_it.o(i.RTC_IRQHandler) refers to rtc.o(i.RTC_ReadTime) for RTC_ReadTime
    stm32f10x_it.o(i.RTC_IRQHandler) refers to __2printf.o(.text) for __2printf
    stm32f10x_it.o(i.RTC_IRQHandler) refers to stm32f10x_usart.o(i.USART_GetFlagStatus) for USART_GetFlagStatus
    stm32f10x_it.o(i.RTC_IRQHandler) refers to stm32f10x_rtc.o(i.RTC_WaitForLastTask) for RTC_WaitForLastTask
    stm32f10x_it.o(i.RTC_IRQHandler) refers to rtc.o(.data) for time_str
    stm32f10x_it.o(i.USART3_IRQHandler) refers to stm32f10x_usart.o(i.USART_GetITStatus) for USART_GetITStatus
    stm32f10x_it.o(i.USART3_IRQHandler) refers to stm32f10x_usart.o(i.USART_ClearFlag) for USART_ClearFlag
    stm32f10x_it.o(i.USART3_IRQHandler) refers to stm32f10x_usart.o(i.USART_ReceiveData) for USART_ReceiveData
    stm32f10x_it.o(i.USART3_IRQHandler) refers to stm32f10x_it.o(.data) for .data
    system_stm32f10x.o(i.SystemCoreClockUpdate) refers to system_stm32f10x.o(.data) for .data
    system_stm32f10x.o(i.SystemInit) refers to system_stm32f10x.o(i.SetSysClockTo72) for SetSysClockTo72
    delay.o(i.delay_init) refers to misc.o(i.SysTick_CLKSourceConfig) for SysTick_CLKSourceConfig
    delay.o(i.delay_init) refers to system_stm32f10x.o(.data) for SystemCoreClock
    delay.o(i.delay_init) refers to delay.o(.data) for .data
    delay.o(i.delay_ms) refers to delay.o(.data) for .data
    delay.o(i.delay_us) refers to delay.o(.data) for .data
    bsp_usart.o(i.Max485_init) refers (Special) to use_no_semi_2.o(.text) for __use_no_semihosting
    bsp_usart.o(i.Max485_init) refers to stm32f10x_gpio.o(i.GPIO_Init) for GPIO_Init
    bsp_usart.o(i.USART_Config) refers (Special) to use_no_semi_2.o(.text) for __use_no_semihosting
    bsp_usart.o(i.USART_Config) refers to stm32f10x_rcc.o(i.RCC_APB2PeriphClockCmd) for RCC_APB2PeriphClockCmd
    bsp_usart.o(i.USART_Config) refers to stm32f10x_rcc.o(i.RCC_APB1PeriphClockCmd) for RCC_APB1PeriphClockCmd
    bsp_usart.o(i.USART_Config) refers to stm32f10x_gpio.o(i.GPIO_Init) for GPIO_Init
    bsp_usart.o(i.USART_Config) refers to stm32f10x_usart.o(i.USART_Init) for USART_Init
    bsp_usart.o(i.USART_Config) refers to misc.o(i.NVIC_PriorityGroupConfig) for NVIC_PriorityGroupConfig
    bsp_usart.o(i.USART_Config) refers to misc.o(i.NVIC_Init) for NVIC_Init
    bsp_usart.o(i.USART_Config) refers to stm32f10x_usart.o(i.USART_ITConfig) for USART_ITConfig
    bsp_usart.o(i.USART_Config) refers to stm32f10x_usart.o(i.USART_Cmd) for USART_Cmd
    bsp_usart.o(i.Usart_SendArray) refers (Special) to use_no_semi_2.o(.text) for __use_no_semihosting
    bsp_usart.o(i.Usart_SendArray) refers to bsp_usart.o(i.Usart_SendByte) for Usart_SendByte
    bsp_usart.o(i.Usart_SendArray) refers to stm32f10x_usart.o(i.USART_GetFlagStatus) for USART_GetFlagStatus
    bsp_usart.o(i.Usart_SendByte) refers (Special) to use_no_semi_2.o(.text) for __use_no_semihosting
    bsp_usart.o(i.Usart_SendByte) refers to stm32f10x_usart.o(i.USART_SendData) for USART_SendData
    bsp_usart.o(i.Usart_SendByte) refers to stm32f10x_usart.o(i.USART_GetFlagStatus) for USART_GetFlagStatus
    bsp_usart.o(i.Usart_SendHalfWord) refers (Special) to use_no_semi_2.o(.text) for __use_no_semihosting
    bsp_usart.o(i.Usart_SendHalfWord) refers to stm32f10x_usart.o(i.USART_SendData) for USART_SendData
    bsp_usart.o(i.Usart_SendHalfWord) refers to stm32f10x_usart.o(i.USART_GetFlagStatus) for USART_GetFlagStatus
    bsp_usart.o(i.Usart_SendStr) refers (Special) to use_no_semi_2.o(.text) for __use_no_semihosting
[...]
    i.CD4052_Init                            0x08002240   Section        0  cd4052.o(i.CD4052_Init)
    i.DMA_ClearFlag                          0x0800226c   Section        0  stm32f10x_dma.o(i.DMA_ClearFlag)
    i.DMA_Cmd                                0x08002284   Section        0  stm32f10x_dma.o(i.DMA_Cmd)
    i.DMA_DeInit                             0x0800229c   Section        0  stm32f10x_dma.o(i.DMA_DeInit)
    i.DMA_GetFlagStatus                      0x08002380   Section        0  stm32f10x_dma.o(i.DMA_GetFlagStatus)
    i.DMA_Init                               0x080023a0   Section        0  stm32f10x_dma.o(i.DMA_Init)
    i.DMA_ReadData                           0x080023da   Section        0  tm7705.o(i.DMA_ReadData)
    i.DMA_SPI_Init                           0x080023f4   Section        0  spi_dma.o(i.DMA_SPI_Init)
    i.DMA_SetCurrDataCounter                 0x08002454   Section        0  stm32f10x_dma.o(i.DMA_SetCurrDataCounter)
    i.DMA_Transfer                           0x08002458   Section        0  spi_dma.o(i.DMA_Transfer)
    i.DRDYINT_Init                           0x0800249c   Section        0  tm7705.o(i.DRDYINT_Init)
    i.DebugMon_Handler                       0x08002504   Section        0  stm32f10x_it.o(i.DebugMon_Handler)
    i.EXTI15_10_IRQHandler                   0x08002506   Section        0  tm7705.o(i.EXTI15_10_IRQHandler)
    i.EXTI_ClearITPendingBit                 0x08002518   Section        0  stm32f10x_exti.o(i.EXTI_ClearITPendingBit)
    i.EXTI_Init                              0x08002524   Section        0  stm32f10x_exti.o(i.EXTI_Init)
    i.GPIO_EXTILineConfig                    0x08002594   Section        0  stm32f10x_gpio.o(i.GPIO_EXTILineConfig)
    i.GPIO_Init                              0x080025bc   Section        0  stm32f10x_gpio.o(i.GPIO_Init)
    i.GPIO_ReadInputDataBit                  0x08002658   Section        0  stm32f10x_gpio.o(i.GPIO_ReadInputDataBit)
    i.HardFault_Handler                      0x08002666   Section        0  stm32f10x_it.o(i.HardFault_Handler)
    i.Max485_init                            0x08002668   Section        0  bsp_usart.o(i.Max485_init)
    i.MemManage_Handler                      0x0800268c   Section        0  stm32f10x_it.o(i.MemManage_Handler)
    i.NMI_Handler                            0x0800268e   Section        0  stm32f10x_it.o(i.NMI_Handler)
    i.NVIC_Init                              0x08002690   Section        0  misc.o(i.NVIC_Init)
    i.NVIC_PriorityGroupConfig               0x080026f4   Section        0  misc.o(i.NVIC_PriorityGroupConfig)
    i.PWR_BackupAccessCmd                    0x08002708   Section        0  stm32f10x_pwr.o(i.PWR_BackupAccessCmd)
    i.PendSV_Handler                         0x08002714   Section        0  stm32f10x_it.o(i.PendSV_Handler)
    i.RCC_AHBPeriphClockCmd                  0x08002718   Section        0  stm32f10x_rcc.o(i.RCC_AHBPeriphClockCmd)
    i.RCC_APB1PeriphClockCmd                 0x08002730   Section        0  stm32f10x_rcc.o(i.RCC_APB1PeriphClockCmd)
    i.RCC_APB2PeriphClockCmd                 0x08002748   Section        0  stm32f10x_rcc.o(i.RCC_APB2PeriphClockCmd)
    i.RCC_BackupResetCmd                     0x08002760   Section        0  stm32f10x_rcc.o(i.RCC_BackupResetCmd)
    i.RCC_GetClocksFreq                      0x0800276c   Section        0  stm32f10x_rcc.o(i.RCC_GetClocksFreq)
    i.RCC_GetFlagStatus                      0x08002800   Section        0  stm32f10x_rcc.o(i.RCC_GetFlagStatus)
    i.RCC_LSEConfig                          0x08002830   Section        0  stm32f10x_rcc.o(i.RCC_LSEConfig)
    i.RCC_RTCCLKCmd                          0x08002850   Section        0  stm32f10x_rcc.o(i.RCC_RTCCLKCmd)
    i.RCC_RTCCLKConfig                       0x0800285c   Section        0  stm32f10x_rcc.o(i.RCC_RTCCLKConfig)
    i.RTC_ClearITPendingBit                  0x0800286c   Section        0  stm32f10x_rtc.o(i.RTC_ClearITPendingBit)
    i.RTC_Configuration                      0x0800287c   Section        0  rtc.o(i.RTC_Configuration)
    i.RTC_EnterConfigMode                    0x08002950   Section        0  stm32f10x_rtc.o(i.RTC_EnterConfigMode)
    i.RTC_ExitConfigMode                     0x08002960   Section        0  stm32f10x_rtc.o(i.RTC_ExitConfigMode)
    i.RTC_GetCounter                         0x08002970   Section        0  stm32f10x_rtc.o(i.RTC_GetCounter)
    i.RTC_GetITStatus                        0x08002984   Section        0  stm32f10x_rtc.o(i.RTC_GetITStatus)
    i.RTC_IRQHandler                         0x080029a4   Section        0  stm32f10x_it.o(i.RTC_IRQHandler)
    i.RTC_ITConfig                           0x08002a20   Section        0  stm32f10x_rtc.o(i.RTC_ITConfig)
    i.RTC_Init                               0x08002a38   Section        0  rtc.o(i.RTC_Init)
    i.RTC_NVIC_Configuration                 0x08002ba8   Section        0  rtc.o(i.RTC_NVIC_Configuration)
    i.RTC_ReadTime                           0x08002bd0   Section        0  rtc.o(i.RTC_ReadTime)
    i.RTC_SetCounter                         0x08002c10   Section        0  stm32f10x_rtc.o(i.RTC_SetCounter)
    i.RTC_SetPrescaler                       0x08002c30   Section        0  stm32f10x_rtc.o(i.RTC_SetPrescaler)
    i.RTC_WaitForLastTask                    0x08002c50   Section        0  stm32f10x_rtc.o(i.RTC_WaitForLastTask)
    i.RTC_WaitForSynchro                     0x08002c60   Section        0  stm32f10x_rtc.o(i.RTC_WaitForSynchro)
    i.SPI2_Init                              0x08002c78   Section        0  spi_dma.o(i.SPI2_Init)
    i.SPI2_ReadWriteByte                     0x08002d14   Section        0  spi_dma.o(i.SPI2_ReadWriteByte)
    i.SPI_Cmd                                0x08002d64   Section        0  stm32f10x_spi.o(i.SPI_Cmd)
    i.SPI_I2S_DMACmd                         0x08002d78   Section        0  stm32f10x_spi.o(i.SPI_I2S_DMACmd)
    i.SPI_I2S_GetFlagStatus                  0x08002d88   Section        0  stm32f10x_spi.o(i.SPI_I2S_GetFlagStatus)
    i.SPI_I2S_ReceiveData                    0x08002d96   Section        0  stm32f10x_spi.o(i.SPI_I2S_ReceiveData)
    i.SPI_I2S_SendData                       0x08002d9a   Section        0  stm32f10x_spi.o(i.SPI_I2S_SendData)
    i.SPI_Init                               0x08002d9e   Section        0  stm32f10x_spi.o(i.SPI_Init)
    i.SVC_Handler                            0x08002dd6   Section        0  stm32f10x_it.o(i.SVC_Handler)
    i.SetSysClockTo72                        0x08002dd8   Section        0  system_stm32f10x.o(i.SetSysClockTo72)
    SetSysClockTo72                          0x08002dd9   Thumb Code   160  system_stm32f10x.o(i.SetSysClockTo72)
    i.SysTick_CLKSourceConfig                0x08002e80   Section        0  misc.o(i.SysTick_CLKSourceConfig)
    i.SysTick_Handler                        0x08002e98   Section        0  stm32f10x_it.o(i.SysTick_Handler)
    i.SystemInit                             0x08002e9c   Section        0  system_stm32f10x.o(i.SystemInit)
    i.TM7705_Calibself                       0x08002eec   Section        0  tm7705.o(i.TM7705_Calibself)
    i.TM7705_Init                            0x08002fb0   Section        0  tm7705.o(i.TM7705_Init)
    i.TM7705_WriteReg                        0x08003014   Section        0  tm7705.o(i.TM7705_WriteReg)
    i.Time_Adjust                            0x08003028   Section        0  rtc.o(i.Time_Adjust)
    i.USART3_IRQHandler                      0x0800306c   Section        0  stm32f10x_it.o(i.USART3_IRQHandler)
    i.USART_ClearFlag                        0x0800309c   Section        0  stm32f10x_usart.o(i.USART_ClearFlag)
    i.USART_Cmd                              0x080030a2   Section        0  stm32f10x_usart.o(i.USART_Cmd)
    i.USART_Config                           0x080030b8   Section        0  bsp_usart.o(i.USART_Config)
    i.USART_GetFlagStatus                    0x08003168   Section        0  stm32f10x_usart.o(i.USART_GetFlagStatus)
    i.USART_GetITStatus                      0x08003176   Section        0  stm32f10x_usart.o(i.USART_GetITStatus)
    i.USART_ITConfig                         0x080031b4   Section        0  stm32f10x_usart.o(i.USART_ITConfig)
    i.USART_Init                             0x080031e4   Section        0  stm32f10x_usart.o(i.USART_Init)
    i.USART_ReceiveData                      0x08003290   Section        0  stm32f10x_usart.o(i.USART_ReceiveData)
    i.USART_SendData                         0x08003298   Section        0  stm32f10x_usart.o(i.USART_SendData)
    i.UsageFault_Handler                     0x080032a0   Section        0  stm32f10x_it.o(i.UsageFault_Handler)
    i.__ARM_fpclassify                       0x080032a2   Section        0  fpclassify.o(i.__ARM_fpclassify)
    i._is_digit                              0x080032ca   Section        0  __printf_wp.o(i._is_digit)
    i._sys_exit                              0x080032d8   Section        0  bsp_usart.o(i._sys_exit)
    i.delay_init                             0x080032dc   Section        0  delay.o(i.delay_init)
    i.delay_ms                               0x08003318   Section        0  delay.o(i.delay_ms)
    i.fputc                                  0x0800334c   Section        0  bsp_usart.o(i.fputc)
    i.main                                   0x08003370   Section        0  main.o(i.main)
    locale$$code                             0x080033b4   Section       44  lc_time_c.o(locale$$code)
    locale$$code                             0x080033e0   Section       44  lc_numeric_c.o(locale$$code)
    locale$$code                             0x0800340c   Section       44  lc_ctype_c.o(locale$$code)
    x$fpl$printf1                            0x08003438   Section        4  printf1.o(x$fpl$printf1)
    x$fpl$printf2                            0x0800343c   Section        4  printf2.o(x$fpl$printf2)
    .constdata                               0x08003440   Section       17  __printf_flags_ss_wp.o(.constdata)
    x$fpl$usenofp                            0x08003440   Section        0  usenofp.o(x$fpl$usenofp)
    maptable                                 0x08003440   Data          17  __printf_flags_ss_wp.o(.constdata)
    .constdata                               0x08003451   Section       12  _monlen.o(.constdata)
    .constdata                               0x08003460   Section        8  _printf_wctomb.o(.constdata)
    initial_mbstate                          0x08003460   Data           8  _printf_wctomb.o(.constdata)
    .constdata                               0x08003468   Section       40  _printf_hex_int_ll_ptr.o(.constdata)
    uc_hextab                                0x08003468   Data          20  _printf_hex_int_ll_ptr.o(.constdata)
    lc_hextab                                0x0800347c   Data          20  _printf_hex_int_ll_ptr.o(.constdata)
    .constdata                               0x08003490   Section       38  _printf_fp_hex.o(.constdata)
    lc_hextab                                0x08003490   Data          19  _printf_fp_hex.o(.constdata)
    uc_hextab                                0x080034a3   Data          19  _printf_fp_hex.o(.constdata)
    .constdata                               0x080034b8   Section      148  bigflt0.o(.constdata)
    tenpwrs_x                                0x080034b8   Data          60  bigflt0.o(.constdata)
    tenpwrs_i                                0x080034f4   Data          64  bigflt0.o(.constdata)
    locale$$data                             0x0800356c   Section      384  lc_time_c.o(locale$$data)
    __lctime_c_name                          0x08003570   Data           2  lc_time_c.o(locale$$data)
    __lctime_c_start                         0x08003578   Data           0  lc_time_c.o(locale$$data)
    __lctime_c_week_short                    0x080035b0   Data           0  lc_time_c.o(locale$$data)
    __lctime_c_week_long                     0x080035cc   Data           0  lc_time_c.o(locale$$data)
    __lctime_c_month_short                   0x08003611   Data           0  lc_time_c.o(locale$$data)
    __lctime_c_month_long                    0x08003641   Data           0  lc_time_c.o(locale$$data)
    __lctime_c_am                            0x080036b8   Data           0  lc_time_c.o(locale$$data)
    __lctime_c_pm                            0x080036bb   Data           0  lc_time_c.o(locale$$data)
    __lctime_c_datetime                      0x080036be   Data           0  lc_time_c.o(locale$$data)
    __lctime_c_date                          0x080036cd   Data           0  lc_time_c.o(locale$$data)
    __lctime_c_time                          0x080036d6   Data           0  lc_time_c.o(locale$$data)
    __lctime_c_12hrtime                      0x080036df   Data           0  lc_time_c.o(locale$$data)
    locale$$data                             0x080036ec   Section       28  lc_numeric_c.o(locale$$data)
    __lctime_c_end                           0x080036ec   Data           0  lc_time_c.o(locale$$data)
    __lcnum_c_name                           0x080036f0   Data           2  lc_numeric_c.o(locale$$data)
    __lcnum_c_start                          0x080036f8   Data           0  lc_numeric_c.o(locale$$data)
    __lcnum_c_point                          0x08003704   Data           0  lc_numeric_c.o(locale$$data)
    __lcnum_c_thousands                      0x08003706   Data           0  lc_numeric_c.o(locale$$data)
    __lcnum_c_grouping                       0x08003707   Data           0  lc_numeric_c.o(locale$$data)
    locale$$data                             0x08003708   Section      272  lc_ctype_c.o(locale$$data)
    __lcnum_c_end                            0x08003708   Data           0  lc_numeric_c.o(locale$$data)
    __lcctype_c_name                         0x0800370c   Data           2  lc_ctype_c.o(locale$$data)
    __lcctype_c_start                        0x08003714   Data           0  lc_ctype_c.o(locale$$data)
    __lcctype_c_end                          0x08003818   Data           0  lc_ctype_c.o(locale$$data)
    .data                                    0x20000000   Section        1  stm32f10x_it.o(.data)
    .data                                    0x20000004   Section       20  system_stm32f10x.o(.data)
    .data                                    0x20000018   Section        4  delay.o(.data)
    fac_us                                   0x20000018   Data           1  delay.o(.data)
    fac_ms                                   0x2000001a   Data           2  delay.o(.data)
    .data                                    0x2000001c   Section        4  bsp_usart.o(.data)
    .data                                    0x20000020   Section       20  stm32f10x_rcc.o(.data)
    ADCPrescTable                            0x20000020   Data           4  stm32f10x_rcc.o(.data)
    APBAHBPrescTable                         0x20000024   Data          16  stm32f10x_rcc.o(.data)
    .data                                    0x20000034   Section       12  rtc.o(.data)
    .data                                    0x20000040   Section        4  rtc.o(.data)
    .data                                    0x20000044   Section        4  spi_dma.o(.data)
    .bss                                     0x20000048   Section       64  main.o(.bss)
    .bss                                     0x20000088   Section       80  rtc.o(.bss)
    tm_str                                   0x20000088   Data          80  rtc.o(.bss)
    .bss                                     0x200000d8   Section       44  localtime.o(.bss)
    _tms                                     0x200000d8   Data          44  localtime.o(.bss)
    .bss                                     0x20000104   Section       96  libspace.o(.bss)
    HEAP                                     0x20000168   Section      512  startup_stm32f10x_hd.o(HEAP)
    Heap_Mem                                 0x20000168   Data         512  startup_stm32f10x_hd.o(HEAP)
    STACK                                    0x20000368   Section     1024  startup_stm32f10x_hd.o(STACK)
    Stack_Mem                                0x20000368   Data        1024  startup_stm32f10x_hd.o(STACK)
    __initial_sp                             0x20000768   Data           0  startup_stm32f10x_hd.o(STACK)

    Global Symbols

    Symbol Name                              Value     Ov Type        Size  Object(Section)

    BuildAttributes$$THM_ISAv4$P$D$K$B$S$PE$A:L22UL41UL21$X:L11$S22US41US21$IEEE1$IW$USESV6$~STKCKD$USESV7$~SHL$OTIME$ROPI$IEEEJ$EBA8$UX$STANDARDLIB$REQ8$PRES8$EABIv2 0x00000000   Number         0  anon$$obj.o ABSOLUTE
    __ARM_use_no_argv                        0x00000000   Number         0  main.o ABSOLUTE
    _printf_flags                            0x00000000   Number         0  printf_stubs.o ABSOLUTE
    _printf_return_value                     0x00000000   Number         0  printf_stubs.o ABSOLUTE
    _printf_sizespec                         0x00000000   Number         0  printf_stubs.o ABSOLUTE
    _printf_widthprec                        0x00000000   Number         0  printf_stubs.o ABSOLUTE
    __ARM_exceptions_init                     - Undefined Weak Reference
    __alloca_initialize                       - Undefined Weak Reference
    __arm_fini_                               - Undefined Weak Reference
    __arm_preinit_                            - Undefined Weak Reference
    __cpp_initialize__aeabi_                  - Undefined Weak Reference
    __cxa_finalize                            - Undefined Weak Reference
    __sigvec_lookup                           - Undefined Weak Reference
    _atexit_init                              - Undefined Weak Reference
    _call_atexit_fns                          - Undefined Weak Reference
    _clock_init                               - Undefined Weak Reference
    _fp_trap_init                             - Undefined Weak Reference
    _fp_trap_shutdown                         - Undefined Weak Reference
    _get_lc_collate                           - Undefined Weak Reference
    _get_lc_monetary                          - Undefined Weak Reference
    _getenv_init                              - Undefined Weak Reference
    _handle_redirection                       - Undefined Weak Reference
    _init_alloc                               - Undefined Weak Reference
    _init_user_alloc                          - Undefined Weak Reference
    _initio                                   - Undefined Weak Reference
    _mutex_acquire                            - Undefined Weak Reference
    _mutex_release                            - Undefined Weak Reference
    _printf_mbtowc                            - Undefined Weak Reference
    _printf_wc                                - Undefined Weak Reference
    _rand_init                                - Undefined Weak Reference
    _signal_finish                            - Undefined Weak Reference
    _signal_init                              - Undefined Weak Reference
    _terminate_alloc                          - Undefined Weak Reference
    _terminate_user_alloc                     - Undefined Weak Reference
    _terminateio                              - Undefined Weak Reference
    __Vectors_Size                           0x00000130   Number         0  startup_stm32f10x_hd.o ABSOLUTE
    __Vectors                                0x08000000   Data           4  startup_stm32f10x_hd.o(RESET)
    __Vectors_End                            0x08000130   Data           0  startup_stm32f10x_hd.o(RESET)
    __main                                   0x08000131   Thumb Code     8  __main.o(!!!main)
    __scatterload                            0x08000139   Thumb Code     0  __scatter.o(!!!scatter)
    __scatterload_rt2                        0x08000139   Thumb Code    44  __scatter.o(!!!scatter)
    __scatterload_rt2_thumb_only             0x08000139   Thumb Code     0  __scatter.o(!!!scatter)
    __scatterload_null                       0x08000147   Thumb Code     0  __scatter.o(!!!scatter)
    __scatterload_copy                       0x0800016d   Thumb Code    26  __scatter_copy.o(!!handler_copy)
    __scatterload_zeroinit                   0x08000189   Thumb Code    28  __scatter_zi.o(!!handler_zi)
    _printf_n                                0x080001a5   Thumb Code     0  _printf_n.o(.ARM.Collect$$_printf_percent$$00000001)
    _printf_percent                          0x080001a5   Thumb Code     0  _printf_percent.o(.ARM.Collect$$_printf_percent$$00000000)
    _printf_p                                0x080001ab   Thumb Code     0  _printf_p.o(.ARM.Collect$$_printf_percent$$00000002)
    _printf_f                                0x080001b1   Thumb Code     0  _printf_f.o(.ARM.Collect$$_printf_percent$$00000003)
    _printf_e                                0x080001b7   Thumb Code     0  _printf_e.o(.ARM.Collect$$_printf_percent$$00000004)
    _printf_g                                0x080001bd   Thumb Code     0  _printf_g.o(.ARM.Collect$$_printf_percent$$00000005)
    _printf_a                                0x080001c3   Thumb Code     0  _printf_a.o(.ARM.Collect$$_printf_percent$$00000006)
    _printf_ll                               0x080001c9   Thumb Code     0  _printf_ll.o(.ARM.Collect$$_printf_percent$$00000007)
    _printf_i                                0x080001d3   Thumb Code     0  _printf_i.o(.ARM.Collect$$_printf_percent$$00000008)
    _printf_d                                0x080001d9   Thumb Code     0  _printf_d.o(.ARM.Collect$$_printf_percent$$00000009)
    _printf_u                                0x080001df   Thumb Code     0  _printf_u.o(.ARM.Collect$$_printf_percent$$0000000A)
    _printf_o                                0x080001e5   Thumb Code     0  _printf_o.o(.ARM.Collect$$_printf_percent$$0000000B)
    _printf_x                                0x080001eb   Thumb Code     0  _printf_x.o(.ARM.Collect$$_printf_percent$$0000000C)
    _printf_lli                              0x080001f1   Thumb Code     0  _printf_lli.o(.ARM.Collect$$_printf_percent$$0000000D)
    _printf_lld                              0x080001f7   Thumb Code     0  _printf_lld.o(.ARM.Collect$$_printf_percent$$0000000E)
    _printf_llu                              0x080001fd   Thumb Code     0  _printf_llu.o(.ARM.Collect$$_printf_percent$$0000000F)
    _printf_llo                              0x08000203   Thumb Code     0  _printf_llo.o(.ARM.Collect$$_printf_percent$$00000010)
    _printf_llx                              0x08000209   Thumb Code     0  _printf_llx.o(.ARM.Collect$$_printf_percent$$00000011)
    _printf_l                                0x0800020f   Thumb Code     0  _printf_l.o(.ARM.Collect$$_printf_percent$$00000012)
    _printf_c                                0x08000219   Thumb Code     0  _printf_c.o(.ARM.Collect$$_printf_percent$$00000013)
    _printf_s                                0x0800021f   Thumb Code     0  _printf_s.o(.ARM.Collect$$_printf_percent$$00000014)
    _printf_lc                               0x08000225   Thumb Code     0  _printf_lc.o(.ARM.Collect$$_printf_percent$$00000015)
    _printf_ls                               0x0800022b   Thumb Code     0  _printf_ls.o(.ARM.Collect$$_printf_percent$$00000016)
    _printf_percent_end                      0x08000231   Thumb Code     0  _printf_percent_end.o(.ARM.Collect$$_printf_percent$$00000017)
    __rt_lib_init                            0x08000235   Thumb Code     0  libinit.o(.ARM.Collect$$libinit$$00000000)
    __rt_lib_init_fp_1                       0x08000237   Thumb Code     0  libinit2.o(.ARM.Collect$$libinit$$00000002)
    __rt_lib_init_heap_1                     0x08000237   Thumb Code     0  libinit2.o(.ARM.Collect$$libinit$$0000000A)
    __rt_lib_init_lc_common                  0x08000237   Thumb Code     0  libinit2.o(.ARM.Collect$$libinit$$0000000F)
    __rt_lib_init_preinit_1                  0x08000237   Thumb Code     0  libinit2.o(.ARM.Collect$$libinit$$00000004)
    __rt_lib_init_rand_1                     0x08000237   Thumb Code     0  libinit2.o(.ARM.Collect$$libinit$$0000000E)
    __rt_lib_init_user_alloc_1               0x08000237   Thumb Code     0  libinit2.o(.ARM.Collect$$libinit$$0000000C)
    __rt_lib_init_lc_collate_1               0x0800023d   Thumb Code     0  libinit2.o(.ARM.Collect$$libinit$$00000011)
    __rt_lib_init_lc_ctype_2                 0x0800023d   Thumb Code     0  libinit2.o(.ARM.Collect$$libinit$$00000012)
    __rt_lib_init_lc_ctype_1                 0x08000249   Thumb Code     0  libinit2.o(.ARM.Collect$$libinit$$00000013)
    __rt_lib_init_lc_monetary_1              0x08000249   Thumb Code     0  libinit2.o(.ARM.Collect$$libinit$$00000015)
    __rt_lib_init_lc_numeric_2               0x08000249   Thumb Code     0  libinit2.o(.ARM.Collect$$libinit$$00000016)
    __rt_lib_init_lc_numeric_1               0x08000253   Thumb Code     0  libinit2.o(.ARM.Collect$$libinit$$00000017)
    __rt_lib_init_lc_time_2                  0x08000253   Thumb Code     0  libinit2.o(.ARM.Collect$$libinit$$00000018)
    __rt_lib_init_alloca_1                   0x0800025d   Thumb Code     0  libinit2.o(.ARM.Collect$$libinit$$0000002E)
    __rt_lib_init_argv_1                     0x0800025d   Thumb Code     0  libinit2.o(.ARM.Collect$$libinit$$0000002C)
    __rt_lib_init_atexit_1                   0x0800025d   Thumb Code     0  libinit2.o(.ARM.Collect$$libinit$$0000001B)
    __rt_lib_init_clock_1                    0x0800025d   Thumb Code     0  libinit2.o(.ARM.Collect$$libinit$$00000021)
    __rt_lib_init_cpp_1                      0x0800025d   Thumb Code     0  libinit2.o(.ARM.Collect$$libinit$$00000032)
    __rt_lib_init_exceptions_1               0x0800025d   Thumb Code     0  libinit2.o(.ARM.Collect$$libinit$$00000030)
    __rt_lib_init_fp_trap_1                  0x0800025d   Thumb Code     0  libinit2.o(.ARM.Collect$$libinit$$0000001F)
    __rt_lib_init_getenv_1                   0x0800025d   Thumb Code     0  libinit2.o(.ARM.Collect$$libinit$$00000023)
    __rt_lib_init_lc_time_1                  0x0800025d   Thumb Code     0  libinit2.o(.ARM.Collect$$libinit$$00000019)
    __rt_lib_init_return                     0x0800025d   Thumb Code     0  libinit2.o(.ARM.Collect$$libinit$$00000033)
    __rt_lib_init_signal_1                   0x0800025d   Thumb Code     0  libinit2.o(.ARM.Collect$$libinit$$0000001D)
    __rt_lib_init_stdio_1                    0x0800025d   Thumb Code     0  libinit2.o(.ARM.Collect$$libinit$$00000025)
    __rt_lib_shutdown                        0x0800025f   Thumb Code     0  libshutdown.o(.ARM.Collect$$libshutdown$$00000000)
    __rt_lib_shutdown_cpp_1                  0x08000261   Thumb Code     0  libshutdown2.o(.ARM.Collect$$libshutdown$$00000004)
    __rt_lib_shutdown_fini_1                 0x08000261   Thumb Code     0  libshutdown2.o(.ARM.Collect$$libshutdown$$00000002)
    __rt_lib_shutdown_fp_trap_1              0x08000261   Thumb Code     0  libshutdown2.o(.ARM.Collect$$libshutdown$$00000009)
    __rt_lib_shutdown_heap_1                 0x08000261   Thumb Code     0  libshutdown2.o(.ARM.Collect$$libshutdown$$00000011)
    __rt_lib_shutdown_return                 0x08000261   Thumb Code     0  libshutdown2.o(.ARM.Collect$$libshutdown$$00000012)
    __rt_lib_shutdown_signal_1               0x08000261   Thumb Code     0  libshutdown2.o(.ARM.Collect$$libshutdown$$0000000C)
    __rt_lib_shutdown_stdio_1                0x08000261   Thumb Code     0  libshutdown2.o(.ARM.Collect$$libshutdown$$00000006)
    __rt_lib_shutdown_user_alloc_1           0x08000261   Thumb Code     0  libshutdown2.o(.ARM.Collect$$libshutdown$$0000000E)
    __rt_entry                               0x08000263   Thumb Code     0  __rtentry.o(.ARM.Collect$$rtentry$$00000000)
    __rt_entry_presh_1                       0x08000263   Thumb Code     0  __rtentry2.o(.ARM.Collect$$rtentry$$00000002)
    __rt_entry_sh                            0x08000263   Thumb Code     0  __rtentry4.o(.ARM.Collect$$rtentry$$00000004)
    __rt_entry_li                            0x08000269   Thumb Code     0  __rtentry2.o(.ARM.Collect$$rtentry$$0000000A)
    __rt_entry_postsh_1                      0x08000269   Thumb Code     0  __rtentry2.o(.ARM.Collect$$rtentry$$00000009)
    __rt_entry_main                          0x0800026d   Thumb Code     0  __rtentry2.o(.ARM.Collect$$rtentry$$0000000D)
    __rt_entry_postli_1                      0x0800026d   Thumb Code     0  __rtentry2.o(.ARM.Collect$$rtentry$$0000000C)
    __rt_exit                                0x08000275   Thumb Code     0  rtexit.o(.ARM.Collect$$rtexit$$00000000)
    __rt_exit_ls                             0x08000277   Thumb Code     0  rtexit2.o(.ARM.Collect$$rtexit$$00000003)
    __rt_exit_prels_1                        0x08000277   Thumb Code     0  rtexit2.o(.ARM.Collect$$rtexit$$00000002)
    __rt_exit_exit                           0x0800027b   Thumb Code     0  rtexit2.o(.ARM.Collect$$rtexit$$00000004)
    Reset_Handler                            0x08000281   Thumb Code     8  startup_stm32f10x_hd.o(.text)
    ADC1_2_IRQHandler                        0x0800029b   Thumb Code     0  startup_stm32f10x_hd.o(.text)
    ADC3_IRQHandler                          0x0800029b   Thumb Code     0  startup_stm32f10x_hd.o(.text)
    CAN1_RX1_IRQHandler                      0x0800029b   Thumb Code     0  startup_stm32f10x_hd.o(.text)
    CAN1_SCE_IRQHandler                      0x0800029b   Thumb Code     0  startup_stm32f10x_hd.o(.text)
    DMA1_Channel1_IRQHandler                 0x0800029b   Thumb Code     0  startup_stm32f10x_hd.o(.text)
    DMA1_Channel2_IRQHandler                 0x0800029b   Thumb Code     0  startup_stm32f10x_hd.o(.text)
    DMA1_Channel3_IRQHandler                 0x0800029b   Thumb Code     0  startup_stm32f10x_hd.o(.text)
    DMA1_Channel4_IRQHandler                 0x0800029b   Thumb Code     0  startup_stm32f10x_hd.o(.text)
    DMA1_Channel5_IRQHandler                 0x0800029b   Thumb Code     0  startup_stm32f10x_hd.o(.text)
    DMA1_Channel6_IRQHandler                 0x0800029b   Thumb Code     0  startup_stm32f10x_hd.o(.text)
    DMA1_Channel7_IRQHandler                 0x0800029b   Thumb Code     0  startup_stm32f10x_hd.o(.text)
    DMA2_Channel1_IRQHandler                 0x0800029b   Thumb Code     0  startup_stm32f10x_hd.o(.text)
    DMA2_Channel2_IRQHandler                 0x0800029b   Thumb Code     0  startup_stm32f10x_hd.o(.text)
    DMA2_Channel3_IRQHandler                 0x0800029b   Thumb Code     0  startup_stm32f10x_hd.o(.text)
    DMA2_Channel4_5_IRQHandler               0x0800029b   Thumb Code     0  startup_stm32f10x_hd.o(.text)
    EXTI0_IRQHandler                         0x0800029b   Thumb Code     0  startup_stm32f10x_hd.o(.text)
    EXTI1_IRQHandler                         0x0800029b   Thumb Code     0  startup_stm32f10x_hd.o(.text)
    EXTI2_IRQHandler                         0x0800029b   Thumb Code     0  startup_stm32f10x_hd.o(.text)
    EXTI3_IRQHandler                         0x0800029b   Thumb Code     0  startup_stm32f10x_hd.o(.text)
    EXTI4_IRQHandler                         0x0800029b   Thumb Code     0  startup_stm32f10x_hd.o(.text)
    EXTI9_5_IRQHandler                       0x0800029b   Thumb Code     0  startup_stm32f10x_hd.o(.text)
    FLASH_IRQHandler                         0x0800029b   Thumb Code     0  startup_stm32f10x_hd.o(.text)
    FSMC_IRQHandler                          0x0800029b   Thumb Code     0  startup_stm32f10x_hd.o(.text)
    I2C1_ER_IRQHandler                       0x0800029b   Thumb Code     0  startup_stm32f10x_hd.o(.text)
    I2C1_EV_IRQHandler                       0x0800029b   Thumb Code     0  startup_stm32f10x_hd.o(.text)
    I2C2_ER_IRQHandler                       0x0800029b   Thumb Code     0  startup_stm32f10x_hd.o(.text)
    I2C2_EV_IRQHandler                       0x0800029b   Thumb Code     0  startup_stm32f10x_hd.o(.text)
    PVD_IRQHandler                           0x0800029b   Thumb Code     0  startup_stm32f10x_hd.o(.text)
    RCC_IRQHandler                           0x0800029b   Thumb Code     0  startup_stm32f10x_hd.o(.text)
    RTCAlarm_IRQHandler                      0x0800029b   Thumb Code     0  startup_stm32f10x_hd.o(.text)
    SDIO_IRQHandler                          0x0800029b   Thumb Code     0  startup_stm32f10x_hd.o(.text)
    SPI1_IRQHandler                          0x0800029b   Thumb Code     0  startup_stm32f10x_hd.o(.text)
    SPI2_IRQHandler                          0x0800029b   Thumb Code     0  startup_stm32f10x_hd.o(.text)
    SPI3_IRQHandler                          0x0800029b   Thumb Code     0  startup_stm32f10x_hd.o(.text)
    TAMPER_IRQHandler                        0x0800029b   Thumb Code     0  startup_stm32f10x_hd.o(.text)
    TIM1_BRK_IRQHandler                      0x0800029b   Thumb Code     0  startup_stm32f10x_hd.o(.text)
    TIM1_CC_IRQHandler                       0x0800029b   Thumb Code     0  startup_stm32f10x_hd.o(.text)
    TIM1_TRG_COM_IRQHandler                  0x0800029b   Thumb Code     0  startup_stm32f10x_hd.o(.text)
    TIM1_UP_IRQHandler                       0x0800029b   Thumb Code     0  startup_stm32f10x_hd.o(.text)
    TIM2_IRQHandler                          0x0800029b   Thumb Code     0  startup_stm32f10x_hd.o(.text)
    TIM3_IRQHandler                          0x0800029b   Thumb Code     0  startup_stm32f10x_hd.o(.text)
    TIM4_IRQHandler                          0x0800029b   Thumb Code     0  startup_stm32f10x_hd.o(.text)
    TIM5_IRQHandler                          0x0800029b   Thumb Code     0  startup_stm32f10x_hd.o(.text)
    TIM6_IRQHandler                          0x0800029b   Thumb Code     0  startup_stm32f10x_hd.o(.text)
    TIM7_IRQHandler                          0x0800029b   Thumb Code     0  startup_stm32f10x_hd.o(.text)
    TIM8_BRK_IRQHandler                      0x0800029b   Thumb Code     0  startup_stm32f10x_hd.o(.text)
    TIM8_CC_IRQHandler                       0x0800029b   Thumb Code     0  startup_stm32f10x_hd.o(.text)
    TIM8_TRG_COM_IRQHandler                  0x0800029b   Thumb Code     0  startup_stm32f10x_hd.o(.text)
    TIM8_UP_IRQHandler                       0x0800029b   Thumb Code     0  startup_stm32f10x_hd.o(.text)
    UART4_IRQHandler                         0x0800029b   Thumb Code     0  startup_stm32f10x_hd.o(.text)
    UART5_IRQHandler                         0x0800029b   Thumb Code     0  startup_stm32f10x_hd.o(.text)
    USART1_IRQHandler                        0x0800029b   Thumb Code     0  startup_stm32f10x_hd.o(.text)
    USART2_IRQHandler                        0x0800029b   Thumb Code     0  startup_stm32f10x_hd.o(.text)
    USBWakeUp_IRQHandler                     0x0800029b   Thumb Code     0  startup_stm32f10x_hd.o(.text)
    USB_HP_CAN1_TX_IRQHandler                0x0800029b   Thumb Code     0  startup_stm32f10x_hd.o(.text)
    USB_LP_CAN1_RX0_IRQHandler               0x0800029b   Thumb Code     0  startup_stm32f10x_hd.o(.text)
    WWDG_IRQHandler                          0x0800029b   Thumb Code     0  startup_stm32f10x_hd.o(.text)
    __user_initial_stackheap                 0x0800029d   Thumb Code     0  startup_stm32f10x_hd.o(.text)
    __use_no_semihosting                     0x080002c1   Thumb Code     2  use_no_semi_2.o(.text)
    __2printf                                0x080002c5   Thumb Code    20  __2printf.o(.text)
    _printf_str                              0x080002dd   Thumb Code    82  _printf_str.o(.text)
    __printf                                 0x08000331   Thumb Code   388  __printf_flags_ss_wp.o(.text)
    __aeabi_memcpy4                          0x080004b9   Thumb Code     0  rt_memcpy_w.o(.text)
    __aeabi_memcpy8                          0x080004b9   Thumb Code     0  rt_memcpy_w.o(.text)
    __rt_memcpy_w                            0x080004b9   Thumb Code   100  rt_memcpy_w.o(.text)
    _memcpy_lastbytes_aligned                0x08000501   Thumb Code     0  rt_memcpy_w.o(.text)
    localtime                                0x0800051d   Thumb Code     6  localtime.o(.text)
    mktime                                   0x08000567   Thumb Code   356  mktime.o(.text)
    strftime                                 0x08000715   Thumb Code   634  strftime.o(.text)
    __use_two_region_memory                  0x08000a35   Thumb Code     2  heapauxi.o(.text)
    __rt_heap_escrow$2region                 0x08000a37   Thumb Code     2  heapauxi.o(.text)
    __rt_heap_expand$2region                 0x08000a39   Thumb Code     2  heapauxi.o(.text)
    __I$use$semihosting                      0x08000a3b   Thumb Code     0  use_no_semi.o(.text)
    __use_no_semihosting_swi                 0x08000a3b   Thumb Code     2  use_no_semi.o(.text)
    __rt_locale                              0x08000a3d   Thumb Code     8  rt_locale_intlibspace.o(.text)
    sprintf                                  0x08000a45   Thumb Code    38  sprintf.o(.text)
    _printf_cs_common                        0x08000a71   Thumb Code    20  _printf_char.o(.text)
    _printf_char                             0x08000a85   Thumb Code    16  _printf_char.o(.text)
    _printf_string                           0x08000a95   Thumb Code     8  _printf_char.o(.text)
    _printf_char_file                        0x08000a9d   Thumb Code    32  _printf_char_file.o(.text)
    _localtime_r                             0x08000ac1   Thumb Code   178  localtime_internal.o(.text)
    _n$localtime_r                           0x08000ac1   Thumb Code     0  localtime_internal.o(.text)
    __user_libspace                          0x08000b79   Thumb Code     8  libspace.o(.text)
    __user_perproc_libspace                  0x08000b79   Thumb Code     0  libspace.o(.text)
    __user_perthread_libspace                0x08000b79   Thumb Code     0  libspace.o(.text)
    _printf_pre_padding                      0x08000b81   Thumb Code    44  _printf_pad.o(.text)
    _printf_post_padding                     0x08000bad   Thumb Code    34  _printf_pad.o(.text)
    _printf_truncate_signed                  0x08000bcf   Thumb Code    18  _printf_truncate.o(.text)
    _printf_truncate_unsigned                0x08000be1   Thumb Code    18  _printf_truncate.o(.text)
    _printf_int_dec                          0x08000bf5   Thumb Code   104  _printf_dec.o(.text)
    _printf_charcount                        0x08000c6d   Thumb Code    40  _printf_charcount.o(.text)
    _printf_char_common                      0x08000c9f   Thumb Code    32  _printf_char_common.o(.text)
    _sputc                                   0x08000cc5   Thumb Code    10  _sputc.o(.text)
    _printf_wctomb                           0x08000cd1   Thumb Code   182  _printf_wctomb.o(.text)
    _printf_longlong_dec                     0x08000d8d   Thumb Code   108  _printf_longlong_dec.o(.text)
    _printf_longlong_oct                     0x08000e09   Thumb Code    66  _printf_oct_int_ll.o(.text)
    _printf_int_oct                          0x08000e4b   Thumb Code    24  _printf_oct_int_ll.o(.text)
    _printf_ll_oct                           0x08000e63   Thumb Code    12  _printf_oct_int_ll.o(.text)
    _printf_longlong_hex                     0x08000e79   Thumb Code    86  _printf_hex_int_ll_ptr.o(.text)
    _printf_int_hex                          0x08000ecf   Thumb Code    28  _printf_hex_int_ll_ptr.o(.text)
    _printf_ll_hex                           0x08000eeb   Thumb Code    12  _printf_hex_int_ll_ptr.o(.text)
    _printf_hex_ptr                          0x08000ef7   Thumb Code    18  _printf_hex_int_ll_ptr.o(.text)
    ferror                                   0x08000f0d   Thumb Code     8  ferror.o(.text)
    __aeabi_memclr4                          0x08000f15   Thumb Code     0  rt_memclr_w.o(.text)
    __aeabi_memclr8                          0x08000f15   Thumb Code     0  rt_memclr_w.o(.text)
    __rt_memclr_w                            0x08000f15   Thumb Code    78  rt_memclr_w.o(.text)
    _memset_w                                0x08000f19   Thumb Code     0  rt_memclr_w.o(.text)
    strcmp                                   0x08000f65   Thumb Code   128  strcmpv7m.o(.text)
    __user_setup_stackheap                   0x08000fe5   Thumb Code    74  sys_stackheap_outer.o(.text)
    _ll_udiv10                               0x0800102f   Thumb Code   138  lludiv10.o(.text)
    _printf_int_common                       0x080010b9   Thumb Code   178  _printf_intcommon.o(.text)
    __lib_sel_fp_printf                      0x0800116b   Thumb Code     2  _printf_fp_dec.o(.text)
    _printf_fp_dec_real                      0x0800131d   Thumb Code   620  _printf_fp_dec.o(.text)
    _printf_fp_hex_real                      0x08001589   Thumb Code   756  _printf_fp_hex.o(.text)
    _printf_lcs_common                       0x08001885   Thumb Code    20  _printf_wchar.o(.text)
    _printf_wchar                            0x08001899   Thumb Code    16  _printf_wchar.o(.text)
    _printf_wstring                          0x080018a9   Thumb Code     8  _printf_wchar.o(.text)
    _wcrtomb                                 0x080018b1   Thumb Code    64  _wcrtomb.o(.text)
    exit                                     0x080018f1   Thumb Code    18  exit.o(.text)
    __rt_ctype_table                         0x08001905   Thumb Code    16  rt_ctype_table.o(.text)
    _printf_fp_infnan                        0x08001915   Thumb Code   112  _printf_fp_infnan.o(.text)
    _btod_etento                             0x08001995   Thumb Code   224  bigflt0.o(.text)
    _btod_d2e                                0x08001a79   Thumb Code    62  btod.o(CL$$btod_d2e)
    _d2e_denorm_low                          0x08001ab7   Thumb Code    70  btod.o(CL$$btod_d2e_denorm_low)
    _d2e_norm_op1                            0x08001afd   Thumb Code    96  btod.o(CL$$btod_d2e_norm_op1)
    __btod_div_common                        0x08001b5d   Thumb Code   696  btod.o(CL$$btod_div_common)
    _e2e                                     0x08001e95   Thumb Code   220  btod.o(CL$$btod_e2e)
    _btod_ediv                               0x08001f71   Thumb Code    42  btod.o(CL$$btod_ediv)
    _btod_emul                               0x08001f9b   Thumb Code    42  btod.o(CL$$btod_emul)
    __btod_mult_common                       0x08001fc5   Thumb Code   580  btod.o(CL$$btod_mult_common)
    BKP_DeInit                               0x08002209   Thumb Code    18  stm32f10x_bkp.o(i.BKP_DeInit)
    BKP_ReadBackupRegister                   0x0800221d   Thumb Code    12  stm32f10x_bkp.o(i.BKP_ReadBackupRegister)
    BKP_WriteBackupRegister                  0x0800222d   Thumb Code    12  stm32f10x_bkp.o(i.BKP_WriteBackupRegister)
    BusFault_Handler                         0x0800223d   Thumb Code     2  stm32f10x_it.o(i.BusFault_Handler)
    CD4052_Init                              0x08002241   Thumb Code    34  cd4052.o(i.CD4052_Init)
    DMA_ClearFlag                            0x0800226d   Thumb Code    16  stm32f10x_dma.o(i.DMA_ClearFlag)
    DMA_Cmd                                  0x08002285   Thumb Code    22  stm32f10x_dma.o(i.DMA_Cmd)
    DMA_DeInit                               0x0800229d   Thumb Code   218  stm32f10x_dma.o(i.DMA_DeInit)
    DMA_GetFlagStatus                        0x08002381   Thumb Code    24  stm32f10x_dma.o(i.DMA_GetFlagStatus)
    DMA_Init                                 0x080023a1   Thumb Code    58  stm32f10x_dma.o(i.DMA_Init)
    DMA_ReadData                             0x080023db   Thumb Code    24  tm7705.o(i.DMA_ReadData)
    DMA_SPI_Init                             0x080023f5   Thumb Code    82  spi_dma.o(i.DMA_SPI_Init)
    DMA_SetCurrDataCounter                   0x08002455   Thumb Code     4  stm32f10x_dma.o(i.DMA_SetCurrDataCounter)
    DMA_Transfer                             0x08002459   Thumb Code    60  spi_dma.o(i.DMA_Transfer)
    DRDYINT_Init                             0x0800249d   Thumb Code   100  tm7705.o(i.DRDYINT_Init)
    DebugMon_Handler                         0x08002505   Thumb Code     2  stm32f10x_it.o(i.DebugMon_Handler)
    EXTI15_10_IRQHandler                     0x08002507   Thumb Code    18  tm7705.o(i.EXTI15_10_IRQHandler)
    EXTI_ClearITPendingBit                   0x08002519   Thumb Code     6  stm32f10x_exti.o(i.EXTI_ClearITPendingBit)
    EXTI_Init                                0x08002525   Thumb Code   108  stm32f10x_exti.o(i.EXTI_Init)
    GPIO_EXTILineConfig                      0x08002595   Thumb Code    34  stm32f10x_gpio.o(i.GPIO_EXTILineConfig)
    GPIO_Init                                0x080025bd   Thumb Code   156  stm32f10x_gpio.o(i.GPIO_Init)
    GPIO_ReadInputDataBit                    0x08002659   Thumb Code    14  stm32f10x_gpio.o(i.GPIO_ReadInputDataBit)
    HardFault_Handler                        0x08002667   Thumb Code     2  stm32f10x_it.o(i.HardFault_Handler)
    Max485_init                              0x08002669   Thumb Code    30  bsp_usart.o(i.Max485_init)
    MemManage_Handler                        0x0800268d   Thumb Code     2  stm32f10x_it.o(i.MemManage_Handler)
    NMI_Handler                              0x0800268f   Thumb Code     2  stm32f10x_it.o(i.NMI_Handler)
    NVIC_Init                                0x08002691   Thumb Code    94  misc.o(i.NVIC_Init)
    NVIC_PriorityGroupConfig                 0x080026f5   Thumb Code    10  misc.o(i.NVIC_PriorityGroupConfig)
    PWR_BackupAccessCmd                      0x08002709   Thumb Code     6  stm32f10x_pwr.o(i.PWR_BackupAccessCmd)
    PendSV_Handler                           0x08002715   Thumb Code     2  stm32f10x_it.o(i.PendSV_Handler)
    RCC_AHBPeriphClockCmd                    0x08002719   Thumb Code    18  stm32f10x_rcc.o(i.RCC_AHBPeriphClockCmd)
    RCC_APB1PeriphClockCmd                   0x08002731   Thumb Code    18  stm32f10x_rcc.o(i.RCC_APB1PeriphClockCmd)
    RCC_APB2PeriphClockCmd                   0x08002749   Thumb Code    18  stm32f10x_rcc.o(i.RCC_APB2PeriphClockCmd)
    RCC_BackupResetCmd                       0x08002761   Thumb Code     6  stm32f10x_rcc.o(i.RCC_BackupResetCmd)
    RCC_GetClocksFreq                        0x0800276d   Thumb Code   132  stm32f10x_rcc.o(i.RCC_GetClocksFreq)
    RCC_GetFlagStatus                        0x08002801   Thumb Code    42  stm32f10x_rcc.o(i.RCC_GetFlagStatus)
    RCC_LSEConfig                            0x08002831   Thumb Code    28  stm32f10x_rcc.o(i.RCC_LSEConfig)
    RCC_RTCCLKCmd                            0x08002851   Thumb Code     6  stm32f10x_rcc.o(i.RCC_RTCCLKCmd)
    RCC_RTCCLKConfig                         0x0800285d   Thumb Code    10  stm32f10x_rcc.o(i.RCC_RTCCLKConfig)
    RTC_ClearITPendingBit                    0x0800286d   Thumb Code    10  stm32f10x_rtc.o(i.RTC_ClearITPendingBit)
    RTC_Configuration                        0x0800287d   Thumb Code   156  rtc.o(i.RTC_Configuration)
    RTC_EnterConfigMode                      0x08002951   Thumb Code    12  stm32f10x_rtc.o(i.RTC_EnterConfigMode)
    RTC_ExitConfigMode                       0x08002961   Thumb Code    12  stm32f10x_rtc.o(i.RTC_ExitConfigMode)
    RTC_GetCounter                           0x08002971   Thumb Code    16  stm32f10x_rtc.o(i.RTC_GetCounter)
    RTC_GetITStatus                          0x08002985   Thumb Code    28  stm32f10x_rtc.o(i.RTC_GetITStatus)
    RTC_IRQHandler                           0x080029a5   Thumb Code   102  stm32f10x_it.o(i.RTC_IRQHandler)
    RTC_ITConfig                             0x08002a21   Thumb Code    18  stm32f10x_rtc.o(i.RTC_ITConfig)
    RTC_Init                                 0x08002a39   Thumb Code   240  rtc.o(i.RTC_Init)
    RTC_NVIC_Configuration                   0x08002ba9   Thumb Code    40  rtc.o(i.RTC_NVIC_Configuration)
    RTC_ReadTime                             0x08002bd1   Thumb Code    48  rtc.o(i.RTC_ReadTime)
    RTC_SetCounter                           0x08002c11   Thumb Code    26  stm32f10x_rtc.o(i.RTC_SetCounter)
    RTC_SetPrescaler                         0x08002c31   Thumb Code    28  stm32f10x_rtc.o(i.RTC_SetPrescaler)
    RTC_WaitForLastTask                      0x08002c51   Thumb Code    10  stm32f10x_rtc.o(i.RTC_WaitForLastTask)
    RTC_WaitForSynchro                       0x08002c61   Thumb Code    18  stm32f10x_rtc.o(i.RTC_WaitForSynchro)
    SPI2_Init                                0x08002c79   Thumb Code   146  spi_dma.o(i.SPI2_Init)
    SPI2_ReadWriteByte                       0x08002d15   Thumb Code    76  spi_dma.o(i.SPI2_ReadWriteByte)
    SPI_Cmd                                  0x08002d65   Thumb Code    20  stm32f10x_spi.o(i.SPI_Cmd)
    SPI_I2S_DMACmd                           0x08002d79   Thumb Code    16  stm32f10x_spi.o(i.SPI_I2S_DMACmd)
    SPI_I2S_GetFlagStatus                    0x08002d89   Thumb Code    14  stm32f10x_spi.o(i.SPI_I2S_GetFlagStatus)
    SPI_I2S_ReceiveData                      0x08002d97   Thumb Code     4  stm32f10x_spi.o(i.SPI_I2S_ReceiveData)
    SPI_I2S_SendData                         0x08002d9b   Thumb Code     4  stm32f10x_spi.o(i.SPI_I2S_SendData)
    SPI_Init                                 0x08002d9f   Thumb Code    56  stm32f10x_spi.o(i.SPI_Init)
    SVC_Handler                              0x08002dd7   Thumb Code     2  stm32f10x_it.o(i.SVC_Handler)
    SysTick_CLKSourceConfig                  0x08002e81   Thumb Code    24  misc.o(i.SysTick_CLKSourceConfig)
    SysTick_Handler                          0x08002e99   Thumb Code     2  stm32f10x_it.o(i.SysTick_Handler)
    SystemInit                               0x08002e9d   Thumb Code    64  system_stm32f10x.o(i.SystemInit)
    TM7705_Calibself                         0x08002eed   Thumb Code   190  tm7705.o(i.TM7705_Calibself)
    TM7705_Init                              0x08002fb1   Thumb Code   100  tm7705.o(i.TM7705_Init)
    TM7705_WriteReg                          0x08003015   Thumb Code    18  tm7705.o(i.TM7705_WriteReg)
    Time_Adjust                              0x08003029   Thumb Code    64  rtc.o(i.Time_Adjust)
    USART3_IRQHandler                        0x0800306d   Thumb Code    40  stm32f10x_it.o(i.USART3_IRQHandler)
    USART_ClearFlag                          0x0800309d   Thumb Code     6  stm32f10x_usart.o(i.USART_ClearFlag)
    USART_Cmd                                0x080030a3   Thumb Code    20  stm32f10x_usart.o(i.USART_Cmd)
    USART_Config                             0x080030b9   Thumb Code   168  bsp_usart.o(i.USART_Config)
    USART_GetFlagStatus                      0x08003169   Thumb Code    14  stm32f10x_usart.o(i.USART_GetFlagStatus)
    USART_GetITStatus                        0x08003177   Thumb Code    62  stm32f10x_usart.o(i.USART_GetITStatus)
    USART_ITConfig                           0x080031b5   Thumb Code    48  stm32f10x_usart.o(i.USART_ITConfig)
    USART_Init                               0x080031e5   Thumb Code   166  stm32f10x_usart.o(i.USART_Init)
    USART_ReceiveData                        0x08003291   Thumb Code     8  stm32f10x_usart.o(i.USART_ReceiveData)
    USART_SendData                           0x08003299   Thumb Code     8  stm32f10x_usart.o(i.USART_SendData)
    UsageFault_Handler                       0x080032a1   Thumb Code     2  stm32f10x_it.o(i.UsageFault_Handler)
    __ARM_fpclassify                         0x080032a3   Thumb Code    40  fpclassify.o(i.__ARM_fpclassify)
    _is_digit                                0x080032cb   Thumb Code    14  __printf_wp.o(i._is_digit)
    _sys_exit                                0x080032d9   Thumb Code     2  bsp_usart.o(i._sys_exit)
    delay_init                               0x080032dd   Thumb Code    46  delay.o(i.delay_init)
    delay_ms                                 0x08003319   Thumb Code    46  delay.o(i.delay_ms)
    fputc                                    0x0800334d   Thumb Code    30  bsp_usart.o(i.fputc)
    main                                     0x08003371   Thumb Code    60  main.o(i.main)
    _get_lc_time                             0x080033b5   Thumb Code    44  lc_time_c.o(locale$$code)
    _get_lc_numeric                          0x080033e1   Thumb Code    44  lc_numeric_c.o(locale$$code)
    _get_lc_ctype                            0x0800340d   Thumb Code    44  lc_ctype_c.o(locale$$code)
    _printf_fp_dec                           0x08003439   Thumb Code     4  printf1.o(x$fpl$printf1)
    _printf_fp_hex                           0x0800343d   Thumb Code     4  printf2.o(x$fpl$printf2)
    __I$use$fp                               0x08003440   Number         0  usenofp.o(x$fpl$usenofp)
    _monlen                                  0x08003451   Data          12  _monlen.o(.constdata)
    Region$$Table$$Base                      0x0800354c   Number         0  anon$$obj.o(Region$$Table)
    Region$$Table$$Limit                     0x0800356c   Number         0  anon$$obj.o(Region$$Table)
    __ctype                                  0x08003715   Data           0  lc_ctype_c.o(locale$$data)
    ucTemp                                   0x20000000   Data           1  stm32f10x_it.o(.data)
    SystemCoreClock                          0x20000004   Data           4  system_stm32f10x.o(.data)
    AHBPrescTable                            0x20000008   Data          16  system_stm32f10x.o(.data)
    __stdout                                 0x2000001c   Data           4  bsp_usart.o(.data)
    MyRTC_Time                               0x20000034   Data          12  rtc.o(.data)
    time_str                                 0x20000040   Data           4  rtc.o(.data)
    DMA_size                                 0x20000044   Data           4  spi_dma.o(.data)
    DMA_buf                                  0x20000048   Data          64  main.o(.bss)
    __libspace_start                         0x20000104   Data          96  libspace.o(.bss)
    __temporary_stack_top$libspace           0x20000164   Data           0  libspace.o(.bss)



==============================================================================

Memory Map of the image

  Image Entry point : 0x08000281

  Load Region LR_1 (Base: 0x08000000, Size: 0x00003860, Max: 0xffffffff, ABSOLUTE)

    Execution Region ER_RO (Exec base: 0x08000000, Load base: 0x08000000, Size: 0x00003818, Max: 0xffffffff, ABSOLUTE)

    Exec Addr    Load Addr    Size         Type   Attr      Idx    E Section Name        Object

    0x08000000   0x08000000   0x00000130   Data   RO          446    RESET               startup_stm32f10x_hd.o
    0x08000130   0x08000130   0x00000008   Code   RO         2587  * !!!main             c_w.l(__main.o)
    0x08000138   0x08000138   0x00000034   Code   RO         2898    !!!scatter          c_w.l(__scatter.o)
    0x0800016c   0x0800016c   0x0000001a   Code   RO         2900    !!handler_copy      c_w.l(__scatter_copy.o)
    0x08000186   0x08000186   0x00000002   PAD
    0x08000188   0x08000188   0x0000001c   Code   RO         2902    !!handler_zi        c_w.l(__scatter_zi.o)
    0x080001a4   0x080001a4   0x00000000   Code   RO         2575    .ARM.Collect$$_printf_percent$$00000000  c_w.l(_printf_percent.o)
    0x080001a4   0x080001a4   0x00000006   Code   RO         2673    .ARM.Collect$$_printf_percent$$00000001  c_w.l(_printf_n.o)
    0x080001aa   0x080001aa   0x00000006   Code   RO         2675    .ARM.Collect$$_printf_percent$$00000002  c_w.l(_printf_p.o)
    0x080001b0   0x080001b0   0x00000006   Code   RO         2680    .ARM.Collect$$_printf_percent$$00000003  c_w.l(_printf_f.o)
    0x080001b6   0x080001b6   0x00000006   Code   RO         2681    .ARM.Collect$$_printf_percent$$00000004  c_w.l(_printf_e.o)
    0x080001bc   0x080001bc   0x00000006   Code   RO         2682    .ARM.Collect$$_printf_percent$$00000005  c_w.l(_printf_g.o)
    0x080001c2   0x080001c2   0x00000006   Code   RO         2683    .ARM.Collect$$_printf_percent$$00000006  c_w.l(_printf_a.o)
    0x080001c8   0x080001c8   0x0000000a   Code   RO         2687    .ARM.Collect$$_printf_percent$$00000007  c_w.l(_printf_ll.o)
    0x080001d2   0x080001d2   0x00000006   Code   RO         2677    .ARM.Collect$$_printf_percent$$00000008  c_w.l(_printf_i.o)
    0x080001d8   0x080001d8   0x00000006   Code   RO         2678    .ARM.Collect$$_printf_percent$$00000009  c_w.l(_printf_d.o)
    0x080001de   0x080001de   0x00000006   Code   RO         2679    .ARM.Collect$$_printf_percent$$0000000A  c_w.l(_printf_u.o)
    0x080001e4   0x080001e4   0x00000006   Code   RO         2676    .ARM.Collect$$_printf_percent$$0000000B  c_w.l(_printf_o.o)
    0x080001ea   0x080001ea   0x00000006   Code   RO         2674    .ARM.Collect$$_printf_percent$$0000000C  c_w.l(_printf_x.o)
    0x080001f0   0x080001f0   0x00000006   Code   RO         2684    .ARM.Collect$$_printf_percent$$0000000D  c_w.l(_printf_lli.o)
    0x080001f6   0x080001f6   0x00000006   Code   RO         2685    .ARM.Collect$$_printf_percent$$0000000E  c_w.l(_printf_lld.o)
    0x080001fc   0x080001fc   0x00000006   Code   RO         2686    .ARM.Collect$$_printf_percent$$0000000F  c_w.l(_printf_llu.o)
    0x08000202   0x08000202   0x00000006   Code   RO         2691    .ARM.Collect$$_printf_percent$$00000010  c_w.l(_printf_llo.o)
    0x08000208   0x08000208   0x00000006   Code   RO         2692    .ARM.Collect$$_printf_percent$$00000011  c_w.l(_printf_llx.o)
    0x0800020e   0x0800020e   0x0000000a   Code   RO         2688    .ARM.Collect$$_printf_percent$$00000012  c_w.l(_printf_l.o)
    0x08000218   0x08000218   0x00000006   Code   RO         2672    .ARM.Collect$$_printf_percent$$00000013  c_w.l(_printf_c.o)
    0x0800021e   0x0800021e   0x00000006   Code   RO         2574    .ARM.Collect$$_printf_percent$$00000014  c_w.l(_printf_s.o)
    0x08000224   0x08000224   0x00000006   Code   RO         2689    .ARM.Collect$$_printf_percent$$00000015  c_w.l(_printf_lc.o)
    0x0800022a   0x0800022a   0x00000006   Code   RO         2690    .ARM.Collect$$_printf_percent$$00000016  c_w.l(_printf_ls.o)
    0x08000230   0x08000230   0x00000004   Code   RO         2603    .ARM.Collect$$_printf_percent$$00000017  c_w.l(_printf_percent_end.o)
    0x08000234   0x08000234   0x00000002   Code   RO         2780    .ARM.Collect$$libinit$$00000000  c_w.l(libinit.o)
    0x08000236   0x08000236   0x00000000   Code   RO         2702    .ARM.Collect$$libinit$$00000002  c_w.l(libinit2.o)
    0x08000236   0x08000236   0x00000000   Code   RO         2704    .ARM.Collect$$libinit$$00000004  c_w.l(libinit2.o)
    0x08000236   0x08000236   0x00000000   Code   RO         2707    .ARM.Collect$$libinit$$0000000A  c_w.l(libinit2.o)
    0x08000236   0x08000236   0x00000000   Code   RO         2709    .ARM.Collect$$libinit$$0000000C  c_w.l(libinit2.o)
    0x08000236   0x08000236   0x00000000   Code   RO         2711    .ARM.Collect$$libinit$$0000000E  c_w.l(libinit2.o)
    0x08000236   0x08000236   0x00000006   Code   RO         2712    .ARM.Collect$$libinit$$0000000F  c_w.l(libinit2.o)
    0x0800023c   0x0800023c   0x00000000   Code   RO         2714    .ARM.Collect$$libinit$$00000011  c_w.l(libinit2.o)
    0x0800023c   0x0800023c   0x0000000c   Code   RO         2715    .ARM.Collect$$libinit$$00000012  c_w.l(libinit2.o)
    0x08000248   0x08000248   0x00000000   Code   RO         2716    .ARM.Collect$$libinit$$00000013  c_w.l(libinit2.o)
    0x08000248   0x08000248   0x00000000   Code   RO         2718    .ARM.Collect$$libinit$$00000015  c_w.l(libinit2.o)
    0x08000248   0x08000248   0x0000000a   Code   RO         2719    .ARM.Collect$$libinit$$00000016  c_w.l(libinit2.o)
    0x08000252   0x08000252   0x00000000   Code   RO         2720    .ARM.Collect$$libinit$$00000017  c_w.l(libinit2.o)
    0x08000252   0x08000252   0x0000000a   Code   RO         2721    .ARM.Collect$$libinit$$00000018  c_w.l(libinit2.o)
    0x0800025c   0x0800025c   0x00000000   Code   RO         2722    .ARM.Collect$$libinit$$00000019  c_w.l(libinit2.o)
    0x0800025c   0x0800025c   0x00000000   Code   RO         2724    .ARM.Collect$$libinit$$0000001B  c_w.l(libinit2.o)
    0x0800025c   0x0800025c   0x00000000   Code   RO         2726    .ARM.Collect$$libinit$$0000001D  c_w.l(libinit2.o)
    0x0800025c   0x0800025c   0x00000000   Code   RO         2728    .ARM.Collect$$libinit$$0000001F  c_w.l(libinit2.o)
    0x0800025c   0x0800025c   0x00000000   Code   RO         2730    .ARM.Collect$$libinit$$00000021  c_w.l(libinit2.o)
    0x0800025c   0x0800025c   0x00000000   Code   RO         2732    .ARM.Collect$$libinit$$00000023  c_w.l(libinit2.o)
    0x0800025c   0x0800025c   0x00000000   Code   RO         2734    .ARM.Collect$$libinit$$00000025  c_w.l(libinit2.o)
    0x0800025c   0x0800025c   0x00000000   Code   RO         2738    .ARM.Collect$$libinit$$0000002C  c_w.l(libinit2.o)
    0x0800025c   0x0800025c   0x00000000   Code   RO         2740    .ARM.Collect$$libinit$$0000002E  c_w.l(libinit2.o)
    0x0800025c   0x0800025c   0x00000000   Code   RO         2742    .ARM.Collect$$libinit$$00000030  c_w.l(libinit2.o)
    0x0800025c   0x0800025c   0x00000000   Code   RO         2744    .ARM.Collect$$libinit$$00000032  c_w.l(libinit2.o)
    0x0800025c   0x0800025c   0x00000002   Code   RO         2745    .ARM.Collect$$libinit$$00000033  c_w.l(libinit2.o)
    0x0800025e   0x0800025e   0x00000002   Code   RO         2853    .ARM.Collect$$libshutdown$$00000000  c_w.l(libshutdown.o)
    0x08000260   0x08000260   0x00000000   Code   RO         2859    .ARM.Collect$$libshutdown$$00000002  c_w.l(libshutdown2.o)
    0x08000260   0x08000260   0x00000000   Code   RO         2861    .ARM.Collect$$libshutdown$$00000004  c_w.l(libshutdown2.o)
    0x08000260   0x08000260   0x00000000   Code   RO         2863    .ARM.Collect$$libshutdown$$00000006  c_w.l(libshutdown2.o)
    0x08000260   0x08000260   0x00000000   Code   RO         2866    .ARM.Collect$$libshutdown$$00000009  c_w.l(libshutdown2.o)
    0x08000260   0x08000260   0x00000000   Code   RO         2869    .ARM.Collect$$libshutdown$$0000000C  c_w.l(libshutdown2.o)
    0x08000260   0x08000260   0x00000000   Code   RO         2871    .ARM.Collect$$libshutdown$$0000000E  c_w.l(libshutdown2.o)
    0x08000260   0x08000260   0x00000000   Code   RO         2874    .ARM.Collect$$libshutdown$$00000011  c_w.l(libshutdown2.o)
    0x08000260   0x08000260   0x00000002   Code   RO         2875    .ARM.Collect$$libshutdown$$00000012  c_w.l(libshutdown2.o)
    0x08000262   0x08000262   0x00000000   Code   RO         2591    .ARM.Collect$$rtentry$$00000000  c_w.l(__rtentry.o)
    0x08000262   0x08000262   0x00000000   Code   RO         2614    .ARM.Collect$$rtentry$$00000002  c_w.l(__rtentry2.o)
    0x08000262   0x08000262   0x00000006   Code   RO         2626    .ARM.Collect$$rtentry$$00000004  c_w.l(__rtentry4.o)
    0x08000268   0x08000268   0x00000000   Code   RO         2616    .ARM.Collect$$rtentry$$00000009  c_w.l(__rtentry2.o)
    0x08000268   0x08000268   0x00000004   Code   RO         2617    .ARM.Collect$$rtentry$$0000000A  c_w.l(__rtentry2.o)
    0x0800026c   0x0800026c   0x00000000   Code   RO         2619    .ARM.Collect$$rtentry$$0000000C  c_w.l(__rtentry2.o)
    0x0800026c   0x0800026c   0x00000008   Code   RO         2620    .ARM.Collect$$rtentry$$0000000D  c_w.l(__rtentry2.o)
    0x08000274   0x08000274   0x00000002   Code   RO         2783    .ARM.Collect$$rtexit$$00000000  c_w.l(rtexit.o)
    0x08000276   0x08000276   0x00000000   Code   RO         2829    .ARM.Collect$$rtexit$$00000002  c_w.l(rtexit2.o)
    0x08000276   0x08000276   0x00000004   Code   RO         2830    .ARM.Collect$$rtexit$$00000003  c_w.l(rtexit2.o)
    0x0800027a   0x0800027a   0x00000006   Code   RO         2831    .ARM.Collect$$rtexit$$00000004  c_w.l(rtexit2.o)
    0x08000280   0x08000280   0x00000040   Code   RO          447  * .text               startup_stm32f10x_hd.o
    0x080002c0   0x080002c0   0x00000002   Code   RO         2544    .text               c_w.l(use_no_semi_2.o)
    0x080002c2   0x080002c2   0x00000002   PAD
    0x080002c4   0x080002c4   0x00000018   Code   RO         2546    .text               c_w.l(__2printf.o)
    0x080002dc   0x080002dc   0x00000052   Code   RO         2552    .text               c_w.l(_printf_str.o)
    0x0800032e   0x0800032e   0x00000002   PAD
    0x08000330   0x08000330   0x00000188   Code   RO         2571    .text               c_w.l(__printf_flags_ss_wp.o)
    0x080004b8   0x080004b8   0x00000064   Code   RO         2576    .text               c_w.l(rt_memcpy_w.o)
    0x0800051c   0x0800051c   0x0000000c   Code   RO         2578    .text               c_w.l(localtime.o)
    0x08000528   0x08000528   0x000001ac   Code   RO         2581    .text               c_w.l(mktime.o)
    0x080006d4   0x080006d4   0x00000360   Code   RO         2583    .text               c_w.l(strftime.o)
    0x08000a34   0x08000a34   0x00000006   Code   RO         2585    .text               c_w.l(heapauxi.o)
    0x08000a3a   0x08000a3a   0x00000002   Code   RO         2589    .text               c_w.l(use_no_semi.o)
    0x08000a3c   0x08000a3c   0x00000008   Code   RO         2595    .text               c_w.l(rt_locale_intlibspace.o)
    0x08000a44   0x08000a44   0x0000002c   Code   RO         2597    .text               c_w.l(sprintf.o)
    0x08000a70   0x08000a70   0x0000002c   Code   RO         2599    .text               c_w.l(_printf_char.o)
    0x08000a9c   0x08000a9c   0x00000024   Code   RO         2601    .text               c_w.l(_printf_char_file.o)
    0x08000ac0   0x08000ac0   0x000000b8   Code   RO         2608    .text               c_w.l(localtime_internal.o)
    0x08000b78   0x08000b78   0x00000008   Code   RO         2610    .text               c_w.l(libspace.o)
    0x08000b80   0x08000b80   0x0000004e   Code   RO         2628    .text               c_w.l(_printf_pad.o)
    0x08000bce   0x08000bce   0x00000024   Code   RO         2630    .text               c_w.l(_printf_truncate.o)
    0x08000bf2   0x08000bf2   0x00000002   PAD
    0x08000bf4   0x08000bf4   0x00000078   Code   RO         2632    .text               c_w.l(_printf_dec.o)
    0x08000c6c   0x08000c6c   0x00000028   Code   RO         2634    .text               c_w.l(_printf_charcount.o)
    0x08000c94   0x08000c94   0x00000030   Code   RO         2636    .text               c_w.l(_printf_char_common.o)
    0x08000cc4   0x08000cc4   0x0000000a   Code   RO         2638    .text               c_w.l(_sputc.o)
    0x08000cce   0x08000cce   0x00000002   PAD
    0x08000cd0   0x08000cd0   0x000000bc   Code   RO         2640    .text               c_w.l(_printf_wctomb.o)
    0x08000d8c   0x08000d8c   0x0000007c   Code   RO         2643    .text               c_w.l(_printf_longlong_dec.o)
    0x08000e08   0x08000e08   0x00000070   Code   RO         2649    .text               c_w.l(_printf_oct_int_ll.o)
    0x08000e78   0x08000e78   0x00000094   Code   RO         2669    .text               c_w.l(_printf_hex_int_ll_ptr.o)
    0x08000f0c   0x08000f0c   0x00000008   Code   RO         2693    .text               c_w.l(ferror.o)
    0x08000f14   0x08000f14   0x0000004e   Code   RO         2697    .text               c_w.l(rt_memclr_w.o)
    0x08000f62   0x08000f62   0x00000002   PAD
    0x08000f64   0x08000f64   0x00000080   Code   RO         2699    .text               c_w.l(strcmpv7m.o)
    0x08000fe4   0x08000fe4   0x0000004a   Code   RO         2754    .text               c_w.l(sys_stackheap_outer.o)
    0x0800102e   0x0800102e   0x0000008a   Code   RO         2756    .text               c_w.l(lludiv10.o)
    0x080010b8   0x080010b8   0x000000b2   Code   RO         2758    .text               c_w.l(_printf_intcommon.o)
    0x0800116a   0x0800116a   0x0000041e   Code   RO         2760    .text               c_w.l(_printf_fp_dec.o)
    0x08001588   0x08001588   0x000002fc   Code   RO         2762    .text               c_w.l(_printf_fp_hex.o)
    0x08001884   0x08001884   0x0000002c   Code   RO         2767    .text               c_w.l(_printf_wchar.o)
    0x080018b0   0x080018b0   0x00000040   Code   RO         2769    .text               c_w.l(_wcrtomb.o)
    0x080018f0   0x080018f0   0x00000012   Code   RO         2771    .text               c_w.l(exit.o)
    0x08001902   0x08001902   0x00000002   PAD
    0x08001904   0x08001904   0x00000010   Code   RO         2785    .text               c_w.l(rt_ctype_table.o)
    0x08001914   0x08001914   0x00000080   Code   RO         2787    .text               c_w.l(_printf_fp_infnan.o)
    0x08001994   0x08001994   0x000000e4   Code   RO         2789    .text               c_w.l(bigflt0.o)
    0x08001a78   0x08001a78   0x0000003e   Code   RO         2792    CL$$btod_d2e        c_w.l(btod.o)
    0x08001ab6   0x08001ab6   0x00000046   Code   RO         2794    CL$$btod_d2e_denorm_low  c_w.l(btod.o)
    0x08001afc   0x08001afc   0x00000060   Code   RO         2793    CL$$btod_d2e_norm_op1  c_w.l(btod.o)
    0x08001b5c   0x08001b5c   0x00000338   Code   RO         2802    CL$$btod_div_common  c_w.l(btod.o)
    0x08001e94   0x08001e94   0x000000dc   Code   RO         2799    CL$$btod_e2e        c_w.l(btod.o)
    0x08001f70   0x08001f70   0x0000002a   Code   RO         2796    CL$$btod_ediv       c_w.l(btod.o)
    0x08001f9a   0x08001f9a   0x0000002a   Code   RO         2795    CL$$btod_emul       c_w.l(btod.o)
    0x08001fc4   0x08001fc4   0x00000244   Code   RO         2801    CL$$btod_mult_common  c_w.l(btod.o)
    0x08002208   0x08002208   0x00000012   Code   RO          489    i.BKP_DeInit        stm32f10x_bkp.o
    0x0800221a   0x0800221a   0x00000002   PAD
    0x0800221c   0x0800221c   0x00000010   Code   RO          494    i.BKP_ReadBackupRegister  stm32f10x_bkp.o
    0x0800222c   0x0800222c   0x00000010   Code   RO          498    i.BKP_WriteBackupRegister  stm32f10x_bkp.o
    0x0800223c   0x0800223c   0x00000002   Code   RO          141    i.BusFault_Handler  stm32f10x_it.o
    0x0800223e   0x0800223e   0x00000002   PAD
    0x08002240   0x08002240   0x0000002c   Code   RO         2494    i.CD4052_Init       cd4052.o
    0x0800226c   0x0800226c   0x00000018   Code   RO          631    i.DMA_ClearFlag     stm32f10x_dma.o
    0x08002284   0x08002284   0x00000016   Code   RO          633    i.DMA_Cmd           stm32f10x_dma.o
    0x0800229a   0x0800229a   0x00000002   PAD
    0x0800229c   0x0800229c   0x000000e4   Code   RO          634    i.DMA_DeInit        stm32f10x_dma.o
    0x08002380   0x08002380   0x00000020   Code   RO          636    i.DMA_GetFlagStatus  stm32f10x_dma.o
    0x080023a0   0x080023a0   0x0000003a   Code   RO          639    i.DMA_Init          stm32f10x_dma.o
    0x080023da   0x080023da   0x00000018   Code   RO         2416    i.DMA_ReadData      tm7705.o
    0x080023f2   0x080023f2   0x00000002   PAD
    0x080023f4   0x080023f4   0x00000060   Code   RO         2509    i.DMA_SPI_Init      spi_dma.o
    0x08002454   0x08002454   0x00000004   Code   RO          640    i.DMA_SetCurrDataCounter  stm32f10x_dma.o
    0x08002458   0x08002458   0x00000044   Code   RO         2510    i.DMA_Transfer      spi_dma.o
    0x0800249c   0x0800249c   0x00000068   Code   RO         2417    i.DRDYINT_Init      tm7705.o
    0x08002504   0x08002504   0x00000002   Code   RO          142    i.DebugMon_Handler  stm32f10x_it.o
    0x08002506   0x08002506   0x00000012   Code   RO         2420    i.EXTI15_10_IRQHandler  tm7705.o
    0x08002518   0x08002518   0x0000000c   Code   RO          704    i.EXTI_ClearITPendingBit  stm32f10x_exti.o
    0x08002524   0x08002524   0x00000070   Code   RO          709    i.EXTI_Init         stm32f10x_exti.o
    0x08002594   0x08002594   0x00000028   Code   RO         1052    i.GPIO_EXTILineConfig  stm32f10x_gpio.o
    0x080025bc   0x080025bc   0x0000009c   Code   RO         1055    i.GPIO_Init         stm32f10x_gpio.o
    0x08002658   0x08002658   0x0000000e   Code   RO         1059    i.GPIO_ReadInputDataBit  stm32f10x_gpio.o
    0x08002666   0x08002666   0x00000002   Code   RO          143    i.HardFault_Handler  stm32f10x_it.o
    0x08002668   0x08002668   0x00000024   Code   RO          330    i.Max485_init       bsp_usart.o
    0x0800268c   0x0800268c   0x00000002   Code   RO          144    i.MemManage_Handler  stm32f10x_it.o
    0x0800268e   0x0800268e   0x00000002   Code   RO          145    i.NMI_Handler       stm32f10x_it.o
    0x08002690   0x08002690   0x00000064   Code   RO          451    i.NVIC_Init         misc.o
    0x080026f4   0x080026f4   0x00000014   Code   RO          452    i.NVIC_PriorityGroupConfig  misc.o
    0x08002708   0x08002708   0x0000000c   Code   RO         1163    i.PWR_BackupAccessCmd  stm32f10x_pwr.o
    0x08002714   0x08002714   0x00000002   Code   RO          146    i.PendSV_Handler    stm32f10x_it.o
    0x08002716   0x08002716   0x00000002   PAD
    0x08002718   0x08002718   0x00000018   Code   RO         1224    i.RCC_AHBPeriphClockCmd  stm32f10x_rcc.o
    0x08002730   0x08002730   0x00000018   Code   RO         1225    i.RCC_APB1PeriphClockCmd  stm32f10x_rcc.o
    0x08002748   0x08002748   0x00000018   Code   RO         1227    i.RCC_APB2PeriphClockCmd  stm32f10x_rcc.o
    0x08002760   0x08002760   0x0000000c   Code   RO         1230    i.RCC_BackupResetCmd  stm32f10x_rcc.o
    0x0800276c   0x0800276c   0x00000094   Code   RO         1235    i.RCC_GetClocksFreq  stm32f10x_rcc.o
    0x08002800   0x08002800   0x00000030   Code   RO         1236    i.RCC_GetFlagStatus  stm32f10x_rcc.o
    0x08002830   0x08002830   0x00000020   Code   RO         1243    i.RCC_LSEConfig     stm32f10x_rcc.o
    0x08002850   0x08002850   0x0000000c   Code   RO         1250    i.RCC_RTCCLKCmd     stm32f10x_rcc.o
    0x0800285c   0x0800285c   0x00000010   Code   RO         1251    i.RCC_RTCCLKConfig  stm32f10x_rcc.o
    0x0800286c   0x0800286c   0x00000010   Code   RO         1424    i.RTC_ClearITPendingBit  stm32f10x_rtc.o
    0x0800287c   0x0800287c   0x000000d4   Code   RO         2369    i.RTC_Configuration  rtc.o
    0x08002950   0x08002950   0x00000010   Code   RO         1425    i.RTC_EnterConfigMode  stm32f10x_rtc.o
    0x08002960   0x08002960   0x00000010   Code   RO         1426    i.RTC_ExitConfigMode  stm32f10x_rtc.o
    0x08002970   0x08002970   0x00000014   Code   RO         1427    i.RTC_GetCounter    stm32f10x_rtc.o
    0x08002984   0x08002984   0x00000020   Code   RO         1430    i.RTC_GetITStatus   stm32f10x_rtc.o
    0x080029a4   0x080029a4   0x0000007c   Code   RO          147    i.RTC_IRQHandler    stm32f10x_it.o
    0x08002a20   0x08002a20   0x00000018   Code   RO         1431    i.RTC_ITConfig      stm32f10x_rtc.o
    0x08002a38   0x08002a38   0x00000170   Code   RO         2370    i.RTC_Init          rtc.o
    0x08002ba8   0x08002ba8   0x00000028   Code   RO         2371    i.RTC_NVIC_Configuration  rtc.o
    0x08002bd0   0x08002bd0   0x00000040   Code   RO         2372    i.RTC_ReadTime      rtc.o
    0x08002c10   0x08002c10   0x00000020   Code   RO         1433    i.RTC_SetCounter    stm32f10x_rtc.o
    0x08002c30   0x08002c30   0x00000020   Code   RO         1434    i.RTC_SetPrescaler  stm32f10x_rtc.o
    0x08002c50   0x08002c50   0x00000010   Code   RO         1435    i.RTC_WaitForLastTask  stm32f10x_rtc.o
    0x08002c60   0x08002c60   0x00000018   Code   RO         1436    i.RTC_WaitForSynchro  stm32f10x_rtc.o
    0x08002c78   0x08002c78   0x0000009c   Code   RO         2511    i.SPI2_Init         spi_dma.o
    0x08002d14   0x08002d14   0x00000050   Code   RO         2512    i.SPI2_ReadWriteByte  spi_dma.o
    0x08002d64   0x08002d64   0x00000014   Code   RO         1517    i.SPI_Cmd           stm32f10x_spi.o
    0x08002d78   0x08002d78   0x00000010   Code   RO         1523    i.SPI_I2S_DMACmd    stm32f10x_spi.o
    0x08002d88   0x08002d88   0x0000000e   Code   RO         1525    i.SPI_I2S_GetFlagStatus  stm32f10x_spi.o
    0x08002d96   0x08002d96   0x00000004   Code   RO         1528    i.SPI_I2S_ReceiveData  stm32f10x_spi.o
    0x08002d9a   0x08002d9a   0x00000004   Code   RO         1529    i.SPI_I2S_SendData  stm32f10x_spi.o
    0x08002d9e   0x08002d9e   0x00000038   Code   RO         1530    i.SPI_Init          stm32f10x_spi.o
    0x08002dd6   0x08002dd6   0x00000002   Code   RO          148    i.SVC_Handler       stm32f10x_it.o
    0x08002dd8   0x08002dd8   0x000000a8   Code   RO          220    i.SetSysClockTo72   system_stm32f10x.o
    0x08002e80   0x08002e80   0x00000018   Code   RO          455    i.SysTick_CLKSourceConfig  misc.o
    0x08002e98   0x08002e98   0x00000002   Code   RO          149    i.SysTick_Handler   stm32f10x_it.o
    0x08002e9a   0x08002e9a   0x00000002   PAD
    0x08002e9c   0x08002e9c   0x00000050   Code   RO          222    i.SystemInit        system_stm32f10x.o
    0x08002eec   0x08002eec   0x000000c4   Code   RO         2421    i.TM7705_Calibself  tm7705.o
    0x08002fb0   0x08002fb0   0x00000064   Code   RO         2422    i.TM7705_Init       tm7705.o
    0x08003014   0x08003014   0x00000012   Code   RO         2425    i.TM7705_WriteReg   tm7705.o
    0x08003026   0x08003026   0x00000002   PAD
    0x08003028   0x08003028   0x00000044   Code   RO         2373    i.Time_Adjust       rtc.o
    0x0800306c   0x0800306c   0x00000030   Code   RO          150    i.USART3_IRQHandler  stm32f10x_it.o
    0x0800309c   0x0800309c   0x00000006   Code   RO         2189    i.USART_ClearFlag   stm32f10x_usart.o
    0x080030a2   0x080030a2   0x00000014   Code   RO         2193    i.USART_Cmd         stm32f10x_usart.o
    0x080030b6   0x080030b6   0x00000002   PAD
    0x080030b8   0x080030b8   0x000000b0   Code   RO          331    i.USART_Config      bsp_usart.o
    0x08003168   0x08003168   0x0000000e   Code   RO         2196    i.USART_GetFlagStatus  stm32f10x_usart.o
    0x08003176   0x08003176   0x0000003e   Code   RO         2197    i.USART_GetITStatus  stm32f10x_usart.o
    0x080031b4   0x080031b4   0x00000030   Code   RO         2199    i.USART_ITConfig    stm32f10x_usart.o
    0x080031e4   0x080031e4   0x000000ac   Code   RO         2200    i.USART_Init        stm32f10x_usart.o
    0x08003290   0x08003290   0x00000008   Code   RO         2207    i.USART_ReceiveData  stm32f10x_usart.o
    0x08003298   0x08003298   0x00000008   Code   RO         2210    i.USART_SendData    stm32f10x_usart.o
    0x080032a0   0x080032a0   0x00000002   Code   RO          151    i.UsageFault_Handler  stm32f10x_it.o
    0x080032a2   0x080032a2   0x00000028   Code   RO         2824    i.__ARM_fpclassify  m_ws.l(fpclassify.o)
    0x080032ca   0x080032ca   0x0000000e   Code   RO         2564    i._is_digit         c_w.l(__printf_wp.o)
    0x080032d8   0x080032d8   0x00000002   Code   RO          336    i._sys_exit         bsp_usart.o
    0x080032da   0x080032da   0x00000002   PAD
    0x080032dc   0x080032dc   0x0000003c   Code   RO          249    i.delay_init        delay.o
    0x08003318   0x08003318   0x00000034   Code   RO          250    i.delay_ms          delay.o
    0x0800334c   0x0800334c   0x00000024   Code   RO          338    i.fputc             bsp_usart.o
    0x08003370   0x08003370   0x00000044   Code   RO            1    i.main              main.o
    0x080033b4   0x080033b4   0x0000002c   Code   RO         2605    locale$$code        c_w.l(lc_time_c.o)
    0x080033e0   0x080033e0   0x0000002c   Code   RO         2815    locale$$code        c_w.l(lc_numeric_c.o)
    0x0800340c   0x0800340c   0x0000002c   Code   RO         2838    locale$$code        c_w.l(lc_ctype_c.o)
    0x08003438   0x08003438   0x00000004   Code   RO         2746    x$fpl$printf1       fz_ws.l(printf1.o)
    0x0800343c   0x0800343c   0x00000004   Code   RO         2748    x$fpl$printf2       fz_ws.l(printf2.o)
    0x08003440   0x08003440   0x00000000   Code   RO         2823    x$fpl$usenofp       fz_ws.l(usenofp.o)
    0x08003440   0x08003440   0x00000011   Data   RO         2572    .constdata          c_w.l(__printf_flags_ss_wp.o)
    0x08003451   0x08003451   0x0000000c   Data   RO         2607    .constdata          c_w.l(_monlen.o)
    0x0800345d   0x0800345d   0x00000003   PAD
    0x08003460   0x08003460   0x00000008   Data   RO         2641    .constdata          c_w.l(_printf_wctomb.o)
    0x08003468   0x08003468   0x00000028   Data   RO         2670    .constdata          c_w.l(_printf_hex_int_ll_ptr.o)
    0x08003490   0x08003490   0x00000026   Data   RO         2763    .constdata          c_w.l(_printf_fp_hex.o)
    0x080034b6   0x080034b6   0x00000002   PAD
    0x080034b8   0x080034b8   0x00000094   Data   RO         2790    .constdata          c_w.l(bigflt0.o)
    0x0800354c   0x0800354c   0x00000020   Data   RO         2896    Region$$Table       anon$$obj.o
    0x0800356c   0x0800356c   0x00000180   Data   RO         2604    locale$$data        c_w.l(lc_time_c.o)
    0x080036ec   0x080036ec   0x0000001c   Data   RO         2814    locale$$data        c_w.l(lc_numeric_c.o)
    0x08003708   0x08003708   0x00000110   Data   RO         2837    locale$$data        c_w.l(lc_ctype_c.o)


    Execution Region ER_RW (Exec base: 0x20000000, Load base: 0x08003818, Size: 0x00000048, Max: 0xffffffff, ABSOLUTE)

    Exec Addr    Load Addr    Size         Type   Attr      Idx    E Section Name        Object

    0x20000000   0x08003818   0x00000001   Data   RW          153    .data               stm32f10x_it.o
    0x20000001   0x08003819   0x00000003   PAD
    0x20000004   0x0800381c   0x00000014   Data   RW          223    .data               system_stm32f10x.o
    0x20000018   0x08003830   0x00000004   Data   RW          252    .data               delay.o
    0x2000001c   0x08003834   0x00000004   Data   RW          339    .data               bsp_usart.o
    0x20000020   0x08003838   0x00000014   Data   RW         1255    .data               stm32f10x_rcc.o
    0x20000034   0x0800384c   0x0000000c   Data   RW         2375    .data               rtc.o
    0x20000040   0x08003858   0x00000004   Data   RW         2376    .data               rtc.o
    0x20000044   0x0800385c   0x00000004   Data   RW         2513    .data               spi_dma.o


    Execution Region ER_ZI (Exec base: 0x20000048, Load base: 0x08003860, Size: 0x00000720, Max: 0xffffffff, ABSOLUTE)

    Exec Addr    Load Addr    Size         Type   Attr      Idx    E Section Name        Object

    0x20000048        -       0x00000040   Zero   RW            2    .bss                main.o
    0x20000088        -       0x00000050   Zero   RW         2374    .bss                rtc.o
    0x200000d8        -       0x0000002c   Zero   RW         2579    .bss                c_w.l(localtime.o)
    0x20000104        -       0x00000060   Zero   RW         2611    .bss                c_w.l(libspace.o)
    0x20000164   0x08003860   0x00000004   PAD
    0x20000168        -       0x00000200   Zero   RW          445    HEAP                startup_stm32f10x_hd.o
    0x20000368        -       0x00000400   Zero   RW          444    STACK               startup_stm32f10x_hd.o


==============================================================================

Image component sizes


      Code (inc. data)   RO Data    RW Data    ZI Data      Debug   Object Name

       250         20          0          4          0       4036   bsp_usart.o
        44         10          0          0          0        406   cd4052.o
       112         20          0          4          0     207984   delay.o
        68          8          0          0         64      45484   main.o
       144         16          0          0          0       1977   misc.o
       752        204          0         16         80       4251   rtc.o
       400         36          0          4          0       2534   spi_dma.o
        64         26        304          0       1536        776   startup_stm32f10x_hd.o
        50          8          0          0          0       2552   stm32f10x_bkp.o
       368         26          0          0          0       5111   stm32f10x_dma.o
       124         10          0          0          0       1493   stm32f10x_exti.o
       210          6          0          0          0       3198   stm32f10x_gpio.o
       190         30          0          1          0       4620   stm32f10x_it.o
        12          6          0          0          0        482   stm32f10x_pwr.o
       340         62          0         20          0       7566   stm32f10x_rcc.o
       228         50          0          0          0       5346   stm32f10x_rtc.o
       114          0          0          0          0       4271   stm32f10x_spi.o
       338          6          0          0          0       6679   stm32f10x_usart.o
         0          0          0          0          0         32   sys.o
       248         24          0         20          0       1617   system_stm32f10x.o
       460         10          0          0          0       3668   tm7705.o

    ----------------------------------------------------------------------
      4534        578        336         72       1680     314083   Object Totals
         0          0         32          0          0          0   (incl. Generated)
        18          0          0          3          0          0   (incl. Padding)

    ----------------------------------------------------------------------

      Code (inc. data)   RO Data    RW Data    ZI Data      Debug   Library Member Name

        24          4          0          0          0         84   __2printf.o
         8          0          0          0          0         68   __main.o
       392          4         17          0          0         92   __printf_flags_ss_wp.o
        14          0          0          0          0         68   __printf_wp.o
         0          0          0          0          0          0   __rtentry.o
        12          0          0          0          0          0   __rtentry2.o
         6          0          0          0          0          0   __rtentry4.o
        52          8          0          0          0          0   __scatter.o
        26          0          0          0          0          0   __scatter_copy.o
        28          0          0          0          0          0   __scatter_zi.o
         0          0         12          0          0          0   _monlen.o
         6          0          0          0          0          0   _printf_a.o
         6          0          0          0          0          0   _printf_c.o
        44          0          0          0          0        108   _printf_char.o
        48          6          0          0          0         96   _printf_char_common.o
        36          4          0          0          0         80   _printf_char_file.o
        40          0          0          0          0         68   _printf_charcount.o
         6          0          0          0          0          0   _printf_d.o
       120         16          0          0          0         92   _printf_dec.o
         6          0          0          0          0          0   _printf_e.o
         6          0          0          0          0          0   _printf_f.o
      1054          0          0          0          0        216   _printf_fp_dec.o
       764          8         38          0          0        100   _printf_fp_hex.o
       128         16          0          0          0         84   _printf_fp_infnan.o
         6          0          0          0          0          0   _printf_g.o
       148          4         40          0          0        160   _printf_hex_int_ll_ptr.o
         6          0          0          0          0          0   _printf_i.o
       178          0          0          0          0         88   _printf_intcommon.o
        10          0          0          0          0          0   _printf_l.o
         6          0          0          0          0          0   _printf_lc.o
        10          0          0          0          0          0   _printf_ll.o
         6          0          0          0          0          0   _printf_lld.o
         6          0          0          0          0          0   _printf_lli.o
         6          0          0          0          0          0   _printf_llo.o
         6          0          0          0          0          0   _printf_llu.o
         6          0          0          0          0          0   _printf_llx.o
       124         16          0          0          0         92   _printf_longlong_dec.o
         6          0          0          0          0          0   _printf_ls.o
         6          0          0          0          0          0   _printf_n.o
         6          0          0          0          0          0   _printf_o.o
       112         10          0          0          0        124   _printf_oct_int_ll.o
         6          0          0          0          0          0   _printf_p.o
        78          0          0          0          0        108   _printf_pad.o
         0          0          0          0          0          0   _printf_percent.o
         4          0          0          0          0          0   _printf_percent_end.o
         6          0          0          0          0          0   _printf_s.o
        82          0          0          0          0         80   _printf_str.o
        36          0          0          0          0         84   _printf_truncate.o
         6          0          0          0          0          0   _printf_u.o
        44          0          0          0          0        108   _printf_wchar.o
       188          6          8          0          0         92   _printf_wctomb.o
         6          0          0          0          0          0   _printf_x.o
        10          0          0          0          0         68   _sputc.o
        64          0          0          0          0         92   _wcrtomb.o
       228          4        148          0          0         96   bigflt0.o
      1936        128          0          0          0        672   btod.o
        18          0          0          0          0         80   exit.o
         8          0          0          0          0         68   ferror.o
         6          0          0          0          0        152   heapauxi.o
        44         10        272          0          0         76   lc_ctype_c.o
        44         10         28          0          0         76   lc_numeric_c.o
        44         10        384          0          0         76   lc_time_c.o
         2          0          0          0          0          0   libinit.o
        40          0          0          0          0          0   libinit2.o
         2          0          0          0          0          0   libshutdown.o
         2          0          0          0          0          0   libshutdown2.o
         8          4          0          0         96         68   libspace.o
       138          0          0          0          0         80   lludiv10.o
        12          6          0          0         44         68   localtime.o
       184          6          0          0          0         80   localtime_internal.o
       428         10          0          0          0        116   mktime.o
        16          4          0          0          0         76   rt_ctype_table.o
         8          4          0          0          0         68   rt_locale_intlibspace.o
        78          0          0          0          0         80   rt_memclr_w.o
       100          0          0          0          0         80   rt_memcpy_w.o
         2          0          0          0          0          0   rtexit.o
        10          0          0          0          0          0   rtexit2.o
        44          6          0          0          0         84   sprintf.o
       128          0          0          0          0         68   strcmpv7m.o
       864        122          0          0          0        184   strftime.o
        74          0          0          0          0         80   sys_stackheap_outer.o
         2          0          0          0          0         68   use_no_semi.o
         2          0          0          0          0         68   use_no_semi_2.o
         4          0          0          0          0         68   printf1.o
         4          0          0          0          0         68   printf2.o
         0          0          0          0          0          0   usenofp.o
        40          0          0          0          0         68   fpclassify.o

    ----------------------------------------------------------------------
      8538        426        952          0        144       5020   Library Totals
        14          0          5          0          4          0   (incl. Padding)

    ----------------------------------------------------------------------

      Code (inc. data)   RO Data    RW Data    ZI Data      Debug   Library Name

      8476        426        947          0        140       4816   c_w.l
         8          0          0          0          0        136   fz_ws.l
        40          0          0          0          0         68   m_ws.l

    ----------------------------------------------------------------------
      8538        426        952          0        144       5020   Library Totals

    ----------------------------------------------------------------------

==============================================================================


      Code (inc. data)   RO Data    RW Data    ZI Data      Debug   

     13072       1004       1288         72       1824     312183   Grand Totals
     13072       1004       1288         72       1824     312183   ELF Image Totals
     13072       1004       1288         72          0          0   ROM Totals

==============================================================================

    Total RO  Size (Code + RO Data)                14360 (  14.02kB)
    Total RW  Size (RW Data + ZI Data)              1896 (   1.85kB)
    Total ROM Size (Code + RO Data + RW Data)      14432 (  14.09kB)

==============================================================================

