Component: ARM Compiler 5.06 update 7 (build 960) Tool: armlink [4d3601]

==============================================================================

Section Cross References

    main.o(i.main) refers to delay.o(i.delay_init) for delay_init
    main.o(i.main) refers to bsp_usart.o(i.USART_Config) for USART_Config
    main.o(i.main) refers to bsp_usart.o(i.Max485_init) for Max485_init
    main.o(i.main) refers to rtc.o(i.RTC_Init) for RTC_Init
    main.o(i.main) refers to spi_dma.o(i.SPI2_Init) for SPI2_Init
    stm32f10x_it.o(i.RTC_IRQHandler) refers to stm32f10x_rtc.o(i.RTC_GetITStatus) for RTC_GetITStatus
    stm32f10x_it.o(i.RTC_IRQHandler) refers to stm32f10x_rtc.o(i.RTC_ClearITPendingBit) for RTC_ClearITPendingBit
    stm32f10x_it.o(i.RTC_IRQHandler) refers to rtc.o(i.RTC_ReadTime) for RTC_ReadTime
    stm32f10x_it.o(i.RTC_IRQHandler) refers to bsp_usart.o(i.Usart_SendStr) for Usart_SendStr
    stm32f10x_it.o(i.RTC_IRQHandler) refers to __2printf.o(.text) for __2printf
    stm32f10x_it.o(i.RTC_IRQHandler) refers to stm32f10x_usart.o(i.USART_GetFlagStatus) for USART_GetFlagStatus
    stm32f10x_it.o(i.RTC_IRQHandler) refers to stm32f10x_rtc.o(i.RTC_WaitForLastTask) for RTC_WaitForLastTask
    stm32f10x_it.o(i.RTC_IRQHandler) refers to rtc.o(.data) for time_str
    stm32f10x_it.o(i.USART3_IRQHandler) refers to stm32f10x_usart.o(i.USART_GetITStatus) for USART_GetITStatus
    stm32f10x_it.o(i.USART3_IRQHandler) refers to stm32f10x_usart.o(i.USART_ClearFlag) for USART_ClearFlag
    stm32f10x_it.o(i.USART3_IRQHandler) refers to stm32f10x_usart.o(i.USART_ReceiveData) for USART_ReceiveData
    stm32f10x_it.o(i.USART3_IRQHandler) refers to stm32f10x_it.o(.data) for .data
    system_stm32f10x.o(i.SystemCoreClockUpdate) refers to system_stm32f10x.o(.data) for .data
    system_stm32f10x.o(i.SystemInit) refers to system_stm32f10x.o(i.SetSysClockTo72) for SetSysClockTo72
    delay.o(i.delay_init) refers to misc.o(i.SysTick_CLKSourceConfig) for SysTick_CLKSourceConfig
    delay.o(i.delay_init) refers to system_stm32f10x.o(.data) for SystemCoreClock
    delay.o(i.delay_init) refers to delay.o(.data) for .data
    delay.o(i.delay_ms) refers to delay.o(.data) for .data
    delay.o(i.delay_us) refers to delay.o(.data) for .data
    bsp_usart.o(i.Max485_init) refers (Special) to use_no_semi_2.o(.text) for __use_no_semihosting
    bsp_usart.o(i.Max485_init) refers to stm32f10x_gpio.o(i.GPIO_Init) for GPIO_Init
    bsp_usart.o(i.USART_Config) refers (Special) to use_no_semi_2.o(.text) for __use_no_semihosting
    bsp_usart.o(i.USART_Config) refers to stm32f10x_rcc.o(i.RCC_APB2PeriphClockCmd) for RCC_APB2PeriphClockCmd
    bsp_usart.o(i.USART_Config) refers to stm32f10x_rcc.o(i.RCC_APB1PeriphClockCmd) for RCC_APB1PeriphClockCmd
    bsp_usart.o(i.USART_Config) refers to stm32f10x_gpio.o(i.GPIO_Init) for GPIO_Init
    bsp_usart.o(i.USART_Config) refers to stm32f10x_usart.o(i.USART_Init) for USART_Init
    bsp_usart.o(i.USART_Config) refers to misc.o(i.NVIC_PriorityGroupConfig) for NVIC_PriorityGroupConfig
    bsp_usart.o(i.USART_Config) refers to misc.o(i.NVIC_Init) for NVIC_Init
    bsp_usart.o(i.USART_Config) refers to stm32f10x_usart.o(i.USART_ITConfig) for USART_ITConfig
    bsp_usart.o(i.USART_Config) refers to stm32f10x_usart.o(i.USART_Cmd) for USART_Cmd
    bsp_usart.o(i.Usart_SendArray) refers (Special) to use_no_semi_2.o(.text) for __use_no_semihosting
    bsp_usart.o(i.Usart_SendArray) refers to bsp_usart.o(i.Usart_SendByte) for Usart_SendByte
    bsp_usart.o(i.Usart_SendArray) refers to stm32f10x_usart.o(i.USART_GetFlagStatus) for USART_GetFlagStatus
    bsp_usart.o(i.Usart_SendByte) refers (Special) to use_no_semi_2.o(.text) for __use_no_semihosting
    bsp_usart.o(i.Usart_SendByte) refers to stm32f10x_usart.o(i.USART_SendData) for USART_SendData
    bsp_usart.o(i.Usart_SendByte) refers to stm32f10x_usart.o(i.USART_GetFlagStatus) for USART_GetFlagStatus
    bsp_usart.o(i.Usart_SendHalfWord) refers (Special) to use_no_semi_2.o(.text) for __use_no_semihosting
    bsp_usart.o(i.Usart_SendHalfWord) refers to stm32f10x_usart.o(i.USART_SendData) for USART_SendData
    bsp_usart.o(i.Usart_SendHalfWord) refers to stm32f10x_usart.o(i.USART_GetFlagStatus) for USART_GetFlagStatus
    bsp_usart.o(i.Usart_SendStr) refers (Special) to use_no_semi_2.o(.text) for __use_no_semihosting
    bsp_usart.o(i.Usart_SendStr) refers to bsp_usart.o(i.Usart_SendByte) for Usart_SendByte
    bsp_usart.o(i.Usart_SendStr) refers to stm32f10x_usart.o(i.USART_GetFlagStatus) for USART_GetFlagStatus
    bsp_usart.o(i.Usart_SendStr) refers to delay.o(i.delay_us) for delay_us
    bsp_usart.o(i._sys_exit) refers (Special) to use_no_semi_2.o(.text) for __use_no_semihosting
    bsp_usart.o(i.fgetc) refers (Special) to use_no_semi_2.o(.text) for __use_no_semihosting
    bsp_usart.o(i.fgetc) refers to stm32f10x_usart.o(i.USART_GetFlagStatus) for USART_GetFlagStatus
[...]
    .ARM.Collect$$libshutdown$$00000002      0x08000260   Section        0  libshutdown2.o(.ARM.Collect$$libshutdown$$00000002)
    .ARM.Collect$$libshutdown$$00000004      0x08000260   Section        0  libshutdown2.o(.ARM.Collect$$libshutdown$$00000004)
    .ARM.Collect$$libshutdown$$00000006      0x08000260   Section        0  libshutdown2.o(.ARM.Collect$$libshutdown$$00000006)
    .ARM.Collect$$libshutdown$$00000009      0x08000260   Section        0  libshutdown2.o(.ARM.Collect$$libshutdown$$00000009)
    .ARM.Collect$$libshutdown$$0000000C      0x08000260   Section        0  libshutdown2.o(.ARM.Collect$$libshutdown$$0000000C)
    .ARM.Collect$$libshutdown$$0000000E      0x08000260   Section        0  libshutdown2.o(.ARM.Collect$$libshutdown$$0000000E)
    .ARM.Collect$$libshutdown$$00000011      0x08000260   Section        0  libshutdown2.o(.ARM.Collect$$libshutdown$$00000011)
    .ARM.Collect$$libshutdown$$00000012      0x08000260   Section        2  libshutdown2.o(.ARM.Collect$$libshutdown$$00000012)
    .ARM.Collect$$rtentry$$00000000          0x08000262   Section        0  __rtentry.o(.ARM.Collect$$rtentry$$00000000)
    .ARM.Collect$$rtentry$$00000002          0x08000262   Section        0  __rtentry2.o(.ARM.Collect$$rtentry$$00000002)
    .ARM.Collect$$rtentry$$00000004          0x08000262   Section        6  __rtentry4.o(.ARM.Collect$$rtentry$$00000004)
    .ARM.Collect$$rtentry$$00000009          0x08000268   Section        0  __rtentry2.o(.ARM.Collect$$rtentry$$00000009)
    .ARM.Collect$$rtentry$$0000000A          0x08000268   Section        4  __rtentry2.o(.ARM.Collect$$rtentry$$0000000A)
    .ARM.Collect$$rtentry$$0000000C          0x0800026c   Section        0  __rtentry2.o(.ARM.Collect$$rtentry$$0000000C)
    .ARM.Collect$$rtentry$$0000000D          0x0800026c   Section        8  __rtentry2.o(.ARM.Collect$$rtentry$$0000000D)
    .ARM.Collect$$rtexit$$00000000           0x08000274   Section        2  rtexit.o(.ARM.Collect$$rtexit$$00000000)
    .ARM.Collect$$rtexit$$00000002           0x08000276   Section        0  rtexit2.o(.ARM.Collect$$rtexit$$00000002)
    .ARM.Collect$$rtexit$$00000003           0x08000276   Section        4  rtexit2.o(.ARM.Collect$$rtexit$$00000003)
    .ARM.Collect$$rtexit$$00000004           0x0800027a   Section        6  rtexit2.o(.ARM.Collect$$rtexit$$00000004)
    .text                                    0x08000280   Section       64  startup_stm32f10x_hd.o(.text)
    .text                                    0x080002c0   Section        2  use_no_semi_2.o(.text)
    .text                                    0x080002c4   Section        0  __2printf.o(.text)
    .text                                    0x080002dc   Section      100  rt_memcpy_w.o(.text)
    .text                                    0x08000340   Section        0  localtime.o(.text)
    .text                                    0x0800034c   Section        0  mktime.o(.text)
    _tm_carry                                0x0800034d   Thumb Code    62  mktime.o(.text)
    .text                                    0x080004f8   Section        0  strftime.o(.text)
    _isoweek                                 0x080004f9   Thumb Code    64  strftime.o(.text)
    _findweek                                0x080007b3   Thumb Code    24  strftime.o(.text)
    _yeardays                                0x080007cb   Thumb Code    42  strftime.o(.text)
    _weekbasedyear                           0x080007f5   Thumb Code    24  strftime.o(.text)
    .text                                    0x08000858   Section        0  heapauxi.o(.text)
    .text                                    0x0800085e   Section        2  use_no_semi.o(.text)
    .text                                    0x08000860   Section        8  rt_locale_intlibspace.o(.text)
    .text                                    0x08000868   Section        0  sprintf.o(.text)
    .text                                    0x08000894   Section        0  _printf_char_file.o(.text)
    .text                                    0x080008b8   Section        0  localtime_internal.o(.text)
    .text                                    0x08000970   Section        8  libspace.o(.text)
    .text                                    0x08000978   Section        0  _printf_pad.o(.text)
    .text                                    0x080009c6   Section        0  _printf_truncate.o(.text)
    .text                                    0x080009ea   Section        0  _printf_str.o(.text)
    .text                                    0x08000a3c   Section        0  _printf_dec.o(.text)
    .text                                    0x08000ab4   Section        0  _printf_charcount.o(.text)
    .text                                    0x08000adc   Section        0  _printf_char_common.o(.text)
    _printf_input_char                       0x08000add   Thumb Code    10  _printf_char_common.o(.text)
    .text                                    0x08000b0c   Section        0  _sputc.o(.text)
    .text                                    0x08000b18   Section        0  _printf_wctomb.o(.text)
    .text                                    0x08000bd4   Section        0  _printf_longlong_dec.o(.text)
    .text                                    0x08000c50   Section        0  _printf_oct_int_ll.o(.text)
    _printf_longlong_oct_internal            0x08000c51   Thumb Code     0  _printf_oct_int_ll.o(.text)
    .text                                    0x08000cc0   Section        0  _printf_hex_int_ll_ptr.o(.text)
    _printf_hex_common                       0x08000cc1   Thumb Code     0  _printf_hex_int_ll_ptr.o(.text)
    .text                                    0x08000d54   Section        0  __printf_flags_ss_wp.o(.text)
    .text                                    0x08000edc   Section        0  ferror.o(.text)
    .text                                    0x08000ee4   Section       78  rt_memclr_w.o(.text)
    .text                                    0x08000f34   Section      128  strcmpv7m.o(.text)
    .text                                    0x08000fb4   Section       74  sys_stackheap_outer.o(.text)
    .text                                    0x08000ffe   Section      138  lludiv10.o(.text)
    .text                                    0x08001088   Section        0  _printf_intcommon.o(.text)
    .text                                    0x0800113a   Section        0  _printf_fp_dec.o(.text)
    _fp_digits                               0x0800113d   Thumb Code   432  _printf_fp_dec.o(.text)
    .text                                    0x08001558   Section        0  _printf_fp_hex.o(.text)
    .text                                    0x08001854   Section        0  _printf_char.o(.text)
    .text                                    0x08001880   Section        0  _printf_wchar.o(.text)
    .text                                    0x080018ac   Section        0  _wcrtomb.o(.text)
    .text                                    0x080018ec   Section        0  exit.o(.text)
    .text                                    0x08001900   Section       16  rt_ctype_table.o(.text)
    .text                                    0x08001910   Section        0  _printf_fp_infnan.o(.text)
    .text                                    0x08001990   Section        0  bigflt0.o(.text)
    CL$$btod_d2e                             0x08001a74   Section       62  btod.o(CL$$btod_d2e)
    CL$$btod_d2e_denorm_low                  0x08001ab2   Section       70  btod.o(CL$$btod_d2e_denorm_low)
    CL$$btod_d2e_norm_op1                    0x08001af8   Section       96  btod.o(CL$$btod_d2e_norm_op1)
    CL$$btod_div_common                      0x08001b58   Section      824  btod.o(CL$$btod_div_common)
    CL$$btod_e2e                             0x08001e90   Section      220  btod.o(CL$$btod_e2e)
    CL$$btod_ediv                            0x08001f6c   Section       42  btod.o(CL$$btod_ediv)
    CL$$btod_emul                            0x08001f96   Section       42  btod.o(CL$$btod_emul)
    CL$$btod_mult_common                     0x08001fc0   Section      580  btod.o(CL$$btod_mult_common)
    i.BKP_DeInit                             0x08002204   Section        0  stm32f10x_bkp.o(i.BKP_DeInit)
    i.BKP_ReadBackupRegister                 0x08002218   Section        0  stm32f10x_bkp.o(i.BKP_ReadBackupRegister)
    i.BKP_WriteBackupRegister                0x08002228   Section        0  stm32f10x_bkp.o(i.BKP_WriteBackupRegister)
    i.BusFault_Handler                       0x08002238   Section        0  stm32f10x_it.o(i.BusFault_Handler)
    i.DebugMon_Handler                       0x0800223a   Section        0  stm32f10x_it.o(i.DebugMon_Handler)
    i.GPIO_Init                              0x0800223c   Section        0  stm32f10x_gpio.o(i.GPIO_Init)
    i.HardFault_Handler                      0x080022d8   Section        0  stm32f10x_it.o(i.HardFault_Handler)
    i.Max485_init                            0x080022dc   Section        0  bsp_usart.o(i.Max485_init)
    i.MemManage_Handler                      0x08002300   Section        0  stm32f10x_it.o(i.MemManage_Handler)
    i.NMI_Handler                            0x08002302   Section        0  stm32f10x_it.o(i.NMI_Handler)
    i.NVIC_Init                              0x08002304   Section        0  misc.o(i.NVIC_Init)
    i.NVIC_PriorityGroupConfig               0x08002368   Section        0  misc.o(i.NVIC_PriorityGroupConfig)
    i.PWR_BackupAccessCmd                    0x0800237c   Section        0  stm32f10x_pwr.o(i.PWR_BackupAccessCmd)
    i.PendSV_Handler                         0x08002388   Section        0  stm32f10x_it.o(i.PendSV_Handler)
    i.RCC_APB1PeriphClockCmd                 0x0800238c   Section        0  stm32f10x_rcc.o(i.RCC_APB1PeriphClockCmd)
    i.RCC_APB2PeriphClockCmd                 0x080023a4   Section        0  stm32f10x_rcc.o(i.RCC_APB2PeriphClockCmd)
    i.RCC_BackupResetCmd                     0x080023bc   Section        0  stm32f10x_rcc.o(i.RCC_BackupResetCmd)
    i.RCC_GetClocksFreq                      0x080023c8   Section        0  stm32f10x_rcc.o(i.RCC_GetClocksFreq)
    i.RCC_GetFlagStatus                      0x0800245c   Section        0  stm32f10x_rcc.o(i.RCC_GetFlagStatus)
    i.RCC_LSEConfig                          0x0800248c   Section        0  stm32f10x_rcc.o(i.RCC_LSEConfig)
    i.RCC_RTCCLKCmd                          0x080024ac   Section        0  stm32f10x_rcc.o(i.RCC_RTCCLKCmd)
    i.RCC_RTCCLKConfig                       0x080024b8   Section        0  stm32f10x_rcc.o(i.RCC_RTCCLKConfig)
    i.RTC_ClearITPendingBit                  0x080024c8   Section        0  stm32f10x_rtc.o(i.RTC_ClearITPendingBit)
    i.RTC_Configuration                      0x080024d8   Section        0  rtc.o(i.RTC_Configuration)
    i.RTC_EnterConfigMode                    0x080025ac   Section        0  stm32f10x_rtc.o(i.RTC_EnterConfigMode)
    i.RTC_ExitConfigMode                     0x080025bc   Section        0  stm32f10x_rtc.o(i.RTC_ExitConfigMode)
    i.RTC_GetCounter                         0x080025cc   Section        0  stm32f10x_rtc.o(i.RTC_GetCounter)
    i.RTC_GetITStatus                        0x080025e0   Section        0  stm32f10x_rtc.o(i.RTC_GetITStatus)
    i.RTC_IRQHandler                         0x08002600   Section        0  stm32f10x_it.o(i.RTC_IRQHandler)
    i.RTC_ITConfig                           0x08002660   Section        0  stm32f10x_rtc.o(i.RTC_ITConfig)
    i.RTC_Init                               0x08002678   Section        0  rtc.o(i.RTC_Init)
    i.RTC_NVIC_Configuration                 0x080027e8   Section        0  rtc.o(i.RTC_NVIC_Configuration)
    i.RTC_ReadTime                           0x08002810   Section        0  rtc.o(i.RTC_ReadTime)
    i.RTC_SetCounter                         0x08002850   Section        0  stm32f10x_rtc.o(i.RTC_SetCounter)
    i.RTC_SetPrescaler                       0x08002870   Section        0  stm32f10x_rtc.o(i.RTC_SetPrescaler)
    i.RTC_WaitForLastTask                    0x08002890   Section        0  stm32f10x_rtc.o(i.RTC_WaitForLastTask)
    i.RTC_WaitForSynchro                     0x080028a0   Section        0  stm32f10x_rtc.o(i.RTC_WaitForSynchro)
    i.SPI2_Init                              0x080028b8   Section        0  spi_dma.o(i.SPI2_Init)
    i.SPI_Cmd                                0x08002948   Section        0  stm32f10x_spi.o(i.SPI_Cmd)
    i.SPI_Init                               0x0800295c   Section        0  stm32f10x_spi.o(i.SPI_Init)
    i.SVC_Handler                            0x08002994   Section        0  stm32f10x_it.o(i.SVC_Handler)
    i.SetSysClockTo72                        0x08002998   Section        0  system_stm32f10x.o(i.SetSysClockTo72)
    SetSysClockTo72                          0x08002999   Thumb Code   160  system_stm32f10x.o(i.SetSysClockTo72)
    i.SysTick_CLKSourceConfig                0x08002a40   Section        0  misc.o(i.SysTick_CLKSourceConfig)
    i.SysTick_Handler                        0x08002a58   Section        0  stm32f10x_it.o(i.SysTick_Handler)
    i.SystemInit                             0x08002a5c   Section        0  system_stm32f10x.o(i.SystemInit)
    i.Time_Adjust                            0x08002aac   Section        0  rtc.o(i.Time_Adjust)
    i.USART3_IRQHandler                      0x08002af0   Section        0  stm32f10x_it.o(i.USART3_IRQHandler)
    i.USART_ClearFlag                        0x08002b20   Section        0  stm32f10x_usart.o(i.USART_ClearFlag)
    i.USART_Cmd                              0x08002b26   Section        0  stm32f10x_usart.o(i.USART_Cmd)
    i.USART_Config                           0x08002b3c   Section        0  bsp_usart.o(i.USART_Config)
    i.USART_GetFlagStatus                    0x08002bec   Section        0  stm32f10x_usart.o(i.USART_GetFlagStatus)
    i.USART_GetITStatus                      0x08002bfa   Section        0  stm32f10x_usart.o(i.USART_GetITStatus)
    i.USART_ITConfig                         0x08002c38   Section        0  stm32f10x_usart.o(i.USART_ITConfig)
    i.USART_Init                             0x08002c68   Section        0  stm32f10x_usart.o(i.USART_Init)
    i.USART_ReceiveData                      0x08002d14   Section        0  stm32f10x_usart.o(i.USART_ReceiveData)
    i.USART_SendData                         0x08002d1c   Section        0  stm32f10x_usart.o(i.USART_SendData)
    i.UsageFault_Handler                     0x08002d24   Section        0  stm32f10x_it.o(i.UsageFault_Handler)
    i.Usart_SendByte                         0x08002d26   Section        0  bsp_usart.o(i.Usart_SendByte)
    i.Usart_SendStr                          0x08002d3c   Section        0  bsp_usart.o(i.Usart_SendStr)
    i.__ARM_fpclassify                       0x08002d8c   Section        0  fpclassify.o(i.__ARM_fpclassify)
    i._is_digit                              0x08002db4   Section        0  __printf_wp.o(i._is_digit)
    i._sys_exit                              0x08002dc2   Section        0  bsp_usart.o(i._sys_exit)
    i.delay_init                             0x08002dc4   Section        0  delay.o(i.delay_init)
    i.delay_us                               0x08002e00   Section        0  delay.o(i.delay_us)
    i.fputc                                  0x08002e34   Section        0  bsp_usart.o(i.fputc)
    i.main                                   0x08002e58   Section        0  main.o(i.main)
    locale$$code                             0x08002e70   Section       44  lc_time_c.o(locale$$code)
    locale$$code                             0x08002e9c   Section       44  lc_numeric_c.o(locale$$code)
    locale$$code                             0x08002ec8   Section       44  lc_ctype_c.o(locale$$code)
    x$fpl$printf1                            0x08002ef4   Section        4  printf1.o(x$fpl$printf1)
    x$fpl$printf2                            0x08002ef8   Section        4  printf2.o(x$fpl$printf2)
    .constdata                               0x08002efc   Section       12  _monlen.o(.constdata)
    x$fpl$usenofp                            0x08002efc   Section        0  usenofp.o(x$fpl$usenofp)
    .constdata                               0x08002f08   Section        8  _printf_wctomb.o(.constdata)
    initial_mbstate                          0x08002f08   Data           8  _printf_wctomb.o(.constdata)
    .constdata                               0x08002f10   Section       40  _printf_hex_int_ll_ptr.o(.constdata)
    uc_hextab                                0x08002f10   Data          20  _printf_hex_int_ll_ptr.o(.constdata)
    lc_hextab                                0x08002f24   Data          20  _printf_hex_int_ll_ptr.o(.constdata)
    .constdata                               0x08002f38   Section       17  __printf_flags_ss_wp.o(.constdata)
    maptable                                 0x08002f38   Data          17  __printf_flags_ss_wp.o(.constdata)
    .constdata                               0x08002f49   Section       38  _printf_fp_hex.o(.constdata)
    lc_hextab                                0x08002f49   Data          19  _printf_fp_hex.o(.constdata)
    uc_hextab                                0x08002f5c   Data          19  _printf_fp_hex.o(.constdata)
    .constdata                               0x08002f70   Section      148  bigflt0.o(.constdata)
    tenpwrs_x                                0x08002f70   Data          60  bigflt0.o(.constdata)
    tenpwrs_i                                0x08002fac   Data          64  bigflt0.o(.constdata)
    locale$$data                             0x08003024   Section      384  lc_time_c.o(locale$$data)
    __lctime_c_name                          0x08003028   Data           2  lc_time_c.o(locale$$data)
    __lctime_c_start                         0x08003030   Data           0  lc_time_c.o(locale$$data)
    __lctime_c_week_short                    0x08003068   Data           0  lc_time_c.o(locale$$data)
    __lctime_c_week_long                     0x08003084   Data           0  lc_time_c.o(locale$$data)
    __lctime_c_month_short                   0x080030c9   Data           0  lc_time_c.o(locale$$data)
    __lctime_c_month_long                    0x080030f9   Data           0  lc_time_c.o(locale$$data)
    __lctime_c_am                            0x08003170   Data           0  lc_time_c.o(locale$$data)
    __lctime_c_pm                            0x08003173   Data           0  lc_time_c.o(locale$$data)
    __lctime_c_datetime                      0x08003176   Data           0  lc_time_c.o(locale$$data)
    __lctime_c_date                          0x08003185   Data           0  lc_time_c.o(locale$$data)
    __lctime_c_time                          0x0800318e   Data           0  lc_time_c.o(locale$$data)
    __lctime_c_12hrtime                      0x08003197   Data           0  lc_time_c.o(locale$$data)
    locale$$data                             0x080031a4   Section       28  lc_numeric_c.o(locale$$data)
    __lctime_c_end                           0x080031a4   Data           0  lc_time_c.o(locale$$data)
    __lcnum_c_name                           0x080031a8   Data           2  lc_numeric_c.o(locale$$data)
    __lcnum_c_start                          0x080031b0   Data           0  lc_numeric_c.o(locale$$data)
    __lcnum_c_point                          0x080031bc   Data           0  lc_numeric_c.o(locale$$data)
    __lcnum_c_thousands                      0x080031be   Data           0  lc_numeric_c.o(locale$$data)
    __lcnum_c_grouping                       0x080031bf   Data           0  lc_numeric_c.o(locale$$data)
    locale$$data                             0x080031c0   Section      272  lc_ctype_c.o(locale$$data)
    __lcnum_c_end                            0x080031c0   Data           0  lc_numeric_c.o(locale$$data)
    __lcctype_c_name                         0x080031c4   Data           2  lc_ctype_c.o(locale$$data)
    __lcctype_c_start                        0x080031cc   Data           0  lc_ctype_c.o(locale$$data)
    __lcctype_c_end                          0x080032d0   Data           0  lc_ctype_c.o(locale$$data)
    .data                                    0x20000000   Section        1  stm32f10x_it.o(.data)
    .data                                    0x20000004   Section       20  system_stm32f10x.o(.data)
    .data                                    0x20000018   Section        4  delay.o(.data)
    fac_us                                   0x20000018   Data           1  delay.o(.data)
    fac_ms                                   0x2000001a   Data           2  delay.o(.data)
    .data                                    0x2000001c   Section        4  bsp_usart.o(.data)
    .data                                    0x20000020   Section       20  stm32f10x_rcc.o(.data)
    ADCPrescTable                            0x20000020   Data           4  stm32f10x_rcc.o(.data)
    APBAHBPrescTable                         0x20000024   Data          16  stm32f10x_rcc.o(.data)
    .data                                    0x20000034   Section       12  rtc.o(.data)
    .data                                    0x20000040   Section        4  rtc.o(.data)
    .bss                                     0x20000044   Section       80  rtc.o(.bss)
    tm_str                                   0x20000044   Data          80  rtc.o(.bss)
    .bss                                     0x20000094   Section       44  localtime.o(.bss)
    _tms                                     0x20000094   Data          44  localtime.o(.bss)
    .bss                                     0x200000c0   Section       96  libspace.o(.bss)
    HEAP                                     0x20000120   Section      512  startup_stm32f10x_hd.o(HEAP)
    Heap_Mem                                 0x20000120   Data         512  startup_stm32f10x_hd.o(HEAP)
    STACK                                    0x20000320   Section     1024  startup_stm32f10x_hd.o(STACK)
    Stack_Mem                                0x20000320   Data        1024  startup_stm32f10x_hd.o(STACK)
    __initial_sp                             0x20000720   Data           0  startup_stm32f10x_hd.o(STACK)

    Global Symbols

    Symbol Name                              Value     Ov Type        Size  Object(Section)

    BuildAttributes$$THM_ISAv4$P$D$K$B$S$PE$A:L22UL41UL21$X:L11$S22US41US21$IEEE1$IW$USESV6$~STKCKD$USESV7$~SHL$OTIME$ROPI$IEEEJ$EBA8$UX$STANDARDLIB$REQ8$PRES8$EABIv2 0x00000000   Number         0  anon$$obj.o ABSOLUTE
    __ARM_use_no_argv                        0x00000000   Number         0  main.o ABSOLUTE
    _printf_flags                            0x00000000   Number         0  printf_stubs.o ABSOLUTE
    _printf_return_value                     0x00000000   Number         0  printf_stubs.o ABSOLUTE
    _printf_sizespec                         0x00000000   Number         0  printf_stubs.o ABSOLUTE
    _printf_widthprec                        0x00000000   Number         0  printf_stubs.o ABSOLUTE
    __ARM_exceptions_init                     - Undefined Weak Reference
    __alloca_initialize                       - Undefined Weak Reference
    __arm_fini_                               - Undefined Weak Reference
    __arm_preinit_                            - Undefined Weak Reference
    __cpp_initialize__aeabi_                  - Undefined Weak Reference
    __cxa_finalize                            - Undefined Weak Reference
    __sigvec_lookup                           - Undefined Weak Reference
    _atexit_init                              - Undefined Weak Reference
    _call_atexit_fns                          - Undefined Weak Reference
    _clock_init                               - Undefined Weak Reference
    _fp_trap_init                             - Undefined Weak Reference
    _fp_trap_shutdown                         - Undefined Weak Reference
    _get_lc_collate                           - Undefined Weak Reference
    _get_lc_monetary                          - Undefined Weak Reference
    _getenv_init                              - Undefined Weak Reference
    _handle_redirection                       - Undefined Weak Reference
    _init_alloc                               - Undefined Weak Reference
    _init_user_alloc                          - Undefined Weak Reference
    _initio                                   - Undefined Weak Reference
    _mutex_acquire                            - Undefined Weak Reference
    _mutex_release                            - Undefined Weak Reference
    _printf_mbtowc                            - Undefined Weak Reference
    _printf_wc                                - Undefined Weak Reference
    _rand_init                                - Undefined Weak Reference
    _signal_finish                            - Undefined Weak Reference
    _signal_init                              - Undefined Weak Reference
    _terminate_alloc                          - Undefined Weak Reference
    _terminate_user_alloc                     - Undefined Weak Reference
    _terminateio                              - Undefined Weak Reference
    __Vectors_Size                           0x00000130   Number         0  startup_stm32f10x_hd.o ABSOLUTE
    __Vectors                                0x08000000   Data           4  startup_stm32f10x_hd.o(RESET)
    __Vectors_End                            0x08000130   Data           0  startup_stm32f10x_hd.o(RESET)
    __main                                   0x08000131   Thumb Code     8  __main.o(!!!main)
    __scatterload                            0x08000139   Thumb Code     0  __scatter.o(!!!scatter)
    __scatterload_rt2                        0x08000139   Thumb Code    44  __scatter.o(!!!scatter)
    __scatterload_rt2_thumb_only             0x08000139   Thumb Code     0  __scatter.o(!!!scatter)
    __scatterload_null                       0x08000147   Thumb Code     0  __scatter.o(!!!scatter)
    __scatterload_copy                       0x0800016d   Thumb Code    26  __scatter_copy.o(!!handler_copy)
    __scatterload_zeroinit                   0x08000189   Thumb Code    28  __scatter_zi.o(!!handler_zi)
    _printf_n                                0x080001a5   Thumb Code     0  _printf_n.o(.ARM.Collect$$_printf_percent$$00000001)
    _printf_percent                          0x080001a5   Thumb Code     0  _printf_percent.o(.ARM.Collect$$_printf_percent$$00000000)
    _printf_p                                0x080001ab   Thumb Code     0  _printf_p.o(.ARM.Collect$$_printf_percent$$00000002)
    _printf_f                                0x080001b1   Thumb Code     0  _printf_f.o(.ARM.Collect$$_printf_percent$$00000003)
    _printf_e                                0x080001b7   Thumb Code     0  _printf_e.o(.ARM.Collect$$_printf_percent$$00000004)
    _printf_g                                0x080001bd   Thumb Code     0  _printf_g.o(.ARM.Collect$$_printf_percent$$00000005)
    _printf_a                                0x080001c3   Thumb Code     0  _printf_a.o(.ARM.Collect$$_printf_percent$$00000006)
    _printf_ll                               0x080001c9   Thumb Code     0  _printf_ll.o(.ARM.Collect$$_printf_percent$$00000007)
    _printf_i                                0x080001d3   Thumb Code     0  _printf_i.o(.ARM.Collect$$_printf_percent$$00000008)
    _printf_d                                0x080001d9   Thumb Code     0  _printf_d.o(.ARM.Collect$$_printf_percent$$00000009)
    _printf_u                                0x080001df   Thumb Code     0  _printf_u.o(.ARM.Collect$$_printf_percent$$0000000A)
    _printf_o                                0x080001e5   Thumb Code     0  _printf_o.o(.ARM.Collect$$_printf_percent$$0000000B)
    _printf_x                                0x080001eb   Thumb Code     0  _printf_x.o(.ARM.Collect$$_printf_percent$$0000000C)
    _printf_lli                              0x080001f1   Thumb Code     0  _printf_lli.o(.ARM.Collect$$_printf_percent$$0000000D)
    _printf_lld                              0x080001f7   Thumb Code     0  _printf_lld.o(.ARM.Collect$$_printf_percent$$0000000E)
    _printf_llu                              0x080001fd   Thumb Code     0  _printf_llu.o(.ARM.Collect$$_printf_percent$$0000000F)
    _printf_llo                              0x08000203   Thumb Code     0  _printf_llo.o(.ARM.Collect$$_printf_percent$$00000010)
    _printf_llx                              0x08000209   Thumb Code     0  _printf_llx.o(.ARM.Collect$$_printf_percent$$00000011)
    _printf_l                                0x0800020f   Thumb Code     0  _printf_l.o(.ARM.Collect$$_printf_percent$$00000012)
    _printf_c                                0x08000219   Thumb Code     0  _printf_c.o(.ARM.Collect$$_printf_percent$$00000013)
    _printf_s                                0x0800021f   Thumb Code     0  _printf_s.o(.ARM.Collect$$_printf_percent$$00000014)
    _printf_lc                               0x08000225   Thumb Code     0  _printf_lc.o(.ARM.Collect$$_printf_percent$$00000015)
    _printf_ls                               0x0800022b   Thumb Code     0  _printf_ls.o(.ARM.Collect$$_printf_percent$$00000016)
    _printf_percent_end                      0x08000231   Thumb Code     0  _printf_percent_end.o(.ARM.Collect$$_printf_percent$$00000017)
    __rt_lib_init                            0x08000235   Thumb Code     0  libinit.o(.ARM.Collect$$libinit$$00000000)
    __rt_lib_init_fp_1                       0x08000237   Thumb Code     0  libinit2.o(.ARM.Collect$$libinit$$00000002)
    __rt_lib_init_heap_1                     0x08000237   Thumb Code     0  libinit2.o(.ARM.Collect$$libinit$$0000000A)
    __rt_lib_init_lc_common                  0x08000237   Thumb Code     0  libinit2.o(.ARM.Collect$$libinit$$0000000F)
    __rt_lib_init_preinit_1                  0x08000237   Thumb Code     0  libinit2.o(.ARM.Collect$$libinit$$00000004)
    __rt_lib_init_rand_1                     0x08000237   Thumb Code     0  libinit2.o(.ARM.Collect$$libinit$$0000000E)
    __rt_lib_init_user_alloc_1               0x08000237   Thumb Code     0  libinit2.o(.ARM.Collect$$libinit$$0000000C)
    __rt_lib_init_lc_collate_1               0x0800023d   Thumb Code     0  libinit2.o(.ARM.Collect$$libinit$$00000011)
    __rt_lib_init_lc_ctype_2                 0x0800023d   Thumb Code     0  libinit2.o(.ARM.Collect$$libinit$$00000012)
    __rt_lib_init_lc_ctype_1                 0x08000249   Thumb Code     0  libinit2.o(.ARM.Collect$$libinit$$00000013)
    __rt_lib_init_lc_monetary_1              0x08000249   Thumb Code     0  libinit2.o(.ARM.Collect$$libinit$$00000015)
    __rt_lib_init_lc_numeric_2               0x08000249   Thumb Code     0  libinit2.o(.ARM.Collect$$libinit$$00000016)
    __rt_lib_init_lc_numeric_1               0x08000253   Thumb Code     0  libinit2.o(.ARM.Collect$$libinit$$00000017)
    __rt_lib_init_lc_time_2                  0x08000253   Thumb Code     0  libinit2.o(.ARM.Collect$$libinit$$00000018)
    __rt_lib_init_alloca_1                   0x0800025d   Thumb Code     0  libinit2.o(.ARM.Collect$$libinit$$0000002E)
    __rt_lib_init_argv_1                     0x0800025d   Thumb Code     0  libinit2.o(.ARM.Collect$$libinit$$0000002C)
    __rt_lib_init_atexit_1                   0x0800025d   Thumb Code     0  libinit2.o(.ARM.Collect$$libinit$$0000001B)
    __rt_lib_init_clock_1                    0x0800025d   Thumb Code     0  libinit2.o(.ARM.Collect$$libinit$$00000021)
    __rt_lib_init_cpp_1                      0x0800025d   Thumb Code     0  libinit2.o(.ARM.Collect$$libinit$$00000032)
    __rt_lib_init_exceptions_1               0x0800025d   Thumb Code     0  libinit2.o(.ARM.Collect$$libinit$$00000030)
    __rt_lib_init_fp_trap_1                  0x0800025d   Thumb Code     0  libinit2.o(.ARM.Collect$$libinit$$0000001F)
    __rt_lib_init_getenv_1                   0x0800025d   Thumb Code     0  libinit2.o(.ARM.Collect$$libinit$$00000023)
    __rt_lib_init_lc_time_1                  0x0800025d   Thumb Code     0  libinit2.o(.ARM.Collect$$libinit$$00000019)
    __rt_lib_init_return                     0x0800025d   Thumb Code     0  libinit2.o(.ARM.Collect$$libinit$$00000033)
    __rt_lib_init_signal_1                   0x0800025d   Thumb Code     0  libinit2.o(.ARM.Collect$$libinit$$0000001D)
    __rt_lib_init_stdio_1                    0x0800025d   Thumb Code     0  libinit2.o(.ARM.Collect$$libinit$$00000025)
    __rt_lib_shutdown                        0x0800025f   Thumb Code     0  libshutdown.o(.ARM.Collect$$libshutdown$$00000000)
    __rt_lib_shutdown_cpp_1                  0x08000261   Thumb Code     0  libshutdown2.o(.ARM.Collect$$libshutdown$$00000004)
    __rt_lib_shutdown_fini_1                 0x08000261   Thumb Code     0  libshutdown2.o(.ARM.Collect$$libshutdown$$00000002)
    __rt_lib_shutdown_fp_trap_1              0x08000261   Thumb Code     0  libshutdown2.o(.ARM.Collect$$libshutdown$$00000009)
    __rt_lib_shutdown_heap_1                 0x08000261   Thumb Code     0  libshutdown2.o(.ARM.Collect$$libshutdown$$00000011)
    __rt_lib_shutdown_return                 0x08000261   Thumb Code     0  libshutdown2.o(.ARM.Collect$$libshutdown$$00000012)
    __rt_lib_shutdown_signal_1               0x08000261   Thumb Code     0  libshutdown2.o(.ARM.Collect$$libshutdown$$0000000C)
    __rt_lib_shutdown_stdio_1                0x08000261   Thumb Code     0  libshutdown2.o(.ARM.Collect$$libshutdown$$00000006)
    __rt_lib_shutdown_user_alloc_1           0x08000261   Thumb Code     0  libshutdown2.o(.ARM.Collect$$libshutdown$$0000000E)
    __rt_entry                               0x08000263   Thumb Code     0  __rtentry.o(.ARM.Collect$$rtentry$$00000000)
    __rt_entry_presh_1                       0x08000263   Thumb Code     0  __rtentry2.o(.ARM.Collect$$rtentry$$00000002)
    __rt_entry_sh                            0x08000263   Thumb Code     0  __rtentry4.o(.ARM.Collect$$rtentry$$00000004)
    __rt_entry_li                            0x08000269   Thumb Code     0  __rtentry2.o(.ARM.Collect$$rtentry$$0000000A)
    __rt_entry_postsh_1                      0x08000269   Thumb Code     0  __rtentry2.o(.ARM.Collect$$rtentry$$00000009)
    __rt_entry_main                          0x0800026d   Thumb Code     0  __rtentry2.o(.ARM.Collect$$rtentry$$0000000D)
    __rt_entry_postli_1                      0x0800026d   Thumb Code     0  __rtentry2.o(.ARM.Collect$$rtentry$$0000000C)
    __rt_exit                                0x08000275   Thumb Code     0  rtexit.o(.ARM.Collect$$rtexit$$00000000)
    __rt_exit_ls                             0x08000277   Thumb Code     0  rtexit2.o(.ARM.Collect$$rtexit$$00000003)
    __rt_exit_prels_1                        0x08000277   Thumb Code     0  rtexit2.o(.ARM.Collect$$rtexit$$00000002)
    __rt_exit_exit                           0x0800027b   Thumb Code     0  rtexit2.o(.ARM.Collect$$rtexit$$00000004)
    Reset_Handler                            0x08000281   Thumb Code     8  startup_stm32f10x_hd.o(.text)
    ADC1_2_IRQHandler                        0x0800029b   Thumb Code     0  startup_stm32f10x_hd.o(.text)
    ADC3_IRQHandler                          0x0800029b   Thumb Code     0  startup_stm32f10x_hd.o(.text)
    CAN1_RX1_IRQHandler                      0x0800029b   Thumb Code     0  startup_stm32f10x_hd.o(.text)
    CAN1_SCE_IRQHandler                      0x0800029b   Thumb Code     0  startup_stm32f10x_hd.o(.text)
    DMA1_Channel1_IRQHandler                 0x0800029b   Thumb Code     0  startup_stm32f10x_hd.o(.text)
    DMA1_Channel2_IRQHandler                 0x0800029b   Thumb Code     0  startup_stm32f10x_hd.o(.text)
    DMA1_Channel3_IRQHandler                 0x0800029b   Thumb Code     0  startup_stm32f10x_hd.o(.text)
    DMA1_Channel4_IRQHandler                 0x0800029b   Thumb Code     0  startup_stm32f10x_hd.o(.text)
    DMA1_Channel5_IRQHandler                 0x0800029b   Thumb Code     0  startup_stm32f10x_hd.o(.text)
    DMA1_Channel6_IRQHandler                 0x0800029b   Thumb Code     0  startup_stm32f10x_hd.o(.text)
    DMA1_Channel7_IRQHandler                 0x0800029b   Thumb Code     0  startup_stm32f10x_hd.o(.text)
    DMA2_Channel1_IRQHandler                 0x0800029b   Thumb Code     0  startup_stm32f10x_hd.o(.text)
    DMA2_Channel2_IRQHandler                 0x0800029b   Thumb Code     0  startup_stm32f10x_hd.o(.text)
    DMA2_Channel3_IRQHandler                 0x0800029b   Thumb Code     0  startup_stm32f10x_hd.o(.text)
    DMA2_Channel4_5_IRQHandler               0x0800029b   Thumb Code     0  startup_stm32f10x_hd.o(.text)
    EXTI0_IRQHandler                         0x0800029b   Thumb Code     0  startup_stm32f10x_hd.o(.text)
    EXTI15_10_IRQHandler                     0x0800029b   Thumb Code     0  startup_stm32f10x_hd.o(.text)
    EXTI1_IRQHandler                         0x0800029b   Thumb Code     0  startup_stm32f10x_hd.o(.text)
    EXTI2_IRQHandler                         0x0800029b   Thumb Code     0  startup_stm32f10x_hd.o(.text)
    EXTI3_IRQHandler                         0x0800029b   Thumb Code     0  startup_stm32f10x_hd.o(.text)
    EXTI4_IRQHandler                         0x0800029b   Thumb Code     0  startup_stm32f10x_hd.o(.text)
    EXTI9_5_IRQHandler                       0x0800029b   Thumb Code     0  startup_stm32f10x_hd.o(.text)
    FLASH_IRQHandler                         0x0800029b   Thumb Code     0  startup_stm32f10x_hd.o(.text)
    FSMC_IRQHandler                          0x0800029b   Thumb Code     0  startup_stm32f10x_hd.o(.text)
    I2C1_ER_IRQHandler                       0x0800029b   Thumb Code     0  startup_stm32f10x_hd.o(.text)
    I2C1_EV_IRQHandler                       0x0800029b   Thumb Code     0  startup_stm32f10x_hd.o(.text)
    I2C2_ER_IRQHandler                       0x0800029b   Thumb Code     0  startup_stm32f10x_hd.o(.text)
    I2C2_EV_IRQHandler                       0x0800029b   Thumb Code     0  startup_stm32f10x_hd.o(.text)
    PVD_IRQHandler                           0x0800029b   Thumb Code     0  startup_stm32f10x_hd.o(.text)
    RCC_IRQHandler                           0x0800029b   Thumb Code     0  startup_stm32f10x_hd.o(.text)
    RTCAlarm_IRQHandler                      0x0800029b   Thumb Code     0  startup_stm32f10x_hd.o(.text)
    SDIO_IRQHandler                          0x0800029b   Thumb Code     0  startup_stm32f10x_hd.o(.text)
    SPI1_IRQHandler                          0x0800029b   Thumb Code     0  startup_stm32f10x_hd.o(.text)
    SPI2_IRQHandler                          0x0800029b   Thumb Code     0  startup_stm32f10x_hd.o(.text)
    SPI3_IRQHandler                          0x0800029b   Thumb Code     0  startup_stm32f10x_hd.o(.text)
    TAMPER_IRQHandler                        0x0800029b   Thumb Code     0  startup_stm32f10x_hd.o(.text)
    TIM1_BRK_IRQHandler                      0x0800029b   Thumb Code     0  startup_stm32f10x_hd.o(.text)
    TIM1_CC_IRQHandler                       0x0800029b   Thumb Code     0  startup_stm32f10x_hd.o(.text)
    TIM1_TRG_COM_IRQHandler                  0x0800029b   Thumb Code     0  startup_stm32f10x_hd.o(.text)
    TIM1_UP_IRQHandler                       0x0800029b   Thumb Code     0  startup_stm32f10x_hd.o(.text)
    TIM2_IRQHandler                          0x0800029b   Thumb Code     0  startup_stm32f10x_hd.o(.text)
    TIM3_IRQHandler                          0x0800029b   Thumb Code     0  startup_stm32f10x_hd.o(.text)
    TIM4_IRQHandler                          0x0800029b   Thumb Code     0  startup_stm32f10x_hd.o(.text)
    TIM5_IRQHandler                          0x0800029b   Thumb Code     0  startup_stm32f10x_hd.o(.text)
    TIM6_IRQHandler                          0x0800029b   Thumb Code     0  startup_stm32f10x_hd.o(.text)
    TIM7_IRQHandler                          0x0800029b   Thumb Code     0  startup_stm32f10x_hd.o(.text)
    TIM8_BRK_IRQHandler                      0x0800029b   Thumb Code     0  startup_stm32f10x_hd.o(.text)
    TIM8_CC_IRQHandler                       0x0800029b   Thumb Code     0  startup_stm32f10x_hd.o(.text)
    TIM8_TRG_COM_IRQHandler                  0x0800029b   Thumb Code     0  startup_stm32f10x_hd.o(.text)
    TIM8_UP_IRQHandler                       0x0800029b   Thumb Code     0  startup_stm32f10x_hd.o(.text)
    UART4_IRQHandler                         0x0800029b   Thumb Code     0  startup_stm32f10x_hd.o(.text)
    UART5_IRQHandler                         0x0800029b   Thumb Code     0  startup_stm32f10x_hd.o(.text)
    USART1_IRQHandler                        0x0800029b   Thumb Code     0  startup_stm32f10x_hd.o(.text)
    USART2_IRQHandler                        0x0800029b   Thumb Code     0  startup_stm32f10x_hd.o(.text)
    USBWakeUp_IRQHandler                     0x0800029b   Thumb Code     0  startup_stm32f10x_hd.o(.text)
    USB_HP_CAN1_TX_IRQHandler                0x0800029b   Thumb Code     0  startup_stm32f10x_hd.o(.text)
    USB_LP_CAN1_RX0_IRQHandler               0x0800029b   Thumb Code     0  startup_stm32f10x_hd.o(.text)
    WWDG_IRQHandler                          0x0800029b   Thumb Code     0  startup_stm32f10x_hd.o(.text)
    __user_initial_stackheap                 0x0800029d   Thumb Code     0  startup_stm32f10x_hd.o(.text)
    __use_no_semihosting                     0x080002c1   Thumb Code     2  use_no_semi_2.o(.text)
    __2printf                                0x080002c5   Thumb Code    20  __2printf.o(.text)
    __aeabi_memcpy4                          0x080002dd   Thumb Code     0  rt_memcpy_w.o(.text)
    __aeabi_memcpy8                          0x080002dd   Thumb Code     0  rt_memcpy_w.o(.text)
    __rt_memcpy_w                            0x080002dd   Thumb Code   100  rt_memcpy_w.o(.text)
    _memcpy_lastbytes_aligned                0x08000325   Thumb Code     0  rt_memcpy_w.o(.text)
    localtime                                0x08000341   Thumb Code     6  localtime.o(.text)
    mktime                                   0x0800038b   Thumb Code   356  mktime.o(.text)
    strftime                                 0x08000539   Thumb Code   634  strftime.o(.text)
    __use_two_region_memory                  0x08000859   Thumb Code     2  heapauxi.o(.text)
    __rt_heap_escrow$2region                 0x0800085b   Thumb Code     2  heapauxi.o(.text)
    __rt_heap_expand$2region                 0x0800085d   Thumb Code     2  heapauxi.o(.text)
    __I$use$semihosting                      0x0800085f   Thumb Code     0  use_no_semi.o(.text)
    __use_no_semihosting_swi                 0x0800085f   Thumb Code     2  use_no_semi.o(.text)
    __rt_locale                              0x08000861   Thumb Code     8  rt_locale_intlibspace.o(.text)
    sprintf                                  0x08000869   Thumb Code    38  sprintf.o(.text)
    _printf_char_file                        0x08000895   Thumb Code    32  _printf_char_file.o(.text)
    _localtime_r                             0x080008b9   Thumb Code   178  localtime_internal.o(.text)
    _n$localtime_r                           0x080008b9   Thumb Code     0  localtime_internal.o(.text)
    __user_libspace                          0x08000971   Thumb Code     8  libspace.o(.text)
    __user_perproc_libspace                  0x08000971   Thumb Code     0  libspace.o(.text)
    __user_perthread_libspace                0x08000971   Thumb Code     0  libspace.o(.text)
    _printf_pre_padding                      0x08000979   Thumb Code    44  _printf_pad.o(.text)
    _printf_post_padding                     0x080009a5   Thumb Code    34  _printf_pad.o(.text)
    _printf_truncate_signed                  0x080009c7   Thumb Code    18  _printf_truncate.o(.text)
    _printf_truncate_unsigned                0x080009d9   Thumb Code    18  _printf_truncate.o(.text)
    _printf_str                              0x080009eb   Thumb Code    82  _printf_str.o(.text)
    _printf_int_dec                          0x08000a3d   Thumb Code   104  _printf_dec.o(.text)
    _printf_charcount                        0x08000ab5   Thumb Code    40  _printf_charcount.o(.text)
    _printf_char_common                      0x08000ae7   Thumb Code    32  _printf_char_common.o(.text)
    _sputc                                   0x08000b0d   Thumb Code    10  _sputc.o(.text)
    _printf_wctomb                           0x08000b19   Thumb Code   182  _printf_wctomb.o(.text)
    _printf_longlong_dec                     0x08000bd5   Thumb Code   108  _printf_longlong_dec.o(.text)
    _printf_longlong_oct                     0x08000c51   Thumb Code    66  _printf_oct_int_ll.o(.text)
    _printf_int_oct                          0x08000c93   Thumb Code    24  _printf_oct_int_ll.o(.text)
    _printf_ll_oct                           0x08000cab   Thumb Code    12  _printf_oct_int_ll.o(.text)
    _printf_longlong_hex                     0x08000cc1   Thumb Code    86  _printf_hex_int_ll_ptr.o(.text)
    _printf_int_hex                          0x08000d17   Thumb Code    28  _printf_hex_int_ll_ptr.o(.text)
    _printf_ll_hex                           0x08000d33   Thumb Code    12  _printf_hex_int_ll_ptr.o(.text)
    _printf_hex_ptr                          0x08000d3f   Thumb Code    18  _printf_hex_int_ll_ptr.o(.text)
    __printf                                 0x08000d55   Thumb Code   388  __printf_flags_ss_wp.o(.text)
    ferror                                   0x08000edd   Thumb Code     8  ferror.o(.text)
    __aeabi_memclr4                          0x08000ee5   Thumb Code     0  rt_memclr_w.o(.text)
    __aeabi_memclr8                          0x08000ee5   Thumb Code     0  rt_memclr_w.o(.text)
    __rt_memclr_w                            0x08000ee5   Thumb Code    78  rt_memclr_w.o(.text)
    _memset_w                                0x08000ee9   Thumb Code     0  rt_memclr_w.o(.text)
    strcmp                                   0x08000f35   Thumb Code   128  strcmpv7m.o(.text)
    __user_setup_stackheap                   0x08000fb5   Thumb Code    74  sys_stackheap_outer.o(.text)
    _ll_udiv10                               0x08000fff   Thumb Code   138  lludiv10.o(.text)
    _printf_int_common                       0x08001089   Thumb Code   178  _printf_intcommon.o(.text)
    __lib_sel_fp_printf                      0x0800113b   Thumb Code     2  _printf_fp_dec.o(.text)
    _printf_fp_dec_real                      0x080012ed   Thumb Code   620  _printf_fp_dec.o(.text)
    _printf_fp_hex_real                      0x08001559   Thumb Code   756  _printf_fp_hex.o(.text)
    _printf_cs_common                        0x08001855   Thumb Code    20  _printf_char.o(.text)
    _printf_char                             0x08001869   Thumb Code    16  _printf_char.o(.text)
    _printf_string                           0x08001879   Thumb Code     8  _printf_char.o(.text)
    _printf_lcs_common                       0x08001881   Thumb Code    20  _printf_wchar.o(.text)
    _printf_wchar                            0x08001895   Thumb Code    16  _printf_wchar.o(.text)
    _printf_wstring                          0x080018a5   Thumb Code     8  _printf_wchar.o(.text)
    _wcrtomb                                 0x080018ad   Thumb Code    64  _wcrtomb.o(.text)
    exit                                     0x080018ed   Thumb Code    18  exit.o(.text)
    __rt_ctype_table                         0x08001901   Thumb Code    16  rt_ctype_table.o(.text)
    _printf_fp_infnan                        0x08001911   Thumb Code   112  _printf_fp_infnan.o(.text)
    _btod_etento                             0x08001991   Thumb Code   224  bigflt0.o(.text)
    _btod_d2e                                0x08001a75   Thumb Code    62  btod.o(CL$$btod_d2e)
    _d2e_denorm_low                          0x08001ab3   Thumb Code    70  btod.o(CL$$btod_d2e_denorm_low)
    _d2e_norm_op1                            0x08001af9   Thumb Code    96  btod.o(CL$$btod_d2e_norm_op1)
    __btod_div_common                        0x08001b59   Thumb Code   696  btod.o(CL$$btod_div_common)
    _e2e                                     0x08001e91   Thumb Code   220  btod.o(CL$$btod_e2e)
    _btod_ediv                               0x08001f6d   Thumb Code    42  btod.o(CL$$btod_ediv)
    _btod_emul                               0x08001f97   Thumb Code    42  btod.o(CL$$btod_emul)
    __btod_mult_common                       0x08001fc1   Thumb Code   580  btod.o(CL$$btod_mult_common)
    BKP_DeInit                               0x08002205   Thumb Code    18  stm32f10x_bkp.o(i.BKP_DeInit)
    BKP_ReadBackupRegister                   0x08002219   Thumb Code    12  stm32f10x_bkp.o(i.BKP_ReadBackupRegister)
    BKP_WriteBackupRegister                  0x08002229   Thumb Code    12  stm32f10x_bkp.o(i.BKP_WriteBackupRegister)
    BusFault_Handler                         0x08002239   Thumb Code     2  stm32f10x_it.o(i.BusFault_Handler)
    DebugMon_Handler                         0x0800223b   Thumb Code     2  stm32f10x_it.o(i.DebugMon_Handler)
    GPIO_Init                                0x0800223d   Thumb Code   156  stm32f10x_gpio.o(i.GPIO_Init)
    HardFault_Handler                        0x080022d9   Thumb Code     2  stm32f10x_it.o(i.HardFault_Handler)
    Max485_init                              0x080022dd   Thumb Code    30  bsp_usart.o(i.Max485_init)
    MemManage_Handler                        0x08002301   Thumb Code     2  stm32f10x_it.o(i.MemManage_Handler)
    NMI_Handler                              0x08002303   Thumb Code     2  stm32f10x_it.o(i.NMI_Handler)
    NVIC_Init                                0x08002305   Thumb Code    94  misc.o(i.NVIC_Init)
    NVIC_PriorityGroupConfig                 0x08002369   Thumb Code    10  misc.o(i.NVIC_PriorityGroupConfig)
    PWR_BackupAccessCmd                      0x0800237d   Thumb Code     6  stm32f10x_pwr.o(i.PWR_BackupAccessCmd)
    PendSV_Handler                           0x08002389   Thumb Code     2  stm32f10x_it.o(i.PendSV_Handler)
    RCC_APB1PeriphClockCmd                   0x0800238d   Thumb Code    18  stm32f10x_rcc.o(i.RCC_APB1PeriphClockCmd)
    RCC_APB2PeriphClockCmd                   0x080023a5   Thumb Code    18  stm32f10x_rcc.o(i.RCC_APB2PeriphClockCmd)
    RCC_BackupResetCmd                       0x080023bd   Thumb Code     6  stm32f10x_rcc.o(i.RCC_BackupResetCmd)
    RCC_GetClocksFreq                        0x080023c9   Thumb Code   132  stm32f10x_rcc.o(i.RCC_GetClocksFreq)
    RCC_GetFlagStatus                        0x0800245d   Thumb Code    42  stm32f10x_rcc.o(i.RCC_GetFlagStatus)
    RCC_LSEConfig                            0x0800248d   Thumb Code    28  stm32f10x_rcc.o(i.RCC_LSEConfig)
    RCC_RTCCLKCmd                            0x080024ad   Thumb Code     6  stm32f10x_rcc.o(i.RCC_RTCCLKCmd)
    RCC_RTCCLKConfig                         0x080024b9   Thumb Code    10  stm32f10x_rcc.o(i.RCC_RTCCLKConfig)
    RTC_ClearITPendingBit                    0x080024c9   Thumb Code    10  stm32f10x_rtc.o(i.RTC_ClearITPendingBit)
    RTC_Configuration                        0x080024d9   Thumb Code   156  rtc.o(i.RTC_Configuration)
    RTC_EnterConfigMode                      0x080025ad   Thumb Code    12  stm32f10x_rtc.o(i.RTC_EnterConfigMode)
    RTC_ExitConfigMode                       0x080025bd   Thumb Code    12  stm32f10x_rtc.o(i.RTC_ExitConfigMode)
    RTC_GetCounter                           0x080025cd   Thumb Code    16  stm32f10x_rtc.o(i.RTC_GetCounter)
    RTC_GetITStatus                          0x080025e1   Thumb Code    28  stm32f10x_rtc.o(i.RTC_GetITStatus)
    RTC_IRQHandler                           0x08002601   Thumb Code    78  stm32f10x_it.o(i.RTC_IRQHandler)
    RTC_ITConfig                             0x08002661   Thumb Code    18  stm32f10x_rtc.o(i.RTC_ITConfig)
    RTC_Init                                 0x08002679   Thumb Code   240  rtc.o(i.RTC_Init)
    RTC_NVIC_Configuration                   0x080027e9   Thumb Code    40  rtc.o(i.RTC_NVIC_Configuration)
    RTC_ReadTime                             0x08002811   Thumb Code    48  rtc.o(i.RTC_ReadTime)
    RTC_SetCounter                           0x08002851   Thumb Code    26  stm32f10x_rtc.o(i.RTC_SetCounter)
    RTC_SetPrescaler                         0x08002871   Thumb Code    28  stm32f10x_rtc.o(i.RTC_SetPrescaler)
    RTC_WaitForLastTask                      0x08002891   Thumb Code    10  stm32f10x_rtc.o(i.RTC_WaitForLastTask)
    RTC_WaitForSynchro                       0x080028a1   Thumb Code    18  stm32f10x_rtc.o(i.RTC_WaitForSynchro)
    SPI2_Init                                0x080028b9   Thumb Code   136  spi_dma.o(i.SPI2_Init)
    SPI_Cmd                                  0x08002949   Thumb Code    20  stm32f10x_spi.o(i.SPI_Cmd)
    SPI_Init                                 0x0800295d   Thumb Code    56  stm32f10x_spi.o(i.SPI_Init)
    SVC_Handler                              0x08002995   Thumb Code     2  stm32f10x_it.o(i.SVC_Handler)
    SysTick_CLKSourceConfig                  0x08002a41   Thumb Code    24  misc.o(i.SysTick_CLKSourceConfig)
    SysTick_Handler                          0x08002a59   Thumb Code     2  stm32f10x_it.o(i.SysTick_Handler)
    SystemInit                               0x08002a5d   Thumb Code    64  system_stm32f10x.o(i.SystemInit)
    Time_Adjust                              0x08002aad   Thumb Code    64  rtc.o(i.Time_Adjust)
    USART3_IRQHandler                        0x08002af1   Thumb Code    40  stm32f10x_it.o(i.USART3_IRQHandler)
    USART_ClearFlag                          0x08002b21   Thumb Code     6  stm32f10x_usart.o(i.USART_ClearFlag)
    USART_Cmd                                0x08002b27   Thumb Code    20  stm32f10x_usart.o(i.USART_Cmd)
    USART_Config                             0x08002b3d   Thumb Code   168  bsp_usart.o(i.USART_Config)
    USART_GetFlagStatus                      0x08002bed   Thumb Code    14  stm32f10x_usart.o(i.USART_GetFlagStatus)
    USART_GetITStatus                        0x08002bfb   Thumb Code    62  stm32f10x_usart.o(i.USART_GetITStatus)
    USART_ITConfig                           0x08002c39   Thumb Code    48  stm32f10x_usart.o(i.USART_ITConfig)
    USART_Init                               0x08002c69   Thumb Code   166  stm32f10x_usart.o(i.USART_Init)
    USART_ReceiveData                        0x08002d15   Thumb Code     8  stm32f10x_usart.o(i.USART_ReceiveData)
    USART_SendData                           0x08002d1d   Thumb Code     8  stm32f10x_usart.o(i.USART_SendData)
    UsageFault_Handler                       0x08002d25   Thumb Code     2  stm32f10x_it.o(i.UsageFault_Handler)
    Usart_SendByte                           0x08002d27   Thumb Code    22  bsp_usart.o(i.Usart_SendByte)
    Usart_SendStr                            0x08002d3d   Thumb Code    76  bsp_usart.o(i.Usart_SendStr)
    __ARM_fpclassify                         0x08002d8d   Thumb Code    40  fpclassify.o(i.__ARM_fpclassify)
    _is_digit                                0x08002db5   Thumb Code    14  __printf_wp.o(i._is_digit)
    _sys_exit                                0x08002dc3   Thumb Code     2  bsp_usart.o(i._sys_exit)
    delay_init                               0x08002dc5   Thumb Code    46  delay.o(i.delay_init)
    delay_us                                 0x08002e01   Thumb Code    46  delay.o(i.delay_us)
    fputc                                    0x08002e35   Thumb Code    30  bsp_usart.o(i.fputc)
    main                                     0x08002e59   Thumb Code    22  main.o(i.main)
    _get_lc_time                             0x08002e71   Thumb Code    44  lc_time_c.o(locale$$code)
    _get_lc_numeric                          0x08002e9d   Thumb Code    44  lc_numeric_c.o(locale$$code)
    _get_lc_ctype                            0x08002ec9   Thumb Code    44  lc_ctype_c.o(locale$$code)
    _printf_fp_dec                           0x08002ef5   Thumb Code     4  printf1.o(x$fpl$printf1)
    _printf_fp_hex                           0x08002ef9   Thumb Code     4  printf2.o(x$fpl$printf2)
    __I$use$fp                               0x08002efc   Number         0  usenofp.o(x$fpl$usenofp)
    _monlen                                  0x08002efc   Data          12  _monlen.o(.constdata)
    Region$$Table$$Base                      0x08003004   Number         0  anon$$obj.o(Region$$Table)
    Region$$Table$$Limit                     0x08003024   Number         0  anon$$obj.o(Region$$Table)
    __ctype                                  0x080031cd   Data           0  lc_ctype_c.o(locale$$data)
    ucTemp                                   0x20000000   Data           1  stm32f10x_it.o(.data)
    SystemCoreClock                          0x20000004   Data           4  system_stm32f10x.o(.data)
    AHBPrescTable                            0x20000008   Data          16  system_stm32f10x.o(.data)
    __stdout                                 0x2000001c   Data           4  bsp_usart.o(.data)
    MyRTC_Time                               0x20000034   Data          12  rtc.o(.data)
    time_str                                 0x20000040   Data           4  rtc.o(.data)
    __libspace_start                         0x200000c0   Data          96  libspace.o(.bss)
    __temporary_stack_top$libspace           0x20000120   Data           0  libspace.o(.bss)



==============================================================================

Memory Map of the image

  Image Entry point : 0x08000281

  Load Region LR_1 (Base: 0x08000000, Size: 0x00003314, Max: 0xffffffff, ABSOLUTE)

    Execution Region ER_RO (Exec base: 0x08000000, Load base: 0x08000000, Size: 0x000032d0, Max: 0xffffffff, ABSOLUTE)

    Exec Addr    Load Addr    Size         Type   Attr      Idx    E Section Name        Object

    0x08000000   0x08000000   0x00000130   Data   RO          436    RESET               startup_stm32f10x_hd.o
    0x08000130   0x08000130   0x00000008   Code   RO         3489  * !!!main             c_w.l(__main.o)
    0x08000138   0x08000138   0x00000034   Code   RO         3826    !!!scatter          c_w.l(__scatter.o)
    0x0800016c   0x0800016c   0x0000001a   Code   RO         3828    !!handler_copy      c_w.l(__scatter_copy.o)
    0x08000186   0x08000186   0x00000002   PAD
    0x08000188   0x08000188   0x0000001c   Code   RO         3830    !!handler_zi        c_w.l(__scatter_zi.o)
    0x080001a4   0x080001a4   0x00000000   Code   RO         3608    .ARM.Collect$$_printf_percent$$00000000  c_w.l(_printf_percent.o)
    0x080001a4   0x080001a4   0x00000006   Code   RO         3597    .ARM.Collect$$_printf_percent$$00000001  c_w.l(_printf_n.o)
    0x080001aa   0x080001aa   0x00000006   Code   RO         3599    .ARM.Collect$$_printf_percent$$00000002  c_w.l(_printf_p.o)
    0x080001b0   0x080001b0   0x00000006   Code   RO         3604    .ARM.Collect$$_printf_percent$$00000003  c_w.l(_printf_f.o)
    0x080001b6   0x080001b6   0x00000006   Code   RO         3605    .ARM.Collect$$_printf_percent$$00000004  c_w.l(_printf_e.o)
    0x080001bc   0x080001bc   0x00000006   Code   RO         3606    .ARM.Collect$$_printf_percent$$00000005  c_w.l(_printf_g.o)
    0x080001c2   0x080001c2   0x00000006   Code   RO         3607    .ARM.Collect$$_printf_percent$$00000006  c_w.l(_printf_a.o)
    0x080001c8   0x080001c8   0x0000000a   Code   RO         3612    .ARM.Collect$$_printf_percent$$00000007  c_w.l(_printf_ll.o)
    0x080001d2   0x080001d2   0x00000006   Code   RO         3601    .ARM.Collect$$_printf_percent$$00000008  c_w.l(_printf_i.o)
    0x080001d8   0x080001d8   0x00000006   Code   RO         3602    .ARM.Collect$$_printf_percent$$00000009  c_w.l(_printf_d.o)
    0x080001de   0x080001de   0x00000006   Code   RO         3603    .ARM.Collect$$_printf_percent$$0000000A  c_w.l(_printf_u.o)
    0x080001e4   0x080001e4   0x00000006   Code   RO         3600    .ARM.Collect$$_printf_percent$$0000000B  c_w.l(_printf_o.o)
    0x080001ea   0x080001ea   0x00000006   Code   RO         3598    .ARM.Collect$$_printf_percent$$0000000C  c_w.l(_printf_x.o)
    0x080001f0   0x080001f0   0x00000006   Code   RO         3609    .ARM.Collect$$_printf_percent$$0000000D  c_w.l(_printf_lli.o)
    0x080001f6   0x080001f6   0x00000006   Code   RO         3610    .ARM.Collect$$_printf_percent$$0000000E  c_w.l(_printf_lld.o)
    0x080001fc   0x080001fc   0x00000006   Code   RO         3611    .ARM.Collect$$_printf_percent$$0000000F  c_w.l(_printf_llu.o)
    0x08000202   0x08000202   0x00000006   Code   RO         3616    .ARM.Collect$$_printf_percent$$00000010  c_w.l(_printf_llo.o)
    0x08000208   0x08000208   0x00000006   Code   RO         3617    .ARM.Collect$$_printf_percent$$00000011  c_w.l(_printf_llx.o)
    0x0800020e   0x0800020e   0x0000000a   Code   RO         3613    .ARM.Collect$$_printf_percent$$00000012  c_w.l(_printf_l.o)
    0x08000218   0x08000218   0x00000006   Code   RO         3595    .ARM.Collect$$_printf_percent$$00000013  c_w.l(_printf_c.o)
    0x0800021e   0x0800021e   0x00000006   Code   RO         3596    .ARM.Collect$$_printf_percent$$00000014  c_w.l(_printf_s.o)
    0x08000224   0x08000224   0x00000006   Code   RO         3614    .ARM.Collect$$_printf_percent$$00000015  c_w.l(_printf_lc.o)
    0x0800022a   0x0800022a   0x00000006   Code   RO         3615    .ARM.Collect$$_printf_percent$$00000016  c_w.l(_printf_ls.o)
    0x08000230   0x08000230   0x00000004   Code   RO         3696    .ARM.Collect$$_printf_percent$$00000017  c_w.l(_printf_percent_end.o)
    0x08000234   0x08000234   0x00000002   Code   RO         3708    .ARM.Collect$$libinit$$00000000  c_w.l(libinit.o)
    0x08000236   0x08000236   0x00000000   Code   RO         3627    .ARM.Collect$$libinit$$00000002  c_w.l(libinit2.o)
    0x08000236   0x08000236   0x00000000   Code   RO         3629    .ARM.Collect$$libinit$$00000004  c_w.l(libinit2.o)
    0x08000236   0x08000236   0x00000000   Code   RO         3632    .ARM.Collect$$libinit$$0000000A  c_w.l(libinit2.o)
    0x08000236   0x08000236   0x00000000   Code   RO         3634    .ARM.Collect$$libinit$$0000000C  c_w.l(libinit2.o)
    0x08000236   0x08000236   0x00000000   Code   RO         3636    .ARM.Collect$$libinit$$0000000E  c_w.l(libinit2.o)
    0x08000236   0x08000236   0x00000006   Code   RO         3637    .ARM.Collect$$libinit$$0000000F  c_w.l(libinit2.o)
    0x0800023c   0x0800023c   0x00000000   Code   RO         3639    .ARM.Collect$$libinit$$00000011  c_w.l(libinit2.o)
    0x0800023c   0x0800023c   0x0000000c   Code   RO         3640    .ARM.Collect$$libinit$$00000012  c_w.l(libinit2.o)
    0x08000248   0x08000248   0x00000000   Code   RO         3641    .ARM.Collect$$libinit$$00000013  c_w.l(libinit2.o)
    0x08000248   0x08000248   0x00000000   Code   RO         3643    .ARM.Collect$$libinit$$00000015  c_w.l(libinit2.o)
    0x08000248   0x08000248   0x0000000a   Code   RO         3644    .ARM.Collect$$libinit$$00000016  c_w.l(libinit2.o)
    0x08000252   0x08000252   0x00000000   Code   RO         3645    .ARM.Collect$$libinit$$00000017  c_w.l(libinit2.o)
    0x08000252   0x08000252   0x0000000a   Code   RO         3646    .ARM.Collect$$libinit$$00000018  c_w.l(libinit2.o)
    0x0800025c   0x0800025c   0x00000000   Code   RO         3647    .ARM.Collect$$libinit$$00000019  c_w.l(libinit2.o)
    0x0800025c   0x0800025c   0x00000000   Code   RO         3649    .ARM.Collect$$libinit$$0000001B  c_w.l(libinit2.o)
    0x0800025c   0x0800025c   0x00000000   Code   RO         3651    .ARM.Collect$$libinit$$0000001D  c_w.l(libinit2.o)
    0x0800025c   0x0800025c   0x00000000   Code   RO         3653    .ARM.Collect$$libinit$$0000001F  c_w.l(libinit2.o)
    0x0800025c   0x0800025c   0x00000000   Code   RO         3655    .ARM.Collect$$libinit$$00000021  c_w.l(libinit2.o)
    0x0800025c   0x0800025c   0x00000000   Code   RO         3657    .ARM.Collect$$libinit$$00000023  c_w.l(libinit2.o)
    0x0800025c   0x0800025c   0x00000000   Code   RO         3659    .ARM.Collect$$libinit$$00000025  c_w.l(libinit2.o)
    0x0800025c   0x0800025c   0x00000000   Code   RO         3663    .ARM.Collect$$libinit$$0000002C  c_w.l(libinit2.o)
    0x0800025c   0x0800025c   0x00000000   Code   RO         3665    .ARM.Collect$$libinit$$0000002E  c_w.l(libinit2.o)
    0x0800025c   0x0800025c   0x00000000   Code   RO         3667    .ARM.Collect$$libinit$$00000030  c_w.l(libinit2.o)
    0x0800025c   0x0800025c   0x00000000   Code   RO         3669    .ARM.Collect$$libinit$$00000032  c_w.l(libinit2.o)
    0x0800025c   0x0800025c   0x00000002   Code   RO         3670    .ARM.Collect$$libinit$$00000033  c_w.l(libinit2.o)
    0x0800025e   0x0800025e   0x00000002   Code   RO         3781    .ARM.Collect$$libshutdown$$00000000  c_w.l(libshutdown.o)
    0x08000260   0x08000260   0x00000000   Code   RO         3787    .ARM.Collect$$libshutdown$$00000002  c_w.l(libshutdown2.o)
    0x08000260   0x08000260   0x00000000   Code   RO         3789    .ARM.Collect$$libshutdown$$00000004  c_w.l(libshutdown2.o)
    0x08000260   0x08000260   0x00000000   Code   RO         3791    .ARM.Collect$$libshutdown$$00000006  c_w.l(libshutdown2.o)
    0x08000260   0x08000260   0x00000000   Code   RO         3794    .ARM.Collect$$libshutdown$$00000009  c_w.l(libshutdown2.o)
    0x08000260   0x08000260   0x00000000   Code   RO         3797    .ARM.Collect$$libshutdown$$0000000C  c_w.l(libshutdown2.o)
    0x08000260   0x08000260   0x00000000   Code   RO         3799    .ARM.Collect$$libshutdown$$0000000E  c_w.l(libshutdown2.o)
    0x08000260   0x08000260   0x00000000   Code   RO         3802    .ARM.Collect$$libshutdown$$00000011  c_w.l(libshutdown2.o)
    0x08000260   0x08000260   0x00000002   Code   RO         3803    .ARM.Collect$$libshutdown$$00000012  c_w.l(libshutdown2.o)
    0x08000262   0x08000262   0x00000000   Code   RO         3493    .ARM.Collect$$rtentry$$00000000  c_w.l(__rtentry.o)
    0x08000262   0x08000262   0x00000000   Code   RO         3513    .ARM.Collect$$rtentry$$00000002  c_w.l(__rtentry2.o)
    0x08000262   0x08000262   0x00000006   Code   RO         3525    .ARM.Collect$$rtentry$$00000004  c_w.l(__rtentry4.o)
    0x08000268   0x08000268   0x00000000   Code   RO         3515    .ARM.Collect$$rtentry$$00000009  c_w.l(__rtentry2.o)
    0x08000268   0x08000268   0x00000004   Code   RO         3516    .ARM.Collect$$rtentry$$0000000A  c_w.l(__rtentry2.o)
    0x0800026c   0x0800026c   0x00000000   Code   RO         3518    .ARM.Collect$$rtentry$$0000000C  c_w.l(__rtentry2.o)
    0x0800026c   0x0800026c   0x00000008   Code   RO         3519    .ARM.Collect$$rtentry$$0000000D  c_w.l(__rtentry2.o)
    0x08000274   0x08000274   0x00000002   Code   RO         3711    .ARM.Collect$$rtexit$$00000000  c_w.l(rtexit.o)
    0x08000276   0x08000276   0x00000000   Code   RO         3757    .ARM.Collect$$rtexit$$00000002  c_w.l(rtexit2.o)
    0x08000276   0x08000276   0x00000004   Code   RO         3758    .ARM.Collect$$rtexit$$00000003  c_w.l(rtexit2.o)
    0x0800027a   0x0800027a   0x00000006   Code   RO         3759    .ARM.Collect$$rtexit$$00000004  c_w.l(rtexit2.o)
    0x08000280   0x08000280   0x00000040   Code   RO          437  * .text               startup_stm32f10x_hd.o
    0x080002c0   0x080002c0   0x00000002   Code   RO         3472    .text               c_w.l(use_no_semi_2.o)
    0x080002c2   0x080002c2   0x00000002   PAD
    0x080002c4   0x080002c4   0x00000018   Code   RO         3474    .text               c_w.l(__2printf.o)
    0x080002dc   0x080002dc   0x00000064   Code   RO         3478    .text               c_w.l(rt_memcpy_w.o)
    0x08000340   0x08000340   0x0000000c   Code   RO         3480    .text               c_w.l(localtime.o)
    0x0800034c   0x0800034c   0x000001ac   Code   RO         3483    .text               c_w.l(mktime.o)
    0x080004f8   0x080004f8   0x00000360   Code   RO         3485    .text               c_w.l(strftime.o)
    0x08000858   0x08000858   0x00000006   Code   RO         3487    .text               c_w.l(heapauxi.o)
    0x0800085e   0x0800085e   0x00000002   Code   RO         3491    .text               c_w.l(use_no_semi.o)
    0x08000860   0x08000860   0x00000008   Code   RO         3497    .text               c_w.l(rt_locale_intlibspace.o)
    0x08000868   0x08000868   0x0000002c   Code   RO         3499    .text               c_w.l(sprintf.o)
    0x08000894   0x08000894   0x00000024   Code   RO         3501    .text               c_w.l(_printf_char_file.o)
    0x080008b8   0x080008b8   0x000000b8   Code   RO         3507    .text               c_w.l(localtime_internal.o)
    0x08000970   0x08000970   0x00000008   Code   RO         3509    .text               c_w.l(libspace.o)
    0x08000978   0x08000978   0x0000004e   Code   RO         3529    .text               c_w.l(_printf_pad.o)
    0x080009c6   0x080009c6   0x00000024   Code   RO         3531    .text               c_w.l(_printf_truncate.o)
    0x080009ea   0x080009ea   0x00000052   Code   RO         3533    .text               c_w.l(_printf_str.o)
    0x08000a3c   0x08000a3c   0x00000078   Code   RO         3535    .text               c_w.l(_printf_dec.o)
    0x08000ab4   0x08000ab4   0x00000028   Code   RO         3537    .text               c_w.l(_printf_charcount.o)
    0x08000adc   0x08000adc   0x00000030   Code   RO         3539    .text               c_w.l(_printf_char_common.o)
    0x08000b0c   0x08000b0c   0x0000000a   Code   RO         3541    .text               c_w.l(_sputc.o)
    0x08000b16   0x08000b16   0x00000002   PAD
    0x08000b18   0x08000b18   0x000000bc   Code   RO         3543    .text               c_w.l(_printf_wctomb.o)
    0x08000bd4   0x08000bd4   0x0000007c   Code   RO         3546    .text               c_w.l(_printf_longlong_dec.o)
    0x08000c50   0x08000c50   0x00000070   Code   RO         3552    .text               c_w.l(_printf_oct_int_ll.o)
    0x08000cc0   0x08000cc0   0x00000094   Code   RO         3572    .text               c_w.l(_printf_hex_int_ll_ptr.o)
    0x08000d54   0x08000d54   0x00000188   Code   RO         3592    .text               c_w.l(__printf_flags_ss_wp.o)
    0x08000edc   0x08000edc   0x00000008   Code   RO         3618    .text               c_w.l(ferror.o)
    0x08000ee4   0x08000ee4   0x0000004e   Code   RO         3622    .text               c_w.l(rt_memclr_w.o)
    0x08000f32   0x08000f32   0x00000002   PAD
    0x08000f34   0x08000f34   0x00000080   Code   RO         3624    .text               c_w.l(strcmpv7m.o)
    0x08000fb4   0x08000fb4   0x0000004a   Code   RO         3679    .text               c_w.l(sys_stackheap_outer.o)
    0x08000ffe   0x08000ffe   0x0000008a   Code   RO         3681    .text               c_w.l(lludiv10.o)
    0x08001088   0x08001088   0x000000b2   Code   RO         3683    .text               c_w.l(_printf_intcommon.o)
    0x0800113a   0x0800113a   0x0000041e   Code   RO         3685    .text               c_w.l(_printf_fp_dec.o)
    0x08001558   0x08001558   0x000002fc   Code   RO         3687    .text               c_w.l(_printf_fp_hex.o)
    0x08001854   0x08001854   0x0000002c   Code   RO         3692    .text               c_w.l(_printf_char.o)
    0x08001880   0x08001880   0x0000002c   Code   RO         3694    .text               c_w.l(_printf_wchar.o)
    0x080018ac   0x080018ac   0x00000040   Code   RO         3697    .text               c_w.l(_wcrtomb.o)
    0x080018ec   0x080018ec   0x00000012   Code   RO         3699    .text               c_w.l(exit.o)
    0x080018fe   0x080018fe   0x00000002   PAD
    0x08001900   0x08001900   0x00000010   Code   RO         3713    .text               c_w.l(rt_ctype_table.o)
    0x08001910   0x08001910   0x00000080   Code   RO         3715    .text               c_w.l(_printf_fp_infnan.o)
    0x08001990   0x08001990   0x000000e4   Code   RO         3717    .text               c_w.l(bigflt0.o)
    0x08001a74   0x08001a74   0x0000003e   Code   RO         3720    CL$$btod_d2e        c_w.l(btod.o)
    0x08001ab2   0x08001ab2   0x00000046   Code   RO         3722    CL$$btod_d2e_denorm_low  c_w.l(btod.o)
    0x08001af8   0x08001af8   0x00000060   Code   RO         3721    CL$$btod_d2e_norm_op1  c_w.l(btod.o)
    0x08001b58   0x08001b58   0x00000338   Code   RO         3730    CL$$btod_div_common  c_w.l(btod.o)
    0x08001e90   0x08001e90   0x000000dc   Code   RO         3727    CL$$btod_e2e        c_w.l(btod.o)
    0x08001f6c   0x08001f6c   0x0000002a   Code   RO         3724    CL$$btod_ediv       c_w.l(btod.o)
    0x08001f96   0x08001f96   0x0000002a   Code   RO         3723    CL$$btod_emul       c_w.l(btod.o)
    0x08001fc0   0x08001fc0   0x00000244   Code   RO         3729    CL$$btod_mult_common  c_w.l(btod.o)
    0x08002204   0x08002204   0x00000012   Code   RO          701    i.BKP_DeInit        stm32f10x_bkp.o
    0x08002216   0x08002216   0x00000002   PAD
    0x08002218   0x08002218   0x00000010   Code   RO          706    i.BKP_ReadBackupRegister  stm32f10x_bkp.o
    0x08002228   0x08002228   0x00000010   Code   RO          710    i.BKP_WriteBackupRegister  stm32f10x_bkp.o
    0x08002238   0x08002238   0x00000002   Code   RO          131    i.BusFault_Handler  stm32f10x_it.o
    0x0800223a   0x0800223a   0x00000002   Code   RO          132    i.DebugMon_Handler  stm32f10x_it.o
    0x0800223c   0x0800223c   0x0000009c   Code   RO         1590    i.GPIO_Init         stm32f10x_gpio.o
    0x080022d8   0x080022d8   0x00000002   Code   RO          133    i.HardFault_Handler  stm32f10x_it.o
    0x080022da   0x080022da   0x00000002   PAD
    0x080022dc   0x080022dc   0x00000024   Code   RO          320    i.Max485_init       bsp_usart.o
    0x08002300   0x08002300   0x00000002   Code   RO          134    i.MemManage_Handler  stm32f10x_it.o
    0x08002302   0x08002302   0x00000002   Code   RO          135    i.NMI_Handler       stm32f10x_it.o
    0x08002304   0x08002304   0x00000064   Code   RO          441    i.NVIC_Init         misc.o
    0x08002368   0x08002368   0x00000014   Code   RO          442    i.NVIC_PriorityGroupConfig  misc.o
    0x0800237c   0x0800237c   0x0000000c   Code   RO         1944    i.PWR_BackupAccessCmd  stm32f10x_pwr.o
    0x08002388   0x08002388   0x00000002   Code   RO          136    i.PendSV_Handler    stm32f10x_it.o
    0x0800238a   0x0800238a   0x00000002   PAD
    0x0800238c   0x0800238c   0x00000018   Code   RO         2006    i.RCC_APB1PeriphClockCmd  stm32f10x_rcc.o
    0x080023a4   0x080023a4   0x00000018   Code   RO         2008    i.RCC_APB2PeriphClockCmd  stm32f10x_rcc.o
    0x080023bc   0x080023bc   0x0000000c   Code   RO         2011    i.RCC_BackupResetCmd  stm32f10x_rcc.o
    0x080023c8   0x080023c8   0x00000094   Code   RO         2016    i.RCC_GetClocksFreq  stm32f10x_rcc.o
    0x0800245c   0x0800245c   0x00000030   Code   RO         2017    i.RCC_GetFlagStatus  stm32f10x_rcc.o
    0x0800248c   0x0800248c   0x00000020   Code   RO         2024    i.RCC_LSEConfig     stm32f10x_rcc.o
    0x080024ac   0x080024ac   0x0000000c   Code   RO         2031    i.RCC_RTCCLKCmd     stm32f10x_rcc.o
    0x080024b8   0x080024b8   0x00000010   Code   RO         2032    i.RCC_RTCCLKConfig  stm32f10x_rcc.o
    0x080024c8   0x080024c8   0x00000010   Code   RO         2205    i.RTC_ClearITPendingBit  stm32f10x_rtc.o
    0x080024d8   0x080024d8   0x000000d4   Code   RO         3390    i.RTC_Configuration  rtc.o
    0x080025ac   0x080025ac   0x00000010   Code   RO         2206    i.RTC_EnterConfigMode  stm32f10x_rtc.o
    0x080025bc   0x080025bc   0x00000010   Code   RO         2207    i.RTC_ExitConfigMode  stm32f10x_rtc.o
    0x080025cc   0x080025cc   0x00000014   Code   RO         2208    i.RTC_GetCounter    stm32f10x_rtc.o
    0x080025e0   0x080025e0   0x00000020   Code   RO         2211    i.RTC_GetITStatus   stm32f10x_rtc.o
    0x08002600   0x08002600   0x00000060   Code   RO          137    i.RTC_IRQHandler    stm32f10x_it.o
    0x08002660   0x08002660   0x00000018   Code   RO         2212    i.RTC_ITConfig      stm32f10x_rtc.o
    0x08002678   0x08002678   0x00000170   Code   RO         3391    i.RTC_Init          rtc.o
    0x080027e8   0x080027e8   0x00000028   Code   RO         3392    i.RTC_NVIC_Configuration  rtc.o
    0x08002810   0x08002810   0x00000040   Code   RO         3393    i.RTC_ReadTime      rtc.o
    0x08002850   0x08002850   0x00000020   Code   RO         2214    i.RTC_SetCounter    stm32f10x_rtc.o
    0x08002870   0x08002870   0x00000020   Code   RO         2215    i.RTC_SetPrescaler  stm32f10x_rtc.o
    0x08002890   0x08002890   0x00000010   Code   RO         2216    i.RTC_WaitForLastTask  stm32f10x_rtc.o
    0x080028a0   0x080028a0   0x00000018   Code   RO         2217    i.RTC_WaitForSynchro  stm32f10x_rtc.o
    0x080028b8   0x080028b8   0x00000090   Code   RO         3439    i.SPI2_Init         spi_dma.o
    0x08002948   0x08002948   0x00000014   Code   RO         2484    i.SPI_Cmd           stm32f10x_spi.o
    0x0800295c   0x0800295c   0x00000038   Code   RO         2497    i.SPI_Init          stm32f10x_spi.o
    0x08002994   0x08002994   0x00000002   Code   RO          138    i.SVC_Handler       stm32f10x_it.o
    0x08002996   0x08002996   0x00000002   PAD
    0x08002998   0x08002998   0x000000a8   Code   RO          210    i.SetSysClockTo72   system_stm32f10x.o
    0x08002a40   0x08002a40   0x00000018   Code   RO          445    i.SysTick_CLKSourceConfig  misc.o
    0x08002a58   0x08002a58   0x00000002   Code   RO          139    i.SysTick_Handler   stm32f10x_it.o
    0x08002a5a   0x08002a5a   0x00000002   PAD
    0x08002a5c   0x08002a5c   0x00000050   Code   RO          212    i.SystemInit        system_stm32f10x.o
    0x08002aac   0x08002aac   0x00000044   Code   RO         3394    i.Time_Adjust       rtc.o
    0x08002af0   0x08002af0   0x00000030   Code   RO          140    i.USART3_IRQHandler  stm32f10x_it.o
    0x08002b20   0x08002b20   0x00000006   Code   RO         3156    i.USART_ClearFlag   stm32f10x_usart.o
    0x08002b26   0x08002b26   0x00000014   Code   RO         3160    i.USART_Cmd         stm32f10x_usart.o
    0x08002b3a   0x08002b3a   0x00000002   PAD
    0x08002b3c   0x08002b3c   0x000000b0   Code   RO          321    i.USART_Config      bsp_usart.o
    0x08002bec   0x08002bec   0x0000000e   Code   RO         3163    i.USART_GetFlagStatus  stm32f10x_usart.o
    0x08002bfa   0x08002bfa   0x0000003e   Code   RO         3164    i.USART_GetITStatus  stm32f10x_usart.o
    0x08002c38   0x08002c38   0x00000030   Code   RO         3166    i.USART_ITConfig    stm32f10x_usart.o
    0x08002c68   0x08002c68   0x000000ac   Code   RO         3167    i.USART_Init        stm32f10x_usart.o
    0x08002d14   0x08002d14   0x00000008   Code   RO         3174    i.USART_ReceiveData  stm32f10x_usart.o
    0x08002d1c   0x08002d1c   0x00000008   Code   RO         3177    i.USART_SendData    stm32f10x_usart.o
    0x08002d24   0x08002d24   0x00000002   Code   RO          141    i.UsageFault_Handler  stm32f10x_it.o
    0x08002d26   0x08002d26   0x00000016   Code   RO          323    i.Usart_SendByte    bsp_usart.o
    0x08002d3c   0x08002d3c   0x00000050   Code   RO          325    i.Usart_SendStr     bsp_usart.o
    0x08002d8c   0x08002d8c   0x00000028   Code   RO         3752    i.__ARM_fpclassify  m_ws.l(fpclassify.o)
    0x08002db4   0x08002db4   0x0000000e   Code   RO         3585    i._is_digit         c_w.l(__printf_wp.o)
    0x08002dc2   0x08002dc2   0x00000002   Code   RO          326    i._sys_exit         bsp_usart.o
    0x08002dc4   0x08002dc4   0x0000003c   Code   RO          239    i.delay_init        delay.o
    0x08002e00   0x08002e00   0x00000034   Code   RO          241    i.delay_us          delay.o
    0x08002e34   0x08002e34   0x00000024   Code   RO          328    i.fputc             bsp_usart.o
    0x08002e58   0x08002e58   0x00000016   Code   RO            1    i.main              main.o
    0x08002e6e   0x08002e6e   0x00000002   PAD
    0x08002e70   0x08002e70   0x0000002c   Code   RO         3504    locale$$code        c_w.l(lc_time_c.o)
    0x08002e9c   0x08002e9c   0x0000002c   Code   RO         3743    locale$$code        c_w.l(lc_numeric_c.o)
    0x08002ec8   0x08002ec8   0x0000002c   Code   RO         3766    locale$$code        c_w.l(lc_ctype_c.o)
    0x08002ef4   0x08002ef4   0x00000004   Code   RO         3671    x$fpl$printf1       fz_ws.l(printf1.o)
    0x08002ef8   0x08002ef8   0x00000004   Code   RO         3673    x$fpl$printf2       fz_ws.l(printf2.o)
    0x08002efc   0x08002efc   0x00000000   Code   RO         3751    x$fpl$usenofp       fz_ws.l(usenofp.o)
    0x08002efc   0x08002efc   0x0000000c   Data   RO         3506    .constdata          c_w.l(_monlen.o)
    0x08002f08   0x08002f08   0x00000008   Data   RO         3544    .constdata          c_w.l(_printf_wctomb.o)
    0x08002f10   0x08002f10   0x00000028   Data   RO         3573    .constdata          c_w.l(_printf_hex_int_ll_ptr.o)
    0x08002f38   0x08002f38   0x00000011   Data   RO         3593    .constdata          c_w.l(__printf_flags_ss_wp.o)
    0x08002f49   0x08002f49   0x00000026   Data   RO         3688    .constdata          c_w.l(_printf_fp_hex.o)
    0x08002f6f   0x08002f6f   0x00000001   PAD
    0x08002f70   0x08002f70   0x00000094   Data   RO         3718    .constdata          c_w.l(bigflt0.o)
    0x08003004   0x08003004   0x00000020   Data   RO         3824    Region$$Table       anon$$obj.o
    0x08003024   0x08003024   0x00000180   Data   RO         3503    locale$$data        c_w.l(lc_time_c.o)
    0x080031a4   0x080031a4   0x0000001c   Data   RO         3742    locale$$data        c_w.l(lc_numeric_c.o)
    0x080031c0   0x080031c0   0x00000110   Data   RO         3765    locale$$data        c_w.l(lc_ctype_c.o)


    Execution Region ER_RW (Exec base: 0x20000000, Load base: 0x080032d0, Size: 0x00000044, Max: 0xffffffff, ABSOLUTE)

    Exec Addr    Load Addr    Size         Type   Attr      Idx    E Section Name        Object

    0x20000000   0x080032d0   0x00000001   Data   RW          143    .data               stm32f10x_it.o
    0x20000001   0x080032d1   0x00000003   PAD
    0x20000004   0x080032d4   0x00000014   Data   RW          213    .data               system_stm32f10x.o
    0x20000018   0x080032e8   0x00000004   Data   RW          242    .data               delay.o
    0x2000001c   0x080032ec   0x00000004   Data   RW          329    .data               bsp_usart.o
    0x20000020   0x080032f0   0x00000014   Data   RW         2036    .data               stm32f10x_rcc.o
    0x20000034   0x08003304   0x0000000c   Data   RW         3396    .data               rtc.o
    0x20000040   0x08003310   0x00000004   Data   RW         3397    .data               rtc.o


    Execution Region ER_ZI (Exec base: 0x20000044, Load base: 0x08003314, Size: 0x000006dc, Max: 0xffffffff, ABSOLUTE)

    Exec Addr    Load Addr    Size         Type   Attr      Idx    E Section Name        Object

    0x20000044        -       0x00000050   Zero   RW         3395    .bss                rtc.o
    0x20000094        -       0x0000002c   Zero   RW         3481    .bss                c_w.l(localtime.o)
    0x200000c0        -       0x00000060   Zero   RW         3510    .bss                c_w.l(libspace.o)
    0x20000120        -       0x00000200   Zero   RW          435    HEAP                startup_stm32f10x_hd.o
    0x20000320        -       0x00000400   Zero   RW          434    STACK               startup_stm32f10x_hd.o


==============================================================================

Image component sizes


      Code (inc. data)   RO Data    RW Data    ZI Data      Debug   Object Name

       352         24          0          4          0       5140   bsp_usart.o
       112         20          0          4          0     205836   delay.o
        22          0          0          0          0      34867   main.o
       144         16          0          0          0       1977   misc.o
       752        204          0         16         80       4251   rtc.o
       144          8          0          0          0        588   spi_dma.o
        64         26        304          0       1536        776   startup_stm32f10x_hd.o
        50          8          0          0          0       2552   stm32f10x_bkp.o
       156          0          0          0          0       1964   stm32f10x_gpio.o
       162         26          0          1          0       4612   stm32f10x_it.o
        12          6          0          0          0        482   stm32f10x_pwr.o
       316         56          0         20          0       7006   stm32f10x_rcc.o
       228         50          0          0          0       5346   stm32f10x_rtc.o
        76          0          0          0          0       2069   stm32f10x_spi.o
       338          6          0          0          0       6679   stm32f10x_usart.o
         0          0          0          0          0         32   sys.o
       248         24          0         20          0       1617   system_stm32f10x.o

    ----------------------------------------------------------------------
      3190        474        336         68       1616     285794   Object Totals
         0          0         32          0          0          0   (incl. Generated)
        14          0          0          3          0          0   (incl. Padding)

    ----------------------------------------------------------------------

      Code (inc. data)   RO Data    RW Data    ZI Data      Debug   Library Member Name

        24          4          0          0          0         84   __2printf.o
         8          0          0          0          0         68   __main.o
       392          4         17          0          0         92   __printf_flags_ss_wp.o
        14          0          0          0          0         68   __printf_wp.o
         0          0          0          0          0          0   __rtentry.o
        12          0          0          0          0          0   __rtentry2.o
         6          0          0          0          0          0   __rtentry4.o
        52          8          0          0          0          0   __scatter.o
        26          0          0          0          0          0   __scatter_copy.o
        28          0          0          0          0          0   __scatter_zi.o
         0          0         12          0          0          0   _monlen.o
         6          0          0          0          0          0   _printf_a.o
         6          0          0          0          0          0   _printf_c.o
        44          0          0          0          0        108   _printf_char.o
        48          6          0          0          0         96   _printf_char_common.o
        36          4          0          0          0         80   _printf_char_file.o
        40          0          0          0          0         68   _printf_charcount.o
         6          0          0          0          0          0   _printf_d.o
       120         16          0          0          0         92   _printf_dec.o
         6          0          0          0          0          0   _printf_e.o
         6          0          0          0          0          0   _printf_f.o
      1054          0          0          0          0        216   _printf_fp_dec.o
       764          8         38          0          0        100   _printf_fp_hex.o
       128         16          0          0          0         84   _printf_fp_infnan.o
         6          0          0          0          0          0   _printf_g.o
       148          4         40          0          0        160   _printf_hex_int_ll_ptr.o
         6          0          0          0          0          0   _printf_i.o
       178          0          0          0          0         88   _printf_intcommon.o
        10          0          0          0          0          0   _printf_l.o
         6          0          0          0          0          0   _printf_lc.o
        10          0          0          0          0          0   _printf_ll.o
         6          0          0          0          0          0   _printf_lld.o
         6          0          0          0          0          0   _printf_lli.o
         6          0          0          0          0          0   _printf_llo.o
         6          0          0          0          0          0   _printf_llu.o
         6          0          0          0          0          0   _printf_llx.o
       124         16          0          0          0         92   _printf_longlong_dec.o
         6          0          0          0          0          0   _printf_ls.o
         6          0          0          0          0          0   _printf_n.o
         6          0          0          0          0          0   _printf_o.o
       112         10          0          0          0        124   _printf_oct_int_ll.o
         6          0          0          0          0          0   _printf_p.o
        78          0          0          0          0        108   _printf_pad.o
         0          0          0          0          0          0   _printf_percent.o
         4          0          0          0          0          0   _printf_percent_end.o
         6          0          0          0          0          0   _printf_s.o
        82          0          0          0          0         80   _printf_str.o
        36          0          0          0          0         84   _printf_truncate.o
         6          0          0          0          0          0   _printf_u.o
        44          0          0          0          0        108   _printf_wchar.o
       188          6          8          0          0         92   _printf_wctomb.o
         6          0          0          0          0          0   _printf_x.o
        10          0          0          0          0         68   _sputc.o
        64          0          0          0          0         92   _wcrtomb.o
       228          4        148          0          0         96   bigflt0.o
      1936        128          0          0          0        672   btod.o
        18          0          0          0          0         80   exit.o
         8          0          0          0          0         68   ferror.o
         6          0          0          0          0        152   heapauxi.o
        44         10        272          0          0         76   lc_ctype_c.o
        44         10         28          0          0         76   lc_numeric_c.o
        44         10        384          0          0         76   lc_time_c.o
         2          0          0          0          0          0   libinit.o
        40          0          0          0          0          0   libinit2.o
         2          0          0          0          0          0   libshutdown.o
         2          0          0          0          0          0   libshutdown2.o
         8          4          0          0         96         68   libspace.o
       138          0          0          0          0         80   lludiv10.o
        12          6          0          0         44         68   localtime.o
       184          6          0          0          0         80   localtime_internal.o
       428         10          0          0          0        116   mktime.o
        16          4          0          0          0         76   rt_ctype_table.o
         8          4          0          0          0         68   rt_locale_intlibspace.o
        78          0          0          0          0         80   rt_memclr_w.o
       100          0          0          0          0         80   rt_memcpy_w.o
         2          0          0          0          0          0   rtexit.o
        10          0          0          0          0          0   rtexit2.o
        44          6          0          0          0         84   sprintf.o
       128          0          0          0          0         68   strcmpv7m.o
       864        122          0          0          0        184   strftime.o
        74          0          0          0          0         80   sys_stackheap_outer.o
         2          0          0          0          0         68   use_no_semi.o
         2          0          0          0          0         68   use_no_semi_2.o
         4          0          0          0          0         68   printf1.o
         4          0          0          0          0         68   printf2.o
         0          0          0          0          0          0   usenofp.o
        40          0          0          0          0         68   fpclassify.o

    ----------------------------------------------------------------------
      8534        426        948          0        140       5020   Library Totals
        10          0          1          0          0          0   (incl. Padding)

    ----------------------------------------------------------------------

      Code (inc. data)   RO Data    RW Data    ZI Data      Debug   Library Name

      8476        426        947          0        140       4816   c_w.l
         8          0          0          0          0        136   fz_ws.l
        40          0          0          0          0         68   m_ws.l

    ----------------------------------------------------------------------
      8534        426        948          0        140       5020   Library Totals

    ----------------------------------------------------------------------

==============================================================================


      Code (inc. data)   RO Data    RW Data    ZI Data      Debug   

     11724        900       1284         68       1756     285090   Grand Totals
     11724        900       1284         68       1756     285090   ELF Image Totals
     11724        900       1284         68          0          0   ROM Totals

==============================================================================

    Total RO  Size (Code + RO Data)                13008 (  12.70kB)
    Total RW  Size (RW Data + ZI Data)              1824 (   1.78kB)
    Total ROM Size (Code + RO Data + RW Data)      13076 (  12.77kB)

==============================================================================

